<html>
<body>
<pre>
<h1>µVision Build Log</h1>
<h2>Tool Versions:</h2>
IDE-Version: µVision V5.22.0.0
Copyright (C) 2016 ARM Ltd and ARM Germany GmbH. All rights reserved.
License Information: Ahmed Essam Sobhy, non, LIC=Z3CX7-E8L1W-MQT0F-6Q06U-8WHZS-X42Y0
 
Tool Versions:
Toolchain:       MDK-ARM Professional  Version: 5.22
Toolchain Path:  D:\Keil_v5\ARM\ARMCC\Bin
C Compiler:      Armcc.exe V5.06 update 4 (build 422)
Assembler:       Armasm.exe V5.06 update 4 (build 422)
Linker/Locator:  ArmLink.exe V5.06 update 4 (build 422)
Library Manager: ArmAr.exe V5.06 update 4 (build 422)
Hex Converter:   FromElf.exe V5.06 update 4 (build 422)
CPU DLL:         SARMCM3.DLL V5.22
Dialog DLL:      DCM.DLL V1.13.9.0
Target DLL:      lmidk-agdi.dll V???
Dialog DLL:      TCM.DLL V1.21.0.0
 
<h2>Project:</h2>
D:\Projects\Tank_Monitor_ECU\Tank_Monitor_ECU.uvprojx
Project File Date:  05/18/2017

<h2>Output:</h2>
*** Using Compiler 'V5.06 update 4 (build 422)', folder: 'D:\Keil_v5\ARM\ARMCC\Bin'
Rebuild target 'Tank_Monitor_ECU'
compiling btnmr.c...
compiling btn.c...
compiling Tank_Monitor_ECU.c...
compiling LCD20x04.c...
compiling cancom.c...
compiling lcdmr.c...
compiling rtc.c...
compiling list.c...
compiling queue.c...
compiling delay.c...
compiling port.c...
compiling tasks.c...
compiling heap_2.c...
assembling startup_rvmdk.S...
compiling uartstdio.c...
compiling ustdlib.c...
compiling can.c...
compiling buttonspoll_task.c...
compiling display_task.c...
compiling txrx_task.c...
linking...
Program Size: Code=13544 RO-data=1668 RW-data=1644 ZI-data=31068  
".\Objects\Tank_Monitor_ECU.axf" - 0 Error(s), 0 Warning(s).

<h2>Software Packages used:</h2>

Package Vendor: ARM
                http://www.keil.com/pack/ARM.CMSIS.5.0.0.pack
                ARM::CMSIS:CORE:5.0.0
                CMSIS (Cortex Microcontroller Software Interface Standard)
   * Component: CORE Version: 5.0.0

<h2>Collection of Component include folders:</h2>
  D:\Projects\Tank_Monitor_ECU\RTE\_Tank_Monitor_ECU
  D:\Keil_v5\ARM\PACK\ARM\CMSIS\5.0.0\CMSIS\Include
  D:\Keil_v5\ARM\PACK\Keil\TM4C_DFP\1.1.0\Device\Include\TM4C123

<h2>Collection of Component Files used:</h2>

   * Component: ARM::CMSIS:CORE:5.0.0
Build Time Elapsed:  00:00:03
</pre>
</body>
</html>
