<html>
<body>
<pre>
<h1>µVision Build Log</h1>
<h2>Tool Versions:</h2>
IDE-Version: µVision V5.22.0.0
Copyright (C) 2016 ARM Ltd and ARM Germany GmbH. All rights reserved.
License Information: Ahmed Essam Sobhy, non, LIC=Z3CX7-E8L1W-MQT0F-6Q06U-8WHZS-X42Y0
 
Tool Versions:
Toolchain:       MDK-ARM Professional  Version: 5.22
Toolchain Path:  D:\Keil_v5\ARM\ARMCC\Bin
C Compiler:      Armcc.exe V5.06 update 4 (build 422)
Assembler:       Armasm.exe V5.06 update 4 (build 422)
Linker/Locator:  ArmLink.exe V5.06 update 4 (build 422)
Library Manager: ArmAr.exe V5.06 update 4 (build 422)
Hex Converter:   FromElf.exe V5.06 update 4 (build 422)
CPU DLL:         SARMCM3.DLL V5.22
Dialog DLL:      DCM.DLL V1.13.9.0
Target DLL:      lmidk-agdi.dll V???
Dialog DLL:      TCM.DLL V1.21.0.0
 
<h2>Project:</h2>
D:\Projects\Tank_Monitor_ECU\Tank_Monitor_ECU.uvprojx
Project File Date:  05/17/2017

<h2>Output:</h2>
*** Using Compiler 'V5.06 update 4 (build 422)', folder: 'D:\Keil_v5\ARM\ARMCC\Bin'
Rebuild target 'Tank_Monitor_ECU'
compiling btnmr.c...
compiling btn.c...
compiling Tank_Monitor_ECU.c...
display_task.h(26): warning:  #1-D: last line of file ends without a newline
  #endif 
Tank_Monitor_ECU.c(541): warning:  #177-D: function "DispCal_Task"  was declared but never referenced
  static void DispCal_Task( void *pvparameters )
Tank_Monitor_ECU.c(595): warning:  #177-D: function "DisplayT1_Task"  was declared but never referenced
  static void DisplayT1_Task( void *pvparameters )
Tank_Monitor_ECU.c(632): warning:  #177-D: function "DisplayT2_Task"  was declared but never referenced
  static void DisplayT2_Task( void *pvparameters )
Tank_Monitor_ECU.c(669): warning:  #177-D: function "DisplayT3_Task"  was declared but never referenced
  static void DisplayT3_Task( void *pvparameters )
Tank_Monitor_ECU.c(707): warning:  #177-D: function "DisplayT4_Task"  was declared but never referenced
  static void DisplayT4_Task( void *pvparameters )
Tank_Monitor_ECU.c(746): warning:  #177-D: function "DisplayT5_Task"  was declared but never referenced
  static void DisplayT5_Task( void *pvparameters )
Tank_Monitor_ECU.c(783): warning:  #177-D: function "DisplayT6_Task"  was declared but never referenced
  static void DisplayT6_Task( void *pvparameters )
Tank_Monitor_ECU.c: 8 warnings, 0 errors
compiling cancom.c...
compiling LCD20x04.c...
compiling lcdmr.c...
compiling rtc.c...
compiling list.c...
compiling queue.c...
compiling delay.c...
compiling port.c...
compiling heap_2.c...
compiling tasks.c...
assembling startup_rvmdk.S...
compiling ustdlib.c...
compiling uartstdio.c...
compiling can.c...
compiling display_task.c...
compiling buttonspoll_task.c...
linking...
Program Size: Code=14056 RO-data=1668 RW-data=1644 ZI-data=31012  
".\Objects\Tank_Monitor_ECU.axf" - 0 Error(s), 8 Warning(s).

<h2>Software Packages used:</h2>

Package Vendor: ARM
                http://www.keil.com/pack/ARM.CMSIS.5.0.0.pack
                ARM::CMSIS:CORE:5.0.0
                CMSIS (Cortex Microcontroller Software Interface Standard)
   * Component: CORE Version: 5.0.0

<h2>Collection of Component include folders:</h2>
  D:\Projects\Tank_Monitor_ECU\RTE\_Tank_Monitor_ECU
  D:\Keil_v5\ARM\PACK\ARM\CMSIS\5.0.0\CMSIS\Include
  D:\Keil_v5\ARM\PACK\Keil\TM4C_DFP\1.1.0\Device\Include\TM4C123

<h2>Collection of Component Files used:</h2>

   * Component: ARM::CMSIS:CORE:5.0.0
Build Time Elapsed:  00:00:02
</pre>
</body>
</html>
