Component: ARM Compiler 5.06 update 4 (build 422) Tool: armlink [4d35d2]

==============================================================================

Section Cross References

    tank_monitor_ecu.o(i.CANIntHandler) refers to can.o(i.CANIntStatus) for CANIntStatus
    tank_monitor_ecu.o(i.CANIntHandler) refers to can.o(i.CANIntClear) for CANIntClear
    tank_monitor_ecu.o(i.CANIntHandler) refers to can.o(i.CANStatusGet) for CANStatusGet
    tank_monitor_ecu.o(i.CANIntHandler) refers to tasks.o(i.vTaskNotifyGiveFromISR) for vTaskNotifyGiveFromISR
    tank_monitor_ecu.o(i.CANIntHandler) refers to tank_monitor_ecu.o(.data) for .data
    tank_monitor_ecu.o(i.ConfigureUART) refers to uart.o(i.UARTClockSourceSet) for UARTClockSourceSet
    tank_monitor_ecu.o(i.ConfigureUART) refers to uartstdio.o(i.UARTStdioConfig) for UARTStdioConfig
    tank_monitor_ecu.o(i.Rx_Task) refers to cancom.o(i.CANCom_Master_Init) for CANCom_Master_Init
    tank_monitor_ecu.o(i.Rx_Task) refers to tasks.o(i.ulTaskNotifyTake) for ulTaskNotifyTake
    tank_monitor_ecu.o(i.Rx_Task) refers to cancom.o(i.ReceiveData) for ReceiveData
    tank_monitor_ecu.o(i.Rx_Task) refers to queue.o(i.xQueueGenericSend) for xQueueGenericSend
    tank_monitor_ecu.o(i.Rx_Task) refers to uartstdio.o(i.UARTprintf) for UARTprintf
    tank_monitor_ecu.o(i.Rx_Task) refers to tank_monitor_ecu.o(.data) for .data
    tank_monitor_ecu.o(i.Tx_Task) refers to tasks.o(i.xTaskGetTickCount) for xTaskGetTickCount
    tank_monitor_ecu.o(i.Tx_Task) refers to tasks.o(i.vTaskDelayUntil) for vTaskDelayUntil
    tank_monitor_ecu.o(i.Tx_Task) refers to uartstdio.o(i.UARTprintf) for UARTprintf
    tank_monitor_ecu.o(i.Tx_Task) refers to cancom.o(i.TransmitSync) for TransmitSync
    tank_monitor_ecu.o(i.main) refers to sysctl.o(i.SysCtlClockSet) for SysCtlClockSet
    tank_monitor_ecu.o(i.main) refers to tank_monitor_ecu.o(i.ConfigureUART) for ConfigureUART
    tank_monitor_ecu.o(i.main) refers to rtc.o(i.Rtc_Init) for Rtc_Init
    tank_monitor_ecu.o(i.main) refers to lcdmr.o(i.LcdMr_Init) for LcdMr_Init
    tank_monitor_ecu.o(i.main) refers to uartstdio.o(i.UARTprintf) for UARTprintf
    tank_monitor_ecu.o(i.main) refers to queue.o(i.xQueueCreateMutex) for xQueueCreateMutex
    tank_monitor_ecu.o(i.main) refers to queue.o(i.xQueueGenericCreate) for xQueueGenericCreate
    tank_monitor_ecu.o(i.main) refers to tasks.o(i.xTaskGenericCreate) for xTaskGenericCreate
    tank_monitor_ecu.o(i.main) refers to buttonspoll_task.o(i.ButtonsPoll_Task_Init) for ButtonsPoll_Task_Init
    tank_monitor_ecu.o(i.main) refers to display_task.o(i.Display_Task_Init) for Display_Task_Init
    tank_monitor_ecu.o(i.main) refers to tasks.o(i.vTaskStartScheduler) for vTaskStartScheduler
    tank_monitor_ecu.o(i.main) refers to tank_monitor_ecu.o(.data) for .data
    tank_monitor_ecu.o(i.main) refers to tank_monitor_ecu.o(i.Tx_Task) for Tx_Task
    tank_monitor_ecu.o(i.main) refers to tank_monitor_ecu.o(i.Rx_Task) for Rx_Task
    tank_monitor_ecu.o(i.vApplicationTickHook) refers to tank_monitor_ecu.o(.data) for .data
    btn.o(i.Port1ReadBits) refers to gpio.o(i.GPIOPinRead) for GPIOPinRead
    btnmr.o(i.BtnMr) refers to btn.o(i.Port1ReadBits) for Port1ReadBits
    btnmr.o(i.BtnMr) refers to btn.o(i.ButtonProcess) for ButtonProcess
    btnmr.o(i.BtnMr) refers to btn.o(i.ButtonCurrent) for ButtonCurrent
    btnmr.o(i.BtnMr) refers to btn.o(i.ButtonReleased) for ButtonReleased
    btnmr.o(i.BtnMr) refers to btnmr.o(.bss) for .bss
    btnmr.o(i.BtnMr) refers to tank_monitor_ecu.o(.data) for ui32TickCounter
    btnmr.o(i.BtnMr) refers to btnmr.o(.data) for .data
    btnmr.o(i.BtnMr_Init) refers to btn.o(i.ButtonDebounceInit) for ButtonDebounceInit
    btnmr.o(i.BtnMr_Init) refers to btnmr.o(.bss) for .bss
    cancom.o(i.CANCom_Master_Init) refers to sysctl.o(i.SysCtlPeripheralEnable) for SysCtlPeripheralEnable
    cancom.o(i.CANCom_Master_Init) refers to gpio.o(i.GPIOPinConfigure) for GPIOPinConfigure
    cancom.o(i.CANCom_Master_Init) refers to gpio.o(i.GPIOPinTypeCAN) for GPIOPinTypeCAN
    cancom.o(i.CANCom_Master_Init) refers to can.o(i.CANInit) for CANInit
    cancom.o(i.CANCom_Master_Init) refers to sysctl.o(i.SysCtlClockGet) for SysCtlClockGet
    cancom.o(i.CANCom_Master_Init) refers to can.o(i.CANBitRateSet) for CANBitRateSet
    cancom.o(i.CANCom_Master_Init) refers to can.o(i.CANIntRegister) for CANIntRegister
    cancom.o(i.CANCom_Master_Init) refers to can.o(i.CANIntEnable) for CANIntEnable
    cancom.o(i.CANCom_Master_Init) refers to interrupt.o(i.IntEnable) for IntEnable
    cancom.o(i.CANCom_Master_Init) refers to can.o(i.CANEnable) for CANEnable
    cancom.o(i.CANCom_Master_Init) refers to can.o(i.CANMessageSet) for CANMessageSet
    cancom.o(i.CANCom_Master_Init) refers to tank_monitor_ecu.o(i.CANIntHandler) for CANIntHandler
    cancom.o(i.CANCom_Master_Init) refers to cancom.o(.bss) for .bss
    cancom.o(i.CANCom_Master_Init) refers to cancom.o(.data) for .data
[...]
    timer.o(i.TimerIntRegister) refers to timer.o(.constdata) for .constdata
    timer.o(i.TimerIntUnregister) refers to interrupt.o(i.IntDisable) for IntDisable
    timer.o(i.TimerIntUnregister) refers to interrupt.o(i.IntUnregister) for IntUnregister
    timer.o(i.TimerIntUnregister) refers to timer.o(.constdata) for .constdata
    uart.o(i.UARTIntRegister) refers to interrupt.o(i.IntRegister) for IntRegister
    uart.o(i.UARTIntRegister) refers to interrupt.o(i.IntEnable) for IntEnable
    uart.o(i.UARTIntRegister) refers to uart.o(.constdata) for .constdata
    uart.o(i.UARTIntUnregister) refers to interrupt.o(i.IntDisable) for IntDisable
    uart.o(i.UARTIntUnregister) refers to interrupt.o(i.IntUnregister) for IntUnregister
    uart.o(i.UARTIntUnregister) refers to uart.o(.constdata) for .constdata
    entry.o(.ARM.Collect$$$$00000000) refers (Special) to entry10a.o(.ARM.Collect$$$$0000000D) for __rt_final_cpp
    entry.o(.ARM.Collect$$$$00000000) refers (Special) to entry11a.o(.ARM.Collect$$$$0000000F) for __rt_final_exit
    entry.o(.ARM.Collect$$$$00000000) refers (Special) to entry7b.o(.ARM.Collect$$$$00000008) for _main_clock
    entry.o(.ARM.Collect$$$$00000000) refers (Special) to entry8b.o(.ARM.Collect$$$$0000000A) for _main_cpp_init
    entry.o(.ARM.Collect$$$$00000000) refers (Special) to entry9a.o(.ARM.Collect$$$$0000000B) for _main_init
    entry.o(.ARM.Collect$$$$00000000) refers (Special) to entry5.o(.ARM.Collect$$$$00000004) for _main_scatterload
    entry.o(.ARM.Collect$$$$00000000) refers (Special) to entry2.o(.ARM.Collect$$$$00000001) for _main_stk
    strftime.o(.text) refers to strftime.o(.constdata) for .constdata
    asctime_s.o(.text) refers to strftime.o(.text) for strftime
    asctime_s.o(.text) refers to asctime_s.o(.bss) for .bss
    entry2.o(.ARM.Collect$$$$00000001) refers to entry2.o(.ARM.Collect$$$$00002712) for __lit__00000000
    entry2.o(.ARM.Collect$$$$00002712) refers to startup_rvmdk.o(STACK) for __initial_sp
    entry2.o(__vectab_stack_and_reset_area) refers to startup_rvmdk.o(STACK) for __initial_sp
    entry2.o(__vectab_stack_and_reset_area) refers to entry.o(.ARM.Collect$$$$00000000) for __main
    entry5.o(.ARM.Collect$$$$00000004) refers to init.o(.text) for __scatterload
    entry9a.o(.ARM.Collect$$$$0000000B) refers to tank_monitor_ecu.o(i.main) for main
    entry9b.o(.ARM.Collect$$$$0000000C) refers to tank_monitor_ecu.o(i.main) for main
    init.o(.text) refers to entry5.o(.ARM.Collect$$$$00000004) for __main_after_scatterload


==============================================================================

Removing Unused input sections from the image.

    Removing tank_monitor_ecu.o(.data), (4 bytes).
    Removing tank_monitor_ecu.o(.data), (4 bytes).
    Removing tank_monitor_ecu.o(.data), (4 bytes).
    Removing tank_monitor_ecu.o(.data), (4 bytes).
    Removing btn.o(i.ButtonPressed), (12 bytes).
    Removing delay.o(.data), (4 bytes).
    Removing lcdmr.o(i.LcdCal), (180 bytes).
    Removing lcdmr.o(i.LcdMr), (248 bytes).
    Removing lcdmr.o(i.LcdMr_Setup_screen), (160 bytes).
    Removing rtc.o(.data), (4 bytes).
    Removing queue.o(i.ucQueueGetQueueType), (6 bytes).
    Removing queue.o(i.uxQueueGetQueueNumber), (4 bytes).
    Removing queue.o(i.uxQueueMessagesWaiting), (18 bytes).
    Removing queue.o(i.uxQueueMessagesWaitingFromISR), (4 bytes).
    Removing queue.o(i.uxQueueSpacesAvailable), (22 bytes).
    Removing queue.o(i.vQueueAddToRegistry), (36 bytes).
    Removing queue.o(i.vQueueDelete), (18 bytes).
    Removing queue.o(i.vQueueSetQueueNumber), (4 bytes).
    Removing queue.o(i.vQueueUnregisterQueue), (36 bytes).
    Removing queue.o(i.xQueueGenericSendFromISR), (96 bytes).
    Removing queue.o(i.xQueueGiveFromISR), (86 bytes).
    Removing queue.o(i.xQueueGiveMutexRecursive), (42 bytes).
    Removing queue.o(i.xQueueIsQueueEmptyFromISR), (12 bytes).
    Removing queue.o(i.xQueueIsQueueFullFromISR), (16 bytes).
    Removing queue.o(i.xQueuePeekFromISR), (44 bytes).
    Removing queue.o(i.xQueueReceiveFromISR), (88 bytes).
    Removing queue.o(i.xQueueTakeMutexRecursive), (50 bytes).
    Removing queue.o(.bss), (80 bytes).
    Removing tasks.o(i.prvListTaskWithinSingleList), (126 bytes).
    Removing tasks.o(i.prvTaskCheckFreeStackSpace), (20 bytes).
    Removing tasks.o(i.prvTaskIsTaskSuspended), (32 bytes).
    Removing tasks.o(i.uxTaskGetNumberOfTasks), (12 bytes).
    Removing tasks.o(i.uxTaskGetStackHighWaterMark), (16 bytes).
    Removing tasks.o(i.uxTaskGetSystemState), (152 bytes).
    Removing tasks.o(i.uxTaskGetTaskNumber), (8 bytes).
    Removing tasks.o(i.uxTaskPriorityGet), (28 bytes).
    Removing tasks.o(i.uxTaskPriorityGetFromISR), (36 bytes).
    Removing tasks.o(i.uxTaskResetEventItemValue), (24 bytes).
    Removing tasks.o(i.vTaskDelay), (84 bytes).
    Removing tasks.o(i.vTaskDelete), (144 bytes).
    Removing tasks.o(i.vTaskEndScheduler), (28 bytes).
    Removing tasks.o(i.vTaskPlaceOnUnorderedEventList), (88 bytes).
    Removing tasks.o(i.vTaskPrioritySet), (180 bytes).
    Removing tasks.o(i.vTaskResume), (112 bytes).
    Removing tasks.o(i.vTaskSetTaskNumber), (8 bytes).
    Removing tasks.o(i.vTaskSuspend), (160 bytes).
    Removing tasks.o(i.xTaskGenericNotify), (164 bytes).
    Removing tasks.o(i.xTaskGenericNotifyFromISR), (184 bytes).
    Removing tasks.o(i.xTaskGetCurrentTaskHandle), (12 bytes).
    Removing tasks.o(i.xTaskGetTickCountFromISR), (12 bytes).
    Removing tasks.o(i.xTaskNotifyStateClear), (48 bytes).
    Removing tasks.o(i.xTaskNotifyWait), (184 bytes).
    Removing tasks.o(i.xTaskRemoveFromUnorderedEventList), (80 bytes).
    Removing tasks.o(i.xTaskResumeFromISR), (120 bytes).
    Removing port.o(i.vPortEndScheduler), (2 bytes).
    Removing heap_2.o(i.vPortInitialiseBlocks), (2 bytes).
    Removing heap_2.o(i.xPortGetFreeHeapSize), (12 bytes).
    Removing uartstdio.o(i.UARTgetc), (24 bytes).
    Removing uartstdio.o(i.UARTgets), (132 bytes).
    Removing ustdlib.o(i.urand), (28 bytes).
    Removing ustdlib.o(i.usnprintf), (18 bytes).
    Removing ustdlib.o(i.usprintf), (22 bytes).
    Removing ustdlib.o(i.usrand), (12 bytes).
    Removing ustdlib.o(i.ustrcasecmp), (8 bytes).
    Removing ustdlib.o(i.ustrcmp), (8 bytes).
    Removing ustdlib.o(i.ustrlen), (16 bytes).
    Removing ustdlib.o(i.ustrncasecmp), (70 bytes).
    Removing ustdlib.o(i.ustrncmp), (46 bytes).
    Removing ustdlib.o(i.ustrncpy), (36 bytes).
    Removing ustdlib.o(i.ustrstr), (42 bytes).
    Removing ustdlib.o(i.ustrtof), (316 bytes).
    Removing ustdlib.o(i.ustrtoul), (158 bytes).
    Removing ustdlib.o(i.uvsnprintf), (592 bytes).
    Removing ustdlib.o(.data), (4 bytes).
    Removing startup_rvmdk.o(HEAP), (0 bytes).
    Removing startup_rvmdk.o(.text), (0 bytes).
    Removing can.o(i.CANBitTimingGet), (42 bytes).
    Removing can.o(i.CANBitTimingSet), (84 bytes).
    Removing can.o(i.CANDisable), (10 bytes).
    Removing can.o(i.CANErrCntrGet), (24 bytes).
    Removing can.o(i.CANIntDisable), (8 bytes).
    Removing can.o(i.CANIntUnregister), (22 bytes).
    Removing can.o(i.CANMessageClear), (24 bytes).
    Removing can.o(i.CANRetryGet), (14 bytes).
    Removing can.o(i.CANRetrySet), (18 bytes).
    Removing gpio.o(i.GPIOADCTriggerDisable), (14 bytes).
    Removing gpio.o(i.GPIOADCTriggerEnable), (12 bytes).
    Removing gpio.o(i.GPIODMATriggerDisable), (14 bytes).
    Removing gpio.o(i.GPIODMATriggerEnable), (12 bytes).
    Removing gpio.o(i.GPIODirModeGet), (34 bytes).
    Removing gpio.o(i.GPIOIntClear), (6 bytes).
    Removing gpio.o(i.GPIOIntDisable), (14 bytes).
    Removing gpio.o(i.GPIOIntEnable), (12 bytes).
    Removing gpio.o(i.GPIOIntRegister), (88 bytes).
    Removing gpio.o(i.GPIOIntStatus), (14 bytes).
    Removing gpio.o(i.GPIOIntTypeGet), (68 bytes).
    Removing gpio.o(i.GPIOIntTypeSet), (80 bytes).
    Removing gpio.o(i.GPIOIntUnregister), (88 bytes).
    Removing gpio.o(i.GPIOPadConfigGet), (204 bytes).
    Removing gpio.o(i.GPIOPinTypeADC), (28 bytes).
    Removing gpio.o(i.GPIOPinTypeComparator), (28 bytes).
    Removing gpio.o(i.GPIOPinTypeComparatorOutput), (28 bytes).
    Removing gpio.o(i.GPIOPinTypeDIVSCLK), (28 bytes).
    Removing gpio.o(i.GPIOPinTypeEPI), (28 bytes).
    Removing gpio.o(i.GPIOPinTypeEthernetLED), (28 bytes).
    Removing gpio.o(i.GPIOPinTypeEthernetMII), (28 bytes).
    Removing gpio.o(i.GPIOPinTypeGPIOInput), (28 bytes).
    Removing gpio.o(i.GPIOPinTypeGPIOOutputOD), (28 bytes).
    Removing gpio.o(i.GPIOPinTypeHibernateRTCCLK), (28 bytes).
    Removing gpio.o(i.GPIOPinTypeI2C), (28 bytes).
    Removing gpio.o(i.GPIOPinTypeI2CSCL), (28 bytes).
    Removing gpio.o(i.GPIOPinTypeLCD), (28 bytes).
    Removing gpio.o(i.GPIOPinTypeOneWire), (28 bytes).
    Removing gpio.o(i.GPIOPinTypePWM), (28 bytes).
    Removing gpio.o(i.GPIOPinTypeQEI), (28 bytes).
    Removing gpio.o(i.GPIOPinTypeSSI), (28 bytes).
    Removing gpio.o(i.GPIOPinTypeTimer), (28 bytes).
    Removing gpio.o(i.GPIOPinTypeTrace), (28 bytes).
    Removing gpio.o(i.GPIOPinTypeUART), (28 bytes).
    Removing gpio.o(i.GPIOPinTypeUSBAnalog), (28 bytes).
    Removing gpio.o(i.GPIOPinTypeUSBDigital), (28 bytes).
    Removing gpio.o(i.GPIOPinTypeWakeHigh), (30 bytes).
    Removing gpio.o(i.GPIOPinTypeWakeLow), (30 bytes).
    Removing gpio.o(i.GPIOPinWakeStatus), (6 bytes).
    Removing hibernate.o(i.HibernateBatCheckDone), (16 bytes).
    Removing hibernate.o(i.HibernateBatCheckStart), (24 bytes).
    Removing hibernate.o(i.HibernateCalendarGet), (120 bytes).
    Removing hibernate.o(i.HibernateCalendarMatchGet), (120 bytes).
    Removing hibernate.o(i.HibernateCalendarMatchSet), (12 bytes).
    Removing hibernate.o(i.HibernateCalendarSet), (12 bytes).
    Removing hibernate.o(i.HibernateCounterMode), (20 bytes).
    Removing hibernate.o(i.HibernateDataGet), (32 bytes).
    Removing hibernate.o(i.HibernateDataSet), (56 bytes).
    Removing hibernate.o(i.HibernateDisable), (24 bytes).
    Removing hibernate.o(i.HibernateGPIORetentionDisable), (28 bytes).
    Removing hibernate.o(i.HibernateGPIORetentionEnable), (28 bytes).
    Removing hibernate.o(i.HibernateGPIORetentionGet), (28 bytes).
    Removing hibernate.o(i.HibernateIntClear), (24 bytes).
    Removing hibernate.o(i.HibernateIntDisable), (24 bytes).
    Removing hibernate.o(i.HibernateIntEnable), (24 bytes).
    Removing hibernate.o(i.HibernateIntRegister), (52 bytes).
    Removing hibernate.o(i.HibernateIntStatus), (16 bytes).
    Removing hibernate.o(i.HibernateIntUnregister), (48 bytes).
    Removing hibernate.o(i.HibernateIsActive), (16 bytes).
    Removing hibernate.o(i.HibernateLowBatGet), (16 bytes).
    Removing hibernate.o(i.HibernateLowBatSet), (32 bytes).
    Removing hibernate.o(i.HibernateRTCDisable), (24 bytes).
    Removing hibernate.o(i.HibernateRTCMatchGet), (12 bytes).
    Removing hibernate.o(i.HibernateRTCMatchSet), (20 bytes).
    Removing hibernate.o(i.HibernateRTCSSGet), (16 bytes).
    Removing hibernate.o(i.HibernateRTCSSMatchGet), (12 bytes).
    Removing hibernate.o(i.HibernateRTCSSMatchSet), (20 bytes).
    Removing hibernate.o(i.HibernateRTCTrimGet), (12 bytes).
    Removing hibernate.o(i.HibernateRTCTrimSet), (20 bytes).
    Removing hibernate.o(i.HibernateRequest), (24 bytes).
    Removing hibernate.o(i.HibernateTamperDisable), (64 bytes).
    Removing hibernate.o(i.HibernateTamperEnable), (64 bytes).
    Removing hibernate.o(i.HibernateTamperEventsClear), (64 bytes).
    Removing hibernate.o(i.HibernateTamperEventsClearNoLock), (32 bytes).
    Removing hibernate.o(i.HibernateTamperEventsConfig), (72 bytes).
    Removing hibernate.o(i.HibernateTamperEventsGet), (84 bytes).
    Removing hibernate.o(i.HibernateTamperExtOscRecover), (64 bytes).
    Removing hibernate.o(i.HibernateTamperExtOscValid), (60 bytes).
    Removing hibernate.o(i.HibernateTamperIODisable), (72 bytes).
    Removing hibernate.o(i.HibernateTamperIOEnable), (84 bytes).
    Removing hibernate.o(i.HibernateTamperLock), (32 bytes).
    Removing hibernate.o(i.HibernateTamperStatusGet), (52 bytes).
    Removing hibernate.o(i.HibernateTamperUnLock), (28 bytes).
    Removing hibernate.o(i.HibernateWakeGet), (56 bytes).
    Removing hibernate.o(i.HibernateWakeSet), (108 bytes).
    Removing hibernate.o(i._HibernateCalendarSet), (268 bytes).
    Removing interrupt.o(i.IntDisable), (100 bytes).
    Removing interrupt.o(i.IntIsEnabled), (96 bytes).
    Removing interrupt.o(i.IntMasterDisable), (14 bytes).
    Removing interrupt.o(i.IntMasterEnable), (14 bytes).
    Removing interrupt.o(i.IntPendClear), (68 bytes).
    Removing interrupt.o(i.IntPendSet), (84 bytes).
    Removing interrupt.o(i.IntPriorityGet), (28 bytes).
    Removing interrupt.o(i.IntPriorityGroupingGet), (36 bytes).
    Removing interrupt.o(i.IntPriorityGroupingSet), (28 bytes).
    Removing interrupt.o(i.IntPriorityMaskGet), (4 bytes).
    Removing interrupt.o(i.IntPriorityMaskSet), (4 bytes).
    Removing interrupt.o(i.IntPrioritySet), (40 bytes).
    Removing interrupt.o(i.IntTrigger), (12 bytes).
    Removing interrupt.o(i.IntUnregister), (20 bytes).
    Removing interrupt.o(i._IntDefaultHandler), (2 bytes).
    Removing sysctl.o(i.SysCtlAltClkConfig), (12 bytes).
    Removing sysctl.o(i.SysCtlClockFreqSet), (708 bytes).
    Removing sysctl.o(i.SysCtlClockOutConfig), (20 bytes).
    Removing sysctl.o(i.SysCtlDeepSleep), (32 bytes).
    Removing sysctl.o(i.SysCtlDeepSleepClockConfigSet), (112 bytes).
    Removing sysctl.o(i.SysCtlDeepSleepClockSet), (12 bytes).
    Removing sysctl.o(i.SysCtlDeepSleepPowerSet), (12 bytes).
    Removing sysctl.o(i.SysCtlFlashSectorSizeGet), (56 bytes).
    Removing sysctl.o(i.SysCtlFlashSizeGet), (56 bytes).
    Removing sysctl.o(i.SysCtlGPIOAHBDisable), (28 bytes).
    Removing sysctl.o(i.SysCtlGPIOAHBEnable), (24 bytes).
    Removing sysctl.o(i.SysCtlIntClear), (12 bytes).
    Removing sysctl.o(i.SysCtlIntDisable), (16 bytes).
    Removing sysctl.o(i.SysCtlIntEnable), (16 bytes).
    Removing sysctl.o(i.SysCtlIntRegister), (20 bytes).
    Removing sysctl.o(i.SysCtlIntStatus), (16 bytes).
    Removing sysctl.o(i.SysCtlIntUnregister), (18 bytes).
    Removing sysctl.o(i.SysCtlLDODeepSleepGet), (12 bytes).
    Removing sysctl.o(i.SysCtlLDODeepSleepSet), (12 bytes).
    Removing sysctl.o(i.SysCtlLDOSleepGet), (12 bytes).
    Removing sysctl.o(i.SysCtlLDOSleepSet), (12 bytes).
    Removing sysctl.o(i.SysCtlMOSCConfigSet), (12 bytes).
    Removing sysctl.o(i.SysCtlNMIClear), (16 bytes).
    Removing sysctl.o(i.SysCtlNMIStatus), (12 bytes).
    Removing sysctl.o(i.SysCtlPIOSCCalibrate), (76 bytes).
    Removing sysctl.o(i.SysCtlPWMClockGet), (24 bytes).
    Removing sysctl.o(i.SysCtlPWMClockSet), (20 bytes).
    Removing sysctl.o(i.SysCtlPeripheralClockGating), (68 bytes).
    Removing sysctl.o(i.SysCtlPeripheralDeepSleepDisable), (40 bytes).
    Removing sysctl.o(i.SysCtlPeripheralDeepSleepEnable), (40 bytes).
    Removing sysctl.o(i.SysCtlPeripheralDisable), (40 bytes).
    Removing sysctl.o(i.SysCtlPeripheralPowerOff), (40 bytes).
    Removing sysctl.o(i.SysCtlPeripheralPowerOn), (40 bytes).
    Removing sysctl.o(i.SysCtlPeripheralPresent), (44 bytes).
    Removing sysctl.o(i.SysCtlPeripheralReady), (44 bytes).
    Removing sysctl.o(i.SysCtlPeripheralReset), (60 bytes).
    Removing sysctl.o(i.SysCtlPeripheralSleepDisable), (40 bytes).
    Removing sysctl.o(i.SysCtlPeripheralSleepEnable), (40 bytes).
    Removing sysctl.o(i.SysCtlReset), (16 bytes).
    Removing sysctl.o(i.SysCtlResetBehaviorGet), (12 bytes).
    Removing sysctl.o(i.SysCtlResetBehaviorSet), (12 bytes).
    Removing sysctl.o(i.SysCtlResetCauseClear), (16 bytes).
    Removing sysctl.o(i.SysCtlResetCauseGet), (12 bytes).
    Removing sysctl.o(i.SysCtlSRAMSizeGet), (16 bytes).
    Removing sysctl.o(i.SysCtlSleep), (4 bytes).
    Removing sysctl.o(i.SysCtlSleepPowerSet), (12 bytes).
    Removing sysctl.o(i.SysCtlUSBPLLDisable), (16 bytes).
    Removing sysctl.o(i.SysCtlUSBPLLEnable), (16 bytes).
    Removing sysctl.o(i.SysCtlVCOGet), (120 bytes).
    Removing sysctl.o(i.SysCtlVoltageEventClear), (16 bytes).
    Removing sysctl.o(i.SysCtlVoltageEventConfig), (12 bytes).
    Removing sysctl.o(i.SysCtlVoltageEventStatus), (12 bytes).
    Removing timer.o(i.TimerADCEventGet), (4 bytes).
    Removing timer.o(i.TimerADCEventSet), (4 bytes).
    Removing timer.o(i.TimerClockSourceGet), (6 bytes).
    Removing timer.o(i.TimerConfigure), (96 bytes).
    Removing timer.o(i.TimerControlEvent), (18 bytes).
    Removing timer.o(i.TimerControlLevel), (22 bytes).
    Removing timer.o(i.TimerControlStall), (22 bytes).
    Removing timer.o(i.TimerControlTrigger), (80 bytes).
    Removing timer.o(i.TimerControlWaitOnTrigger), (48 bytes).
    Removing timer.o(i.TimerDMAEventGet), (4 bytes).
    Removing timer.o(i.TimerDMAEventSet), (4 bytes).
    Removing timer.o(i.TimerDisable), (16 bytes).
    Removing timer.o(i.TimerEnable), (14 bytes).
    Removing timer.o(i.TimerIntClear), (4 bytes).
    Removing timer.o(i.TimerIntDisable), (10 bytes).
    Removing timer.o(i.TimerIntEnable), (8 bytes).
    Removing timer.o(i.TimerIntRegister), (104 bytes).
    Removing timer.o(i.TimerIntStatus), (10 bytes).
    Removing timer.o(i.TimerIntUnregister), (104 bytes).
    Removing timer.o(i.TimerLoadGet), (10 bytes).
    Removing timer.o(i.TimerLoadGet64), (14 bytes).
    Removing timer.o(i.TimerLoadSet), (18 bytes).
    Removing timer.o(i.TimerLoadSet64), (6 bytes).
    Removing timer.o(i.TimerMatchGet), (10 bytes).
    Removing timer.o(i.TimerMatchGet64), (14 bytes).
    Removing timer.o(i.TimerMatchSet), (18 bytes).
    Removing timer.o(i.TimerMatchSet64), (6 bytes).
    Removing timer.o(i.TimerPrescaleGet), (10 bytes).
    Removing timer.o(i.TimerPrescaleMatchGet), (10 bytes).
    Removing timer.o(i.TimerPrescaleMatchSet), (18 bytes).
    Removing timer.o(i.TimerPrescaleSet), (18 bytes).
    Removing timer.o(i.TimerRTCDisable), (10 bytes).
    Removing timer.o(i.TimerRTCEnable), (10 bytes).
    Removing timer.o(i.TimerSynchronize), (4 bytes).
    Removing timer.o(i.TimerUpdateMode), (42 bytes).
    Removing timer.o(i.TimerValueGet), (10 bytes).
    Removing timer.o(i.TimerValueGet64), (14 bytes).
    Removing timer.o(.constdata), (160 bytes).
    Removing uart.o(i.UART9BitAddrSend), (38 bytes).
    Removing uart.o(i.UART9BitAddrSet), (10 bytes).
    Removing uart.o(i.UART9BitDisable), (14 bytes).
    Removing uart.o(i.UART9BitEnable), (14 bytes).
    Removing uart.o(i.UARTBreakCtl), (18 bytes).
    Removing uart.o(i.UARTBusy), (8 bytes).
    Removing uart.o(i.UARTCharGet), (12 bytes).
    Removing uart.o(i.UARTCharGetNonBlocking), (16 bytes).
    Removing uart.o(i.UARTCharPut), (12 bytes).
    Removing uart.o(i.UARTCharPutNonBlocking), (16 bytes).
    Removing uart.o(i.UARTCharsAvail), (10 bytes).
    Removing uart.o(i.UARTClockSourceGet), (6 bytes).
    Removing uart.o(i.UARTConfigGetExpClk), (46 bytes).
    Removing uart.o(i.UARTConfigSetExpClk), (110 bytes).
    Removing uart.o(i.UARTDMADisable), (10 bytes).
    Removing uart.o(i.UARTDMAEnable), (8 bytes).
    Removing uart.o(i.UARTDisable), (30 bytes).
    Removing uart.o(i.UARTDisableSIR), (10 bytes).
    Removing uart.o(i.UARTEnable), (20 bytes).
    Removing uart.o(i.UARTEnableSIR), (18 bytes).
    Removing uart.o(i.UARTFIFODisable), (10 bytes).
    Removing uart.o(i.UARTFIFOEnable), (10 bytes).
    Removing uart.o(i.UARTFIFOLevelGet), (16 bytes).
    Removing uart.o(i.UARTFIFOLevelSet), (6 bytes).
    Removing uart.o(i.UARTFlowControlGet), (8 bytes).
    Removing uart.o(i.UARTFlowControlSet), (12 bytes).
    Removing uart.o(i.UARTIntClear), (4 bytes).
    Removing uart.o(i.UARTIntDisable), (10 bytes).
    Removing uart.o(i.UARTIntEnable), (8 bytes).
    Removing uart.o(i.UARTIntRegister), (88 bytes).
    Removing uart.o(i.UARTIntStatus), (10 bytes).
    Removing uart.o(i.UARTIntUnregister), (88 bytes).
    Removing uart.o(i.UARTLoopbackEnable), (10 bytes).
    Removing uart.o(i.UARTModemControlClear), (14 bytes).
    Removing uart.o(i.UARTModemControlGet), (8 bytes).
    Removing uart.o(i.UARTModemControlSet), (12 bytes).
    Removing uart.o(i.UARTModemStatusGet), (10 bytes).
    Removing uart.o(i.UARTParityModeGet), (8 bytes).
    Removing uart.o(i.UARTParityModeSet), (12 bytes).
    Removing uart.o(i.UARTRxErrorClear), (6 bytes).
    Removing uart.o(i.UARTRxErrorGet), (8 bytes).
    Removing uart.o(i.UARTSmartCardDisable), (10 bytes).
    Removing uart.o(i.UARTSmartCardEnable), (22 bytes).
    Removing uart.o(i.UARTSpaceAvail), (10 bytes).
    Removing uart.o(i.UARTTxIntModeGet), (8 bytes).
    Removing uart.o(i.UARTTxIntModeSet), (12 bytes).
    Removing uart.o(.constdata), (128 bytes).
    Removing cpu.o(.emb_text), (38 bytes).

324 unused section(s) (total 13328 bytes) removed from the image.

==============================================================================

Image Symbol Table

    Local Symbols

    Symbol Name                              Value     Ov Type        Size  Object(Section)

    RESET                                    0x00000000   Section      648  startup_rvmdk.o(RESET)
    ../clib/../cmprslib/zerorunl.c           0x00000000   Number         0  __dczerorl.o ABSOLUTE
    ../clib/microlib/init/entry.s            0x00000000   Number         0  entry5.o ABSOLUTE
    ../clib/microlib/init/entry.s            0x00000000   Number         0  entry11b.o ABSOLUTE
    ../clib/microlib/init/entry.s            0x00000000   Number         0  entry11a.o ABSOLUTE
    ../clib/microlib/init/entry.s            0x00000000   Number         0  entry10b.o ABSOLUTE
    ../clib/microlib/init/entry.s            0x00000000   Number         0  entry8b.o ABSOLUTE
    ../clib/microlib/init/entry.s            0x00000000   Number         0  entry8a.o ABSOLUTE
    ../clib/microlib/init/entry.s            0x00000000   Number         0  entry7b.o ABSOLUTE
    ../clib/microlib/init/entry.s            0x00000000   Number         0  entry7a.o ABSOLUTE
    ../clib/microlib/init/entry.s            0x00000000   Number         0  entry10a.o ABSOLUTE
    ../clib/microlib/init/entry.s            0x00000000   Number         0  entry9b.o ABSOLUTE
    ../clib/microlib/init/entry.s            0x00000000   Number         0  entry9a.o ABSOLUTE
    ../clib/microlib/init/entry.s            0x00000000   Number         0  entry.o ABSOLUTE
    ../clib/microlib/init/entry.s            0x00000000   Number         0  entry2.o ABSOLUTE
    ../clib/microlib/string/memcpy.c         0x00000000   Number         0  memcpyb.o ABSOLUTE
    ../clib/microlib/string/memcpy.c         0x00000000   Number         0  memcpya.o ABSOLUTE
    ../clib/microlib/string/memset.c         0x00000000   Number         0  memseta.o ABSOLUTE
    ../clib/microlib/time/asctime.c          0x00000000   Number         0  asctime_s.o ABSOLUTE
    ../clib/microlib/time/strftime.c         0x00000000   Number         0  strftime.o ABSOLUTE
    D:\\ti\\TivaWare_C_Series-2.1.3.156\\third_party\\FreeRTOS\\Source\\portable\\RVDS\\ARM_CM4F\\port.c 0x00000000   Number         0  port.o ABSOLUTE
    D:\ti\TivaWare_C_Series-2.1.3.156\driverlib\can.c 0x00000000   Number         0  can.o ABSOLUTE
    D:\ti\TivaWare_C_Series-2.1.3.156\third_party\FreeRTOS\Source\list.c 0x00000000   Number         0  list.o ABSOLUTE
    D:\ti\TivaWare_C_Series-2.1.3.156\third_party\FreeRTOS\Source\portable\MemMang\heap_2.c 0x00000000   Number         0  heap_2.o ABSOLUTE
    D:\ti\TivaWare_C_Series-2.1.3.156\third_party\FreeRTOS\Source\portable\RVDS\ARM_CM4F\port.c 0x00000000   Number         0  port.o ABSOLUTE
    D:\ti\TivaWare_C_Series-2.1.3.156\third_party\FreeRTOS\Source\queue.c 0x00000000   Number         0  queue.o ABSOLUTE
    D:\ti\TivaWare_C_Series-2.1.3.156\third_party\FreeRTOS\Source\tasks.c 0x00000000   Number         0  tasks.o ABSOLUTE
    D:\ti\TivaWare_C_Series-2.1.3.156\utils\uartstdio.c 0x00000000   Number         0  uartstdio.o ABSOLUTE
    D:\ti\TivaWare_C_Series-2.1.3.156\utils\ustdlib.c 0x00000000   Number         0  ustdlib.o ABSOLUTE
    LCD20x04.c                               0x00000000   Number         0  lcd20x04.o ABSOLUTE
    Tank_Monitor_ECU.c                       0x00000000   Number         0  tank_monitor_ecu.o ABSOLUTE
    btn.c                                    0x00000000   Number         0  btn.o ABSOLUTE
    btnmr.c                                  0x00000000   Number         0  btnmr.o ABSOLUTE
    buttonspoll_task.c                       0x00000000   Number         0  buttonspoll_task.o ABSOLUTE
    cancom.c                                 0x00000000   Number         0  cancom.o ABSOLUTE
    cpu.c                                    0x00000000   Number         0  cpu.o ABSOLUTE
    cpu.c                                    0x00000000   Number         0  cpu.o ABSOLUTE
    dc.s                                     0x00000000   Number         0  dc.o ABSOLUTE
    delay.c                                  0x00000000   Number         0  delay.o ABSOLUTE
    display_task.c                           0x00000000   Number         0  display_task.o ABSOLUTE
    gpio.c                                   0x00000000   Number         0  gpio.o ABSOLUTE
    handlers.s                               0x00000000   Number         0  handlers.o ABSOLUTE
    hibernate.c                              0x00000000   Number         0  hibernate.o ABSOLUTE
    init.s                                   0x00000000   Number         0  init.o ABSOLUTE
    interrupt.c                              0x00000000   Number         0  interrupt.o ABSOLUTE
    lcdmr.c                                  0x00000000   Number         0  lcdmr.o ABSOLUTE
    rtc.c                                    0x00000000   Number         0  rtc.o ABSOLUTE
    startup_rvmdk.S                          0x00000000   Number         0  startup_rvmdk.o ABSOLUTE
    sysctl.c                                 0x00000000   Number         0  sysctl.o ABSOLUTE
    sysctl.c                                 0x00000000   Number         0  sysctl.o ABSOLUTE
    timer.c                                  0x00000000   Number         0  timer.o ABSOLUTE
    uart.c                                   0x00000000   Number         0  uart.o ABSOLUTE
    $v0                                      0x0000026c   Number         0  startup_rvmdk.o(RESET)
    NmiSR                                    0x00000281   Thumb Code     0  startup_rvmdk.o(RESET)
    FaultISR                                 0x00000283   Thumb Code     0  startup_rvmdk.o(RESET)
    IntDefaultHandler                        0x00000285   Thumb Code     0  startup_rvmdk.o(RESET)
    .ARM.Collect$$$$00000000                 0x00000288   Section        0  entry.o(.ARM.Collect$$$$00000000)
    .ARM.Collect$$$$00000001                 0x00000288   Section        4  entry2.o(.ARM.Collect$$$$00000001)
    .ARM.Collect$$$$00000004                 0x0000028c   Section        4  entry5.o(.ARM.Collect$$$$00000004)
    .ARM.Collect$$$$00000008                 0x00000290   Section        0  entry7b.o(.ARM.Collect$$$$00000008)
    .ARM.Collect$$$$0000000A                 0x00000290   Section        0  entry8b.o(.ARM.Collect$$$$0000000A)
    .ARM.Collect$$$$0000000B                 0x00000290   Section        8  entry9a.o(.ARM.Collect$$$$0000000B)
    .ARM.Collect$$$$0000000D                 0x00000298   Section        0  entry10a.o(.ARM.Collect$$$$0000000D)
    .ARM.Collect$$$$0000000F                 0x00000298   Section        0  entry11a.o(.ARM.Collect$$$$0000000F)
    .ARM.Collect$$$$00002712                 0x00000298   Section        4  entry2.o(.ARM.Collect$$$$00002712)
    __lit__00000000                          0x00000298   Data           4  entry2.o(.ARM.Collect$$$$00002712)
    .emb_text                                0x0000029c   Section      182  port.o(.emb_text)
    $v0                                      0x0000029c   Number         0  port.o(.emb_text)
    .emb_text                                0x00000354   Section        6  sysctl.o(.emb_text)
    $v0                                      0x00000354   Number         0  sysctl.o(.emb_text)
    .text                                    0x0000035c   Section        0  strftime.o(.text)
    _isoweek                                 0x0000035d   Thumb Code    64  strftime.o(.text)
    _yeardays                                0x000005e1   Thumb Code    42  strftime.o(.text)
    .text                                    0x000006f0   Section        0  memcpya.o(.text)
    .text                                    0x00000714   Section        0  memseta.o(.text)
    .text                                    0x00000738   Section       36  init.o(.text)
    .text                                    0x0000075c   Section        0  __dczerorl.o(.text)
    i.BtnMr                                  0x00000798   Section        0  btnmr.o(i.BtnMr)
    i.BtnMr_Init                             0x000008a0   Section        0  btnmr.o(i.BtnMr_Init)
    i.ButtonCurrent                          0x000008ac   Section        0  btn.o(i.ButtonCurrent)
    i.ButtonDebounceInit                     0x000008b4   Section        0  btn.o(i.ButtonDebounceInit)
    i.ButtonProcess                          0x00000908   Section        0  btn.o(i.ButtonProcess)
    i.ButtonReleased                         0x00000942   Section        0  btn.o(i.ButtonReleased)
    i.ButtonsPoll_Task                       0x00000950   Section        0  buttonspoll_task.o(i.ButtonsPoll_Task)
    ButtonsPoll_Task                         0x00000951   Thumb Code   178  buttonspoll_task.o(i.ButtonsPoll_Task)
    i.ButtonsPoll_Task_Init                  0x00000a0c   Section        0  buttonspoll_task.o(i.ButtonsPoll_Task_Init)
    i.CANBitRateSet                          0x00000a60   Section        0  can.o(i.CANBitRateSet)
    i.CANCom_Master_Init                     0x00000ac8   Section        0  cancom.o(i.CANCom_Master_Init)
    i.CANEnable                              0x00000b78   Section        0  can.o(i.CANEnable)
    i.CANInit                                0x00000b82   Section        0  can.o(i.CANInit)
    i.CANIntClear                            0x00000bbe   Section        0  can.o(i.CANIntClear)
    i.CANIntEnable                           0x00000be0   Section        0  can.o(i.CANIntEnable)
    i.CANIntHandler                          0x00000be8   Section        0  tank_monitor_ecu.o(i.CANIntHandler)
    i.CANIntRegister                         0x00000c58   Section        0  can.o(i.CANIntRegister)
    i.CANIntStatus                           0x00000c72   Section        0  can.o(i.CANIntStatus)
    i.CANMessageGet                          0x00000c90   Section        0  can.o(i.CANMessageGet)
    i.CANMessageSet                          0x00000dce   Section        0  can.o(i.CANMessageSet)
    i.CANStatusGet                           0x00000f22   Section        0  can.o(i.CANStatusGet)
    i.ConfigureUART                          0x00000f64   Section        0  tank_monitor_ecu.o(i.ConfigureUART)
    i.Display_Calendar                       0x00000fc0   Section        0  display_task.o(i.Display_Calendar)
    Display_Calendar                         0x00000fc1   Thumb Code   148  display_task.o(i.Display_Calendar)
    i.Display_Sensors                        0x00001070   Section        0  display_task.o(i.Display_Sensors)
    Display_Sensors                          0x00001071   Thumb Code   218  display_task.o(i.Display_Sensors)
    i.Display_Setup_Data                     0x00001160   Section        0  display_task.o(i.Display_Setup_Data)
    Display_Setup_Data                       0x00001161   Thumb Code   298  display_task.o(i.Display_Setup_Data)
    i.Display_Task                           0x000012b4   Section        0  display_task.o(i.Display_Task)
    Display_Task                             0x000012b5   Thumb Code    48  display_task.o(i.Display_Task)
    i.Display_Task_Init                      0x000012e8   Section        0  display_task.o(i.Display_Task_Init)
    i.GPIODirModeSet                         0x0000132c   Section        0  gpio.o(i.GPIODirModeSet)
    i.GPIOPadConfigSet                       0x00001354   Section        0  gpio.o(i.GPIOPadConfigSet)
    i.GPIOPinConfigure                       0x0000148c   Section        0  gpio.o(i.GPIOPinConfigure)
    i.GPIOPinRead                            0x000014d0   Section        0  gpio.o(i.GPIOPinRead)
    i.GPIOPinTypeCAN                         0x000014d6   Section        0  gpio.o(i.GPIOPinTypeCAN)
    i.GPIOPinTypeGPIOOutput                  0x000014f2   Section        0  gpio.o(i.GPIOPinTypeGPIOOutput)
    i.GPIOPinWrite                           0x0000150e   Section        0  gpio.o(i.GPIOPinWrite)
    i.HibernateClockConfig                   0x00001514   Section        0  hibernate.o(i.HibernateClockConfig)
    i.HibernateEnableExpClk                  0x00001564   Section        0  hibernate.o(i.HibernateEnableExpClk)
    i.HibernateRTCEnable                     0x0000157c   Section        0  hibernate.o(i.HibernateRTCEnable)
    i.HibernateRTCGet                        0x00001594   Section        0  hibernate.o(i.HibernateRTCGet)
    i.HibernateRTCSet                        0x000015a0   Section        0  hibernate.o(i.HibernateRTCSet)
    i.IntEnable                              0x000015d4   Section        0  interrupt.o(i.IntEnable)
    i.IntRegister                            0x00001638   Section        0  interrupt.o(i.IntRegister)
    i.LCD_Clear                              0x0000166c   Section        0  lcd20x04.o(i.LCD_Clear)
    i.LCD_DispChar                           0x0000167e   Section        0  lcd20x04.o(i.LCD_DispChar)
    i.LCD_DispCursor                         0x00001682   Section        0  lcd20x04.o(i.LCD_DispCursor)
    i.LCD_DispString                         0x00001688   Section        0  lcd20x04.o(i.LCD_DispString)
    i.LCD_GoToXy                             0x0000169c   Section        0  lcd20x04.o(i.LCD_GoToXy)
    i.LCD_HideCursor                         0x000016c6   Section        0  lcd20x04.o(i.LCD_HideCursor)
    i.LCD_Init                               0x000016cc   Section        0  lcd20x04.o(i.LCD_Init)
    i.LcdDay                                 0x00001744   Section        0  lcdmr.o(i.LcdDay)
    i.LcdHr                                  0x0000175a   Section        0  lcdmr.o(i.LcdHr)
    i.LcdLength                              0x00001770   Section        0  lcdmr.o(i.LcdLength)
    i.LcdMin                                 0x00001786   Section        0  lcdmr.o(i.LcdMin)
    i.LcdMonth                               0x0000179c   Section        0  lcdmr.o(i.LcdMonth)
    i.LcdMr_Init                             0x000017b2   Section        0  lcdmr.o(i.LcdMr_Init)
    i.LcdNormalScreenBase                    0x000017b8   Section        0  lcdmr.o(i.LcdNormalScreenBase)
    i.LcdRadius                              0x0000187c   Section        0  lcdmr.o(i.LcdRadius)
    i.LcdSec                                 0x00001892   Section        0  lcdmr.o(i.LcdSec)
    i.LcdSetupScreenBase                     0x000018a8   Section        0  lcdmr.o(i.LcdSetupScreenBase)
    i.LcdT1                                  0x00001944   Section        0  lcdmr.o(i.LcdT1)
    i.LcdT2                                  0x00001968   Section        0  lcdmr.o(i.LcdT2)
    i.LcdT3                                  0x0000198c   Section        0  lcdmr.o(i.LcdT3)
    i.LcdT4                                  0x000019b0   Section        0  lcdmr.o(i.LcdT4)
    i.LcdT5                                  0x000019d4   Section        0  lcdmr.o(i.LcdT5)
    i.LcdT6                                  0x000019f8   Section        0  lcdmr.o(i.LcdT6)
    i.LcdYr                                  0x00001a1c   Section        0  lcdmr.o(i.LcdYr)
    i.Port1ReadBits                          0x00001a34   Section        0  btn.o(i.Port1ReadBits)
    i.ReceiveData                            0x00001a48   Section        0  cancom.o(i.ReceiveData)
    i.RollOverAdjust                         0x00001a84   Section        0  buttonspoll_task.o(i.RollOverAdjust)
    RollOverAdjust                           0x00001a85   Thumb Code   104  buttonspoll_task.o(i.RollOverAdjust)
    i.Rtc_GetDate                            0x00001aec   Section        0  rtc.o(i.Rtc_GetDate)
    i.Rtc_Init                               0x00001b1c   Section        0  rtc.o(i.Rtc_Init)
    i.Rtc_SetDate                            0x00001b3c   Section        0  rtc.o(i.Rtc_SetDate)
    i.Rx_Task                                0x00001b6c   Section        0  tank_monitor_ecu.o(i.Rx_Task)
    Rx_Task                                  0x00001b6d   Thumb Code    64  tank_monitor_ecu.o(i.Rx_Task)
    i.SendCommand                            0x00001bb8   Section        0  lcd20x04.o(i.SendCommand)
    SendCommand                              0x00001bb9   Thumb Code   120  lcd20x04.o(i.SendCommand)
    i.SendData                               0x00001c34   Section        0  lcd20x04.o(i.SendData)
    SendData                                 0x00001c35   Thumb Code   120  lcd20x04.o(i.SendData)
    i.SysCtlClockGet                         0x00001cb0   Section        0  sysctl.o(i.SysCtlClockGet)
    i.SysCtlClockSet                         0x00001e04   Section        0  sysctl.o(i.SysCtlClockSet)
    i.SysCtlPeripheralEnable                 0x00001f24   Section        0  sysctl.o(i.SysCtlPeripheralEnable)
    i.Timer1_Init                            0x00001f4c   Section        0  delay.o(i.Timer1_Init)
    i.TimerClockSourceSet                    0x00001fb4   Section        0  timer.o(i.TimerClockSourceSet)
    i.TransmitSync                           0x00001fbc   Section        0  cancom.o(i.TransmitSync)
    i.Tx_Task                                0x00001fd0   Section        0  tank_monitor_ecu.o(i.Tx_Task)
    Tx_Task                                  0x00001fd1   Thumb Code    32  tank_monitor_ecu.o(i.Tx_Task)
    i.UARTClockSourceSet                     0x00002008   Section        0  uart.o(i.UARTClockSourceSet)
    i.UARTStdioConfig                        0x00002010   Section        0  uartstdio.o(i.UARTStdioConfig)
    i.UARTprintf                             0x0000206c   Section        0  uartstdio.o(i.UARTprintf)
    i.UARTvprintf                            0x00002080   Section        0  uartstdio.o(i.UARTvprintf)
    i.UARTwrite                              0x00002234   Section        0  uartstdio.o(i.UARTwrite)
    i._CANIntNumberGet                       0x00002270   Section        0  can.o(i._CANIntNumberGet)
    _CANIntNumberGet                         0x00002271   Thumb Code    64  can.o(i._CANIntNumberGet)
    i.__scatterload_copy                     0x000022c8   Section       14  handlers.o(i.__scatterload_copy)
    i.__scatterload_null                     0x000022d6   Section        2  handlers.o(i.__scatterload_null)
    i.__scatterload_zeroinit                 0x000022d8   Section       14  handlers.o(i.__scatterload_zeroinit)
    i.delay_ms                               0x000022e8   Section        0  delay.o(i.delay_ms)
    i.delay_us                               0x00002324   Section        0  delay.o(i.delay_us)
    i.itoa_new                               0x0000235c   Section        0  tank_monitor_ecu.o(i.itoa_new)
    i.main                                   0x000023b4   Section        0  tank_monitor_ecu.o(i.main)
    i.prvAddCurrentTaskToDelayedList         0x00002498   Section        0  tasks.o(i.prvAddCurrentTaskToDelayedList)
    prvAddCurrentTaskToDelayedList           0x00002499   Thumb Code    48  tasks.o(i.prvAddCurrentTaskToDelayedList)
    i.prvCheckTasksWaitingTermination        0x000024cc   Section        0  tasks.o(i.prvCheckTasksWaitingTermination)
    prvCheckTasksWaitingTermination          0x000024cd   Thumb Code    80  tasks.o(i.prvCheckTasksWaitingTermination)
    i.prvCopyDataFromQueue                   0x00002524   Section        0  queue.o(i.prvCopyDataFromQueue)
    prvCopyDataFromQueue                     0x00002525   Thumb Code    38  queue.o(i.prvCopyDataFromQueue)
    i.prvCopyDataToQueue                     0x0000254a   Section        0  queue.o(i.prvCopyDataToQueue)
    prvCopyDataToQueue                       0x0000254b   Thumb Code   110  queue.o(i.prvCopyDataToQueue)
    i.prvIdleTask                            0x000025b8   Section        0  tasks.o(i.prvIdleTask)
    prvIdleTask                              0x000025b9   Thumb Code     6  tasks.o(i.prvIdleTask)
    i.prvResetNextTaskUnblockTime            0x000025c0   Section        0  tasks.o(i.prvResetNextTaskUnblockTime)
    prvResetNextTaskUnblockTime              0x000025c1   Thumb Code    26  tasks.o(i.prvResetNextTaskUnblockTime)
    i.prvTaskExitError                       0x000025e0   Section        0  port.o(i.prvTaskExitError)
    prvTaskExitError                         0x000025e1   Thumb Code    16  port.o(i.prvTaskExitError)
    i.prvUnlockQueue                         0x000025f0   Section        0  queue.o(i.prvUnlockQueue)
    prvUnlockQueue                           0x000025f1   Thumb Code   100  queue.o(i.prvUnlockQueue)
    i.pvPortMalloc                           0x00002654   Section        0  heap_2.o(i.pvPortMalloc)
    i.pvTaskIncrementMutexHeldCount          0x00002708   Section        0  tasks.o(i.pvTaskIncrementMutexHeldCount)
    i.pxPortInitialiseStack                  0x00002720   Section        0  port.o(i.pxPortInitialiseStack)
    i.ucmptime                               0x00002748   Section        0  ustdlib.o(i.ucmptime)
    ucmptime                                 0x00002749   Thumb Code    82  ustdlib.o(i.ucmptime)
    i.ulTaskNotifyTake                       0x0000279c   Section        0  tasks.o(i.ulTaskNotifyTake)
    i.ulocaltime                             0x00002838   Section        0  ustdlib.o(i.ulocaltime)
    i.umktime                                0x000028dc   Section        0  ustdlib.o(i.umktime)
    i.uxListRemove                           0x00002916   Section        0  list.o(i.uxListRemove)
    i.vApplicationStackOverflowHook          0x0000293a   Section        0  tank_monitor_ecu.o(i.vApplicationStackOverflowHook)
    i.vApplicationTickHook                   0x0000293c   Section        0  tank_monitor_ecu.o(i.vApplicationTickHook)
    i.vListInitialise                        0x0000294c   Section        0  list.o(i.vListInitialise)
    i.vListInitialiseItem                    0x00002962   Section        0  list.o(i.vListInitialiseItem)
    i.vListInsert                            0x00002968   Section        0  list.o(i.vListInsert)
    i.vListInsertEnd                         0x00002998   Section        0  list.o(i.vListInsertEnd)
    i.vPortEnterCritical                     0x000029b0   Section        0  port.o(i.vPortEnterCritical)
    i.vPortExitCritical                      0x000029cc   Section        0  port.o(i.vPortExitCritical)
    i.vPortFree                              0x000029e0   Section        0  heap_2.o(i.vPortFree)
    i.vPortSetupTimerInterrupt               0x00002a1c   Section        0  port.o(i.vPortSetupTimerInterrupt)
    i.vTaskDelayUntil                        0x00002a30   Section        0  tasks.o(i.vTaskDelayUntil)
    i.vTaskMissedYield                       0x00002aa0   Section        0  tasks.o(i.vTaskMissedYield)
    i.vTaskNotifyGiveFromISR                 0x00002aac   Section        0  tasks.o(i.vTaskNotifyGiveFromISR)
    i.vTaskPlaceOnEventList                  0x00002b30   Section        0  tasks.o(i.vTaskPlaceOnEventList)
    i.vTaskPriorityInherit                   0x00002b80   Section        0  tasks.o(i.vTaskPriorityInherit)
    i.vTaskSetTimeOutState                   0x00002c04   Section        0  tasks.o(i.vTaskSetTimeOutState)
    i.vTaskStartScheduler                    0x00002c14   Section        0  tasks.o(i.vTaskStartScheduler)
    i.vTaskSuspendAll                        0x00002c68   Section        0  tasks.o(i.vTaskSuspendAll)
    i.vTaskSwitchContext                     0x00002c78   Section        0  tasks.o(i.vTaskSwitchContext)
    i.xPortStartScheduler                    0x00002ce8   Section        0  port.o(i.xPortStartScheduler)
    i.xPortSysTickHandler                    0x00002d28   Section        0  port.o(i.xPortSysTickHandler)
    i.xQueueCreateMutex                      0x00002d54   Section        0  queue.o(i.xQueueCreateMutex)
    i.xQueueGenericCreate                    0x00002d9e   Section        0  queue.o(i.xQueueGenericCreate)
    i.xQueueGenericReceive                   0x00002de8   Section        0  queue.o(i.xQueueGenericReceive)
    i.xQueueGenericReset                     0x00002f14   Section        0  queue.o(i.xQueueGenericReset)
    i.xQueueGenericSend                      0x00002f84   Section        0  queue.o(i.xQueueGenericSend)
    i.xTaskCheckForTimeOut                   0x00003084   Section        0  tasks.o(i.xTaskCheckForTimeOut)
    i.xTaskGenericCreate                     0x000030cc   Section        0  tasks.o(i.xTaskGenericCreate)
    i.xTaskGetTickCount                      0x00003254   Section        0  tasks.o(i.xTaskGetTickCount)
    i.xTaskIncrementTick                     0x00003260   Section        0  tasks.o(i.xTaskIncrementTick)
    i.xTaskPriorityDisinherit                0x00003320   Section        0  tasks.o(i.xTaskPriorityDisinherit)
    i.xTaskRemoveFromEventList               0x00003390   Section        0  tasks.o(i.xTaskRemoveFromEventList)
    i.xTaskResumeAll                         0x000033f4   Section        0  tasks.o(i.xTaskResumeAll)
    .constdata                               0x000034a4   Section       28  uartstdio.o(.constdata)
    g_pcHex                                  0x000034a4   Data           4  uartstdio.o(.constdata)
    g_ui32UARTBase                           0x000034a8   Data          12  uartstdio.o(.constdata)
    g_ui32UARTPeriph                         0x000034b4   Data          12  uartstdio.o(.constdata)
    .constdata                               0x000034c0   Section       76  ustdlib.o(.constdata)
    g_pcHex                                  0x000034c0   Data           4  ustdlib.o(.constdata)
    g_psDaysToMonth                          0x000034c4   Data          48  ustdlib.o(.constdata)
    g_pfExponents                            0x000034f4   Data          24  ustdlib.o(.constdata)
    .constdata                               0x0000350c   Section       32  can.o(.constdata)
    g_ui16CANBitValues                       0x0000350c   Data          32  can.o(.constdata)
    .constdata                               0x0000352c   Section      528  gpio.o(.constdata)
    g_ppui32GPIOIntMapBlizzard               0x0000352c   Data         192  gpio.o(.constdata)
    g_ppui32GPIOIntMapSnowflake              0x000035ec   Data         192  gpio.o(.constdata)
    g_pui32GPIOBaseAddrs                     0x000036ac   Data         144  gpio.o(.constdata)
    .constdata                               0x0000373c   Section      268  interrupt.o(.constdata)
    g_pui32Priority                          0x0000373c   Data          32  interrupt.o(.constdata)
    g_pui32Regs                              0x0000375c   Data         156  interrupt.o(.constdata)
    g_pui32EnRegs                            0x000037f8   Data          20  interrupt.o(.constdata)
    g_pui32Dii16Regs                         0x0000380c   Data          20  interrupt.o(.constdata)
    g_pui32PendRegs                          0x00003820   Data          20  interrupt.o(.constdata)
    g_pui32UnpendRegs                        0x00003834   Data          20  interrupt.o(.constdata)
    .constdata                               0x00003848   Section      596  sysctl.o(.constdata)
    g_pui32VCOFrequencies                    0x00003848   Data           8  sysctl.o(.constdata)
    g_pui32Xtals                             0x00003850   Data         108  sysctl.o(.constdata)
    g_pppui32XTALtoVCO                       0x000038bc   Data         432  sysctl.o(.constdata)
    g_sXTALtoMEMTIM                          0x00003a6c   Data          48  sysctl.o(.constdata)
    .constdata                               0x00003a9c   Section       86  strftime.o(.constdata)
    .conststring                             0x00003af4   Section       17  uartstdio.o(.conststring)
    .data                                    0x20000000   Section       28  tank_monitor_ecu.o(.data)
    .data                                    0x2000001c   Section        1  tank_monitor_ecu.o(.data)
    .data                                    0x20000020   Section        8  btnmr.o(.data)
    up_scroll_speed                          0x20000020   Data           4  btnmr.o(.data)
    down_scroll_speed                        0x20000024   Data           4  btnmr.o(.data)
    .data                                    0x20000028   Section        4  cancom.o(.data)
    sync_period                              0x20000028   Data           2  cancom.o(.data)
    dataRx                                   0x2000002a   Data           2  cancom.o(.data)
    .data                                    0x2000002c   Section       56  tasks.o(.data)
    uxTasksDeleted                           0x20000030   Data           4  tasks.o(.data)
    uxCurrentNumberOfTasks                   0x20000034   Data           4  tasks.o(.data)
    xTickCount                               0x20000038   Data           4  tasks.o(.data)
    uxTopReadyPriority                       0x2000003c   Data           4  tasks.o(.data)
    xSchedulerRunning                        0x20000040   Data           4  tasks.o(.data)
    uxPendedTicks                            0x20000044   Data           4  tasks.o(.data)
    xYieldPending                            0x20000048   Data           4  tasks.o(.data)
    xNumOfOverflows                          0x2000004c   Data           4  tasks.o(.data)
    uxTaskNumber                             0x20000050   Data           4  tasks.o(.data)
    xNextTaskUnblockTime                     0x20000054   Data           4  tasks.o(.data)
    uxSchedulerSuspended                     0x20000058   Data           4  tasks.o(.data)
    pxDelayedTaskList                        0x2000005c   Data           4  tasks.o(.data)
    pxOverflowDelayedTaskList                0x20000060   Data           4  tasks.o(.data)
    .data                                    0x20000064   Section        4  port.o(.data)
    uxCriticalNesting                        0x20000064   Data           4  port.o(.data)
    .data                                    0x20000068   Section       24  heap_2.o(.data)
    xFreeBytesRemaining                      0x20000068   Data           4  heap_2.o(.data)
    xHeapHasBeenInitialised                  0x2000006c   Data           4  heap_2.o(.data)
    xStart                                   0x20000070   Data           8  heap_2.o(.data)
    xEnd                                     0x20000078   Data           8  heap_2.o(.data)
    .data                                    0x20000080   Section        8  uartstdio.o(.data)
    bLastWasCR                               0x20000080   Data           1  uartstdio.o(.data)
    g_ui32Base                               0x20000084   Data           4  uartstdio.o(.data)
    .data                                    0x20000088   Section        8  buttonspoll_task.o(.data)
    .data                                    0x20000090   Section        8  display_task.o(.data)
    first_time_flag                          0x20000090   Data           1  display_task.o(.data)
    vtable                                   0x20000400   Section      620  interrupt.o(vtable)
    g_pfnRAMVectors                          0x20000400   Data         620  interrupt.o(vtable)
    .bss                                     0x2000066c   Section       12  btnmr.o(.bss)
    port1                                    0x2000066c   Data          12  btnmr.o(.bss)
    .bss                                     0x20000678   Section       40  cancom.o(.bss)
    txCANMessage                             0x20000678   Data          20  cancom.o(.bss)
    rxCANMessage                             0x2000068c   Data          20  cancom.o(.bss)
    .bss                                     0x200006a0   Section      420  tasks.o(.bss)
    pxReadyTasksLists                        0x200006a0   Data         320  tasks.o(.bss)
    xDelayedTaskList1                        0x200007e0   Data          20  tasks.o(.bss)
    xDelayedTaskList2                        0x200007f4   Data          20  tasks.o(.bss)
    xPendingReadyList                        0x20000808   Data          20  tasks.o(.bss)
    xTasksWaitingTermination                 0x2000081c   Data          20  tasks.o(.bss)
    xSuspendedTaskList                       0x20000830   Data          20  tasks.o(.bss)
    .bss                                     0x20000844   Section    30000  heap_2.o(.bss)
    ucHeap                                   0x20000844   Data       30000  heap_2.o(.bss)
    .bss                                     0x20007d74   Section       80  display_task.o(.bss)
    SensorTimeout                            0x20007d74   Data          24  display_task.o(.bss)
    DispSetupParams                          0x20007d8c   Data          56  display_task.o(.bss)
    STACK                                    0x20007dc8   Section      512  startup_rvmdk.o(STACK)
    StackMem                                 0x20007dc8   Data           0  startup_rvmdk.o(STACK)

    Global Symbols

    Symbol Name                              Value     Ov Type        Size  Object(Section)

    BuildAttributes$$THM_ISAv4$E$P$D$K$B$S$7EM$VFPi3$EXTD16$VFPS$VFMA$PE$A:L22UL41UL21$X:L11$S22US41US21$IEEE1$IW$USESV6$~STKCKD$USESV7$~SHL$OTIME$EBA8$MICROLIB$REQ8$PRES8$EABIv2 0x00000000   Number         0  anon$$obj.o ABSOLUTE
    __ARM_use_no_argv                        0x00000000   Number         0  tank_monitor_ecu.o ABSOLUTE
    __Vectors                                0x00000000   Data           0  startup_rvmdk.o(RESET)
    __cpp_initialize__aeabi_                  - Undefined Weak Reference
    __cxa_finalize                            - Undefined Weak Reference
    _clock_init                               - Undefined Weak Reference
    _microlib_exit                            - Undefined Weak Reference
    Reset_Handler                            0x0000026d   Thumb Code     0  startup_rvmdk.o(RESET)
    __main                                   0x00000289   Thumb Code     0  entry.o(.ARM.Collect$$$$00000000)
    _main_stk                                0x00000289   Thumb Code     0  entry2.o(.ARM.Collect$$$$00000001)
    _main_scatterload                        0x0000028d   Thumb Code     0  entry5.o(.ARM.Collect$$$$00000004)
    __main_after_scatterload                 0x00000291   Thumb Code     0  entry5.o(.ARM.Collect$$$$00000004)
    _main_clock                              0x00000291   Thumb Code     0  entry7b.o(.ARM.Collect$$$$00000008)
    _main_cpp_init                           0x00000291   Thumb Code     0  entry8b.o(.ARM.Collect$$$$0000000A)
    _main_init                               0x00000291   Thumb Code     0  entry9a.o(.ARM.Collect$$$$0000000B)
    __rt_final_cpp                           0x00000299   Thumb Code     0  entry10a.o(.ARM.Collect$$$$0000000D)
    __rt_final_exit                          0x00000299   Thumb Code     0  entry11a.o(.ARM.Collect$$$$0000000F)
    vPortSVCHandler                          0x0000029d   Thumb Code    28  port.o(.emb_text)
    __asm___6_port_c_39a90d8d__prvStartFirstTask 0x000002bd   Thumb Code    28  port.o(.emb_text)
    __asm___6_port_c_39a90d8d__prvEnableVFP  0x000002dd   Thumb Code    16  port.o(.emb_text)
    xPortPendSVHandler                       0x000002f1   Thumb Code    88  port.o(.emb_text)
    vPortGetIPSR                             0x0000034d   Thumb Code     6  port.o(.emb_text)
    SysCtlDelay                              0x00000355   Thumb Code     6  sysctl.o(.emb_text)
    strftime                                 0x0000039d   Thumb Code   580  strftime.o(.text)
    __aeabi_memcpy                           0x000006f1   Thumb Code    36  memcpya.o(.text)
    __aeabi_memcpy4                          0x000006f1   Thumb Code     0  memcpya.o(.text)
    __aeabi_memcpy8                          0x000006f1   Thumb Code     0  memcpya.o(.text)
    __aeabi_memset                           0x00000715   Thumb Code    14  memseta.o(.text)
    __aeabi_memset4                          0x00000715   Thumb Code     0  memseta.o(.text)
    __aeabi_memset8                          0x00000715   Thumb Code     0  memseta.o(.text)
    __aeabi_memclr                           0x00000723   Thumb Code     4  memseta.o(.text)
    __aeabi_memclr4                          0x00000723   Thumb Code     0  memseta.o(.text)
    __aeabi_memclr8                          0x00000723   Thumb Code     0  memseta.o(.text)
    _memset$wrapper                          0x00000727   Thumb Code    18  memseta.o(.text)
    __scatterload                            0x00000739   Thumb Code    28  init.o(.text)
    __scatterload_rt2                        0x00000739   Thumb Code     0  init.o(.text)
    __decompress                             0x0000075d   Thumb Code     0  __dczerorl.o(.text)
    __decompress0                            0x0000075d   Thumb Code    58  __dczerorl.o(.text)
    BtnMr                                    0x00000799   Thumb Code   250  btnmr.o(i.BtnMr)
    BtnMr_Init                               0x000008a1   Thumb Code     8  btnmr.o(i.BtnMr_Init)
    ButtonCurrent                            0x000008ad   Thumb Code     6  btn.o(i.ButtonCurrent)
    ButtonDebounceInit                       0x000008b5   Thumb Code    74  btn.o(i.ButtonDebounceInit)
    ButtonProcess                            0x00000909   Thumb Code    58  btn.o(i.ButtonProcess)
    ButtonReleased                           0x00000943   Thumb Code    12  btn.o(i.ButtonReleased)
    ButtonsPoll_Task_Init                    0x00000a0d   Thumb Code    54  buttonspoll_task.o(i.ButtonsPoll_Task_Init)
    CANBitRateSet                            0x00000a61   Thumb Code    98  can.o(i.CANBitRateSet)
    CANCom_Master_Init                       0x00000ac9   Thumb Code   136  cancom.o(i.CANCom_Master_Init)
    CANEnable                                0x00000b79   Thumb Code    10  can.o(i.CANEnable)
    CANInit                                  0x00000b83   Thumb Code    60  can.o(i.CANInit)
    CANIntClear                              0x00000bbf   Thumb Code    34  can.o(i.CANIntClear)
    CANIntEnable                             0x00000be1   Thumb Code     8  can.o(i.CANIntEnable)
    CANIntHandler                            0x00000be9   Thumb Code   100  tank_monitor_ecu.o(i.CANIntHandler)
    CANIntRegister                           0x00000c59   Thumb Code    26  can.o(i.CANIntRegister)
    CANIntStatus                             0x00000c73   Thumb Code    30  can.o(i.CANIntStatus)
    CANMessageGet                            0x00000c91   Thumb Code   318  can.o(i.CANMessageGet)
    CANMessageSet                            0x00000dcf   Thumb Code   340  can.o(i.CANMessageSet)
    CANStatusGet                             0x00000f23   Thumb Code    64  can.o(i.CANStatusGet)
    ConfigureUART                            0x00000f65   Thumb Code    76  tank_monitor_ecu.o(i.ConfigureUART)
    Display_Task_Init                        0x000012e9   Thumb Code    42  display_task.o(i.Display_Task_Init)
    GPIODirModeSet                           0x0000132d   Thumb Code    40  gpio.o(i.GPIODirModeSet)
    GPIOPadConfigSet                         0x00001355   Thumb Code   312  gpio.o(i.GPIOPadConfigSet)
    GPIOPinConfigure                         0x0000148d   Thumb Code    60  gpio.o(i.GPIOPinConfigure)
    GPIOPinRead                              0x000014d1   Thumb Code     6  gpio.o(i.GPIOPinRead)
    GPIOPinTypeCAN                           0x000014d7   Thumb Code    28  gpio.o(i.GPIOPinTypeCAN)
    GPIOPinTypeGPIOOutput                    0x000014f3   Thumb Code    28  gpio.o(i.GPIOPinTypeGPIOOutput)
    GPIOPinWrite                             0x0000150f   Thumb Code     6  gpio.o(i.GPIOPinWrite)
    HibernateClockConfig                     0x00001515   Thumb Code    64  hibernate.o(i.HibernateClockConfig)
    HibernateEnableExpClk                    0x00001565   Thumb Code    20  hibernate.o(i.HibernateEnableExpClk)
    HibernateRTCEnable                       0x0000157d   Thumb Code    20  hibernate.o(i.HibernateRTCEnable)
    HibernateRTCGet                          0x00001595   Thumb Code     6  hibernate.o(i.HibernateRTCGet)
    HibernateRTCSet                          0x000015a1   Thumb Code    42  hibernate.o(i.HibernateRTCSet)
    IntEnable                                0x000015d5   Thumb Code    92  interrupt.o(i.IntEnable)
    IntRegister                              0x00001639   Thumb Code    44  interrupt.o(i.IntRegister)
    LCD_Clear                                0x0000166d   Thumb Code    18  lcd20x04.o(i.LCD_Clear)
    LCD_DispChar                             0x0000167f   Thumb Code     4  lcd20x04.o(i.LCD_DispChar)
    LCD_DispCursor                           0x00001683   Thumb Code     6  lcd20x04.o(i.LCD_DispCursor)
    LCD_DispString                           0x00001689   Thumb Code    20  lcd20x04.o(i.LCD_DispString)
    LCD_GoToXy                               0x0000169d   Thumb Code    42  lcd20x04.o(i.LCD_GoToXy)
    LCD_HideCursor                           0x000016c7   Thumb Code     6  lcd20x04.o(i.LCD_HideCursor)
    LCD_Init                                 0x000016cd   Thumb Code   110  lcd20x04.o(i.LCD_Init)
    LcdDay                                   0x00001745   Thumb Code    22  lcdmr.o(i.LcdDay)
    LcdHr                                    0x0000175b   Thumb Code    22  lcdmr.o(i.LcdHr)
    LcdLength                                0x00001771   Thumb Code    22  lcdmr.o(i.LcdLength)
    LcdMin                                   0x00001787   Thumb Code    22  lcdmr.o(i.LcdMin)
    LcdMonth                                 0x0000179d   Thumb Code    22  lcdmr.o(i.LcdMonth)
    LcdMr_Init                               0x000017b3   Thumb Code     4  lcdmr.o(i.LcdMr_Init)
    LcdNormalScreenBase                      0x000017b9   Thumb Code   146  lcdmr.o(i.LcdNormalScreenBase)
    LcdRadius                                0x0000187d   Thumb Code    22  lcdmr.o(i.LcdRadius)
    LcdSec                                   0x00001893   Thumb Code    22  lcdmr.o(i.LcdSec)
    LcdSetupScreenBase                       0x000018a9   Thumb Code   104  lcdmr.o(i.LcdSetupScreenBase)
    LcdT1                                    0x00001945   Thumb Code    28  lcdmr.o(i.LcdT1)
    LcdT2                                    0x00001969   Thumb Code    28  lcdmr.o(i.LcdT2)
    LcdT3                                    0x0000198d   Thumb Code    28  lcdmr.o(i.LcdT3)
    LcdT4                                    0x000019b1   Thumb Code    28  lcdmr.o(i.LcdT4)
    LcdT5                                    0x000019d5   Thumb Code    28  lcdmr.o(i.LcdT5)
    LcdT6                                    0x000019f9   Thumb Code    28  lcdmr.o(i.LcdT6)
    LcdYr                                    0x00001a1d   Thumb Code    22  lcdmr.o(i.LcdYr)
    Port1ReadBits                            0x00001a35   Thumb Code    14  btn.o(i.Port1ReadBits)
    ReceiveData                              0x00001a49   Thumb Code    50  cancom.o(i.ReceiveData)
    Rtc_GetDate                              0x00001aed   Thumb Code    44  rtc.o(i.Rtc_GetDate)
    Rtc_Init                                 0x00001b1d   Thumb Code    28  rtc.o(i.Rtc_Init)
    Rtc_SetDate                              0x00001b3d   Thumb Code    44  rtc.o(i.Rtc_SetDate)
    SysCtlClockGet                           0x00001cb1   Thumb Code   304  sysctl.o(i.SysCtlClockGet)
    SysCtlClockSet                           0x00001e05   Thumb Code   270  sysctl.o(i.SysCtlClockSet)
    SysCtlPeripheralEnable                   0x00001f25   Thumb Code    36  sysctl.o(i.SysCtlPeripheralEnable)
    Timer1_Init                              0x00001f4d   Thumb Code    86  delay.o(i.Timer1_Init)
    TimerClockSourceSet                      0x00001fb5   Thumb Code     6  timer.o(i.TimerClockSourceSet)
    TransmitSync                             0x00001fbd   Thumb Code    12  cancom.o(i.TransmitSync)
    UARTClockSourceSet                       0x00002009   Thumb Code     6  uart.o(i.UARTClockSourceSet)
    UARTStdioConfig                          0x00002011   Thumb Code    82  uartstdio.o(i.UARTStdioConfig)
    UARTprintf                               0x0000206d   Thumb Code    18  uartstdio.o(i.UARTprintf)
    UARTvprintf                              0x00002081   Thumb Code   420  uartstdio.o(i.UARTvprintf)
    UARTwrite                                0x00002235   Thumb Code    56  uartstdio.o(i.UARTwrite)
    __scatterload_copy                       0x000022c9   Thumb Code    14  handlers.o(i.__scatterload_copy)
    __scatterload_null                       0x000022d7   Thumb Code     2  handlers.o(i.__scatterload_null)
    __scatterload_zeroinit                   0x000022d9   Thumb Code    14  handlers.o(i.__scatterload_zeroinit)
    delay_ms                                 0x000022e9   Thumb Code    56  delay.o(i.delay_ms)
    delay_us                                 0x00002325   Thumb Code    50  delay.o(i.delay_us)
    itoa_new                                 0x0000235d   Thumb Code    86  tank_monitor_ecu.o(i.itoa_new)
    main                                     0x000023b5   Thumb Code   136  tank_monitor_ecu.o(i.main)
    pvPortMalloc                             0x00002655   Thumb Code   172  heap_2.o(i.pvPortMalloc)
    pvTaskIncrementMutexHeldCount            0x00002709   Thumb Code    18  tasks.o(i.pvTaskIncrementMutexHeldCount)
    pxPortInitialiseStack                    0x00002721   Thumb Code    36  port.o(i.pxPortInitialiseStack)
    ulTaskNotifyTake                         0x0000279d   Thumb Code   142  tasks.o(i.ulTaskNotifyTake)
    ulocaltime                               0x00002839   Thumb Code   154  ustdlib.o(i.ulocaltime)
    umktime                                  0x000028dd   Thumb Code    58  ustdlib.o(i.umktime)
    uxListRemove                             0x00002917   Thumb Code    36  list.o(i.uxListRemove)
    vApplicationStackOverflowHook            0x0000293b   Thumb Code     2  tank_monitor_ecu.o(i.vApplicationStackOverflowHook)
    vApplicationTickHook                     0x0000293d   Thumb Code    10  tank_monitor_ecu.o(i.vApplicationTickHook)
    vListInitialise                          0x0000294d   Thumb Code    22  list.o(i.vListInitialise)
    vListInitialiseItem                      0x00002963   Thumb Code     6  list.o(i.vListInitialiseItem)
    vListInsert                              0x00002969   Thumb Code    48  list.o(i.vListInsert)
    vListInsertEnd                           0x00002999   Thumb Code    24  list.o(i.vListInsertEnd)
    vPortEnterCritical                       0x000029b1   Thumb Code    24  port.o(i.vPortEnterCritical)
    vPortExitCritical                        0x000029cd   Thumb Code    16  port.o(i.vPortExitCritical)
    vPortFree                                0x000029e1   Thumb Code    56  heap_2.o(i.vPortFree)
    vPortSetupTimerInterrupt                 0x00002a1d   Thumb Code    14  port.o(i.vPortSetupTimerInterrupt)
    vTaskDelayUntil                          0x00002a31   Thumb Code   102  tasks.o(i.vTaskDelayUntil)
    vTaskMissedYield                         0x00002aa1   Thumb Code     8  tasks.o(i.vTaskMissedYield)
    vTaskNotifyGiveFromISR                   0x00002aad   Thumb Code   120  tasks.o(i.vTaskNotifyGiveFromISR)
    vTaskPlaceOnEventList                    0x00002b31   Thumb Code    70  tasks.o(i.vTaskPlaceOnEventList)
    vTaskPriorityInherit                     0x00002b81   Thumb Code   124  tasks.o(i.vTaskPriorityInherit)
    vTaskSetTimeOutState                     0x00002c05   Thumb Code    12  tasks.o(i.vTaskSetTimeOutState)
    vTaskStartScheduler                      0x00002c15   Thumb Code    66  tasks.o(i.vTaskStartScheduler)
    vTaskSuspendAll                          0x00002c69   Thumb Code    10  tasks.o(i.vTaskSuspendAll)
    vTaskSwitchContext                       0x00002c79   Thumb Code   104  tasks.o(i.vTaskSwitchContext)
    xPortStartScheduler                      0x00002ce9   Thumb Code    52  port.o(i.xPortStartScheduler)
    xPortSysTickHandler                      0x00002d29   Thumb Code    38  port.o(i.xPortSysTickHandler)
    xQueueCreateMutex                        0x00002d55   Thumb Code    74  queue.o(i.xQueueCreateMutex)
    xQueueGenericCreate                      0x00002d9f   Thumb Code    72  queue.o(i.xQueueGenericCreate)
    xQueueGenericReceive                     0x00002de9   Thumb Code   296  queue.o(i.xQueueGenericReceive)
    xQueueGenericReset                       0x00002f15   Thumb Code   106  queue.o(i.xQueueGenericReset)
    xQueueGenericSend                        0x00002f85   Thumb Code   252  queue.o(i.xQueueGenericSend)
    xTaskCheckForTimeOut                     0x00003085   Thumb Code    66  tasks.o(i.xTaskCheckForTimeOut)
    xTaskGenericCreate                       0x000030cd   Thumb Code   376  tasks.o(i.xTaskGenericCreate)
    xTaskGetTickCount                        0x00003255   Thumb Code     6  tasks.o(i.xTaskGetTickCount)
    xTaskIncrementTick                       0x00003261   Thumb Code   182  tasks.o(i.xTaskIncrementTick)
    xTaskPriorityDisinherit                  0x00003321   Thumb Code   102  tasks.o(i.xTaskPriorityDisinherit)
    xTaskRemoveFromEventList                 0x00003391   Thumb Code    88  tasks.o(i.xTaskRemoveFromEventList)
    xTaskResumeAll                           0x000033f5   Thumb Code   164  tasks.o(i.xTaskResumeAll)
    Region$$Table$$Base                      0x00003b08   Number         0  anon$$obj.o(Region$$Table)
    Region$$Table$$Limit                     0x00003b28   Number         0  anon$$obj.o(Region$$Table)
    g_bErrFlag                               0x20000000   Data           1  tank_monitor_ecu.o(.data)
    g_bRXFlag                                0x20000001   Data           1  tank_monitor_ecu.o(.data)
    Rx_Task_Handle                           0x20000004   Data           4  tank_monitor_ecu.o(.data)
    Tx_Task_Handle                           0x20000008   Data           4  tank_monitor_ecu.o(.data)
    ui32TickCounter                          0x2000000c   Data           4  tank_monitor_ecu.o(.data)
    xQueueData                               0x20000010   Data           4  tank_monitor_ecu.o(.data)
    g_pLCDSemaphore                          0x20000014   Data           4  tank_monitor_ecu.o(.data)
    g_pRTCSemaphore                          0x20000018   Data           4  tank_monitor_ecu.o(.data)
    g_eAppMode                               0x2000001c   Data           1  tank_monitor_ecu.o(.data)
    pxCurrentTCB                             0x2000002c   Data           4  tasks.o(.data)
    ButtonsPoll_Task_Handle                  0x20000088   Data           4  buttonspoll_task.o(.data)
    xQueuebtns                               0x2000008c   Data           4  buttonspoll_task.o(.data)
    Display_Task_Handle                      0x20000094   Data           4  display_task.o(.data)
    __initial_sp                             0x20007fc8   Data           0  startup_rvmdk.o(STACK)



==============================================================================

Memory Map of the image

  Image Entry point : 0x0000026d

  Load Region LR_IROM (Base: 0x00000000, Size: 0x00004194, Max: 0x00040000, ABSOLUTE, COMPRESSED[0x00003b48])

    Execution Region ER_IROM (Base: 0x00000000, Size: 0x00003b28, Max: 0x00040000, ABSOLUTE)

    Base Addr    Size         Type   Attr      Idx    E Section Name        Object

    0x00000000   0x00000288   Code   RO         1325  * RESET               startup_rvmdk.o
    0x00000288   0x00000000   Code   RO         3182  * .ARM.Collect$$$$00000000  mc_w.l(entry.o)
    0x00000288   0x00000004   Code   RO         3197    .ARM.Collect$$$$00000001  mc_w.l(entry2.o)
    0x0000028c   0x00000004   Code   RO         3200    .ARM.Collect$$$$00000004  mc_w.l(entry5.o)
    0x00000290   0x00000000   Code   RO         3202    .ARM.Collect$$$$00000008  mc_w.l(entry7b.o)
    0x00000290   0x00000000   Code   RO         3204    .ARM.Collect$$$$0000000A  mc_w.l(entry8b.o)
    0x00000290   0x00000008   Code   RO         3205    .ARM.Collect$$$$0000000B  mc_w.l(entry9a.o)
    0x00000298   0x00000000   Code   RO         3207    .ARM.Collect$$$$0000000D  mc_w.l(entry10a.o)
    0x00000298   0x00000000   Code   RO         3209    .ARM.Collect$$$$0000000F  mc_w.l(entry11a.o)
    0x00000298   0x00000004   Code   RO         3198    .ARM.Collect$$$$00002712  mc_w.l(entry2.o)
    0x0000029c   0x000000b6   Code   RO         1071    .emb_text           port.o
    0x00000352   0x00000002   PAD
    0x00000354   0x00000006   Code   RO         2290    .emb_text           driverlib.lib(sysctl.o)
    0x0000035a   0x00000002   PAD
    0x0000035c   0x00000394   Code   RO         3185    .text               mc_w.l(strftime.o)
    0x000006f0   0x00000024   Code   RO         3191    .text               mc_w.l(memcpya.o)
    0x00000714   0x00000024   Code   RO         3193    .text               mc_w.l(memseta.o)
    0x00000738   0x00000024   Code   RO         3211    .text               mc_w.l(init.o)
    0x0000075c   0x0000003a   Code   RO         3221    .text               mc_w.l(__dczerorl.o)
    0x00000796   0x00000002   PAD
    0x00000798   0x00000108   Code   RO          226    i.BtnMr             btnmr.o
    0x000008a0   0x0000000c   Code   RO          227    i.BtnMr_Init        btnmr.o
    0x000008ac   0x00000006   Code   RO          175    i.ButtonCurrent     btn.o
    0x000008b2   0x00000002   PAD
    0x000008b4   0x00000054   Code   RO          176    i.ButtonDebounceInit  btn.o
    0x00000908   0x0000003a   Code   RO          178    i.ButtonProcess     btn.o
    0x00000942   0x0000000c   Code   RO          179    i.ButtonReleased    btn.o
    0x0000094e   0x00000002   PAD
    0x00000950   0x000000bc   Code   RO         1462    i.ButtonsPoll_Task  buttonspoll_task.o
    0x00000a0c   0x00000054   Code   RO         1463    i.ButtonsPoll_Task_Init  buttonspoll_task.o
    0x00000a60   0x00000068   Code   RO         1329    i.CANBitRateSet     can.o
    0x00000ac8   0x000000b0   Code   RO          266    i.CANCom_Master_Init  cancom.o
    0x00000b78   0x0000000a   Code   RO         1333    i.CANEnable         can.o
    0x00000b82   0x0000003c   Code   RO         1335    i.CANInit           can.o
    0x00000bbe   0x00000022   Code   RO         1336    i.CANIntClear       can.o
    0x00000be0   0x00000008   Code   RO         1338    i.CANIntEnable      can.o
    0x00000be8   0x00000070   Code   RO            1    i.CANIntHandler     tank_monitor_ecu.o
    0x00000c58   0x0000001a   Code   RO         1339    i.CANIntRegister    can.o
    0x00000c72   0x0000001e   Code   RO         1340    i.CANIntStatus      can.o
    0x00000c90   0x0000013e   Code   RO         1343    i.CANMessageGet     can.o
    0x00000dce   0x00000154   Code   RO         1344    i.CANMessageSet     can.o
    0x00000f22   0x00000040   Code   RO         1347    i.CANStatusGet      can.o
    0x00000f62   0x00000002   PAD
    0x00000f64   0x0000005c   Code   RO            2    i.ConfigureUART     tank_monitor_ecu.o
    0x00000fc0   0x000000b0   Code   RO         1494    i.Display_Calendar  display_task.o
    0x00001070   0x000000f0   Code   RO         1495    i.Display_Sensors   display_task.o
    0x00001160   0x00000154   Code   RO         1496    i.Display_Setup_Data  display_task.o
    0x000012b4   0x00000034   Code   RO         1497    i.Display_Task      display_task.o
    0x000012e8   0x00000044   Code   RO         1498    i.Display_Task_Init  display_task.o
    0x0000132c   0x00000028   Code   RO         1536    i.GPIODirModeSet    driverlib.lib(gpio.o)
    0x00001354   0x00000138   Code   RO         1546    i.GPIOPadConfigSet  driverlib.lib(gpio.o)
    0x0000148c   0x00000044   Code   RO         1547    i.GPIOPinConfigure  driverlib.lib(gpio.o)
    0x000014d0   0x00000006   Code   RO         1548    i.GPIOPinRead       driverlib.lib(gpio.o)
    0x000014d6   0x0000001c   Code   RO         1550    i.GPIOPinTypeCAN    driverlib.lib(gpio.o)
    0x000014f2   0x0000001c   Code   RO         1558    i.GPIOPinTypeGPIOOutput  driverlib.lib(gpio.o)
    0x0000150e   0x00000006   Code   RO         1576    i.GPIOPinWrite      driverlib.lib(gpio.o)
    0x00001514   0x00000050   Code   RO         1851    i.HibernateClockConfig  driverlib.lib(hibernate.o)
    0x00001564   0x00000018   Code   RO         1856    i.HibernateEnableExpClk  driverlib.lib(hibernate.o)
    0x0000157c   0x00000018   Code   RO         1870    i.HibernateRTCEnable  driverlib.lib(hibernate.o)
    0x00001594   0x0000000c   Code   RO         1871    i.HibernateRTCGet   driverlib.lib(hibernate.o)
    0x000015a0   0x00000034   Code   RO         1877    i.HibernateRTCSet   driverlib.lib(hibernate.o)
    0x000015d4   0x00000064   Code   RO         2175    i.IntEnable         driverlib.lib(interrupt.o)
    0x00001638   0x00000034   Code   RO         2187    i.IntRegister       driverlib.lib(interrupt.o)
    0x0000166c   0x00000012   Code   RO          332    i.LCD_Clear         lcd20x04.o
    0x0000167e   0x00000004   Code   RO          333    i.LCD_DispChar      lcd20x04.o
    0x00001682   0x00000006   Code   RO          334    i.LCD_DispCursor    lcd20x04.o
    0x00001688   0x00000014   Code   RO          335    i.LCD_DispString    lcd20x04.o
    0x0000169c   0x0000002a   Code   RO          336    i.LCD_GoToXy        lcd20x04.o
    0x000016c6   0x00000006   Code   RO          337    i.LCD_HideCursor    lcd20x04.o
    0x000016cc   0x00000078   Code   RO          338    i.LCD_Init          lcd20x04.o
    0x00001744   0x00000016   Code   RO          394    i.LcdDay            lcdmr.o
    0x0000175a   0x00000016   Code   RO          395    i.LcdHr             lcdmr.o
    0x00001770   0x00000016   Code   RO          396    i.LcdLength         lcdmr.o
    0x00001786   0x00000016   Code   RO          397    i.LcdMin            lcdmr.o
    0x0000179c   0x00000016   Code   RO          398    i.LcdMonth          lcdmr.o
    0x000017b2   0x00000004   Code   RO          400    i.LcdMr_Init        lcdmr.o
    0x000017b6   0x00000002   PAD
    0x000017b8   0x000000c4   Code   RO          402    i.LcdNormalScreenBase  lcdmr.o
    0x0000187c   0x00000016   Code   RO          403    i.LcdRadius         lcdmr.o
    0x00001892   0x00000016   Code   RO          404    i.LcdSec            lcdmr.o
    0x000018a8   0x0000009c   Code   RO          405    i.LcdSetupScreenBase  lcdmr.o
    0x00001944   0x00000024   Code   RO          406    i.LcdT1             lcdmr.o
    0x00001968   0x00000024   Code   RO          407    i.LcdT2             lcdmr.o
    0x0000198c   0x00000024   Code   RO          408    i.LcdT3             lcdmr.o
    0x000019b0   0x00000024   Code   RO          409    i.LcdT4             lcdmr.o
    0x000019d4   0x00000024   Code   RO          410    i.LcdT5             lcdmr.o
    0x000019f8   0x00000024   Code   RO          411    i.LcdT6             lcdmr.o
    0x00001a1c   0x00000016   Code   RO          412    i.LcdYr             lcdmr.o
    0x00001a32   0x00000002   PAD
    0x00001a34   0x00000014   Code   RO          180    i.Port1ReadBits     btn.o
    0x00001a48   0x0000003c   Code   RO          267    i.ReceiveData       cancom.o
    0x00001a84   0x00000068   Code   RO         1464    i.RollOverAdjust    buttonspoll_task.o
    0x00001aec   0x00000030   Code   RO          522    i.Rtc_GetDate       rtc.o
    0x00001b1c   0x00000020   Code   RO          523    i.Rtc_Init          rtc.o
    0x00001b3c   0x00000030   Code   RO          524    i.Rtc_SetDate       rtc.o
    0x00001b6c   0x0000004c   Code   RO            3    i.Rx_Task           tank_monitor_ecu.o
    0x00001bb8   0x0000007c   Code   RO          339    i.SendCommand       lcd20x04.o
    0x00001c34   0x0000007c   Code   RO          340    i.SendData          lcd20x04.o
    0x00001cb0   0x00000154   Code   RO         2293    i.SysCtlClockGet    driverlib.lib(sysctl.o)
    0x00001e04   0x00000120   Code   RO         2295    i.SysCtlClockSet    driverlib.lib(sysctl.o)
    0x00001f24   0x00000028   Code   RO         2324    i.SysCtlPeripheralEnable  driverlib.lib(sysctl.o)
    0x00001f4c   0x00000068   Code   RO          299    i.Timer1_Init       delay.o
    0x00001fb4   0x00000006   Code   RO         2638    i.TimerClockSourceSet  driverlib.lib(timer.o)
    0x00001fba   0x00000002   PAD
    0x00001fbc   0x00000014   Code   RO          268    i.TransmitSync      cancom.o
    0x00001fd0   0x00000038   Code   RO            4    i.Tx_Task           tank_monitor_ecu.o
    0x00002008   0x00000006   Code   RO         2889    i.UARTClockSourceSet  driverlib.lib(uart.o)
    0x0000200e   0x00000002   PAD
    0x00002010   0x0000005c   Code   RO         1164    i.UARTStdioConfig   uartstdio.o
    0x0000206c   0x00000012   Code   RO         1167    i.UARTprintf        uartstdio.o
    0x0000207e   0x00000002   PAD
    0x00002080   0x000001b4   Code   RO         1168    i.UARTvprintf       uartstdio.o
    0x00002234   0x0000003c   Code   RO         1169    i.UARTwrite         uartstdio.o
    0x00002270   0x00000058   Code   RO         1348    i._CANIntNumberGet  can.o
    0x000022c8   0x0000000e   Code   RO         3215    i.__scatterload_copy  mc_w.l(handlers.o)
    0x000022d6   0x00000002   Code   RO         3216    i.__scatterload_null  mc_w.l(handlers.o)
    0x000022d8   0x0000000e   Code   RO         3217    i.__scatterload_zeroinit  mc_w.l(handlers.o)
    0x000022e6   0x00000002   PAD
    0x000022e8   0x0000003c   Code   RO          300    i.delay_ms          delay.o
    0x00002324   0x00000038   Code   RO          301    i.delay_us          delay.o
    0x0000235c   0x00000056   Code   RO            5    i.itoa_new          tank_monitor_ecu.o
    0x000023b2   0x00000002   PAD
    0x000023b4   0x000000e4   Code   RO            6    i.main              tank_monitor_ecu.o
    0x00002498   0x00000034   Code   RO          766    i.prvAddCurrentTaskToDelayedList  tasks.o
    0x000024cc   0x00000058   Code   RO          767    i.prvCheckTasksWaitingTermination  tasks.o
    0x00002524   0x00000026   Code   RO          601    i.prvCopyDataFromQueue  queue.o
    0x0000254a   0x0000006e   Code   RO          602    i.prvCopyDataToQueue  queue.o
    0x000025b8   0x00000006   Code   RO          768    i.prvIdleTask       tasks.o
    0x000025be   0x00000002   PAD
    0x000025c0   0x00000020   Code   RO          770    i.prvResetNextTaskUnblockTime  tasks.o
    0x000025e0   0x00000010   Code   RO         1072    i.prvTaskExitError  port.o
    0x000025f0   0x00000064   Code   RO          603    i.prvUnlockQueue    queue.o
    0x00002654   0x000000b4   Code   RO         1131    i.pvPortMalloc      heap_2.o
    0x00002708   0x00000018   Code   RO          773    i.pvTaskIncrementMutexHeldCount  tasks.o
    0x00002720   0x00000028   Code   RO         1073    i.pxPortInitialiseStack  port.o
    0x00002748   0x00000052   Code   RO         1213    i.ucmptime          ustdlib.o
    0x0000279a   0x00000002   PAD
    0x0000279c   0x0000009c   Code   RO          774    i.ulTaskNotifyTake  tasks.o
    0x00002838   0x000000a4   Code   RO         1214    i.ulocaltime        ustdlib.o
    0x000028dc   0x0000003a   Code   RO         1215    i.umktime           ustdlib.o
    0x00002916   0x00000024   Code   RO          559    i.uxListRemove      list.o
    0x0000293a   0x00000002   Code   RO            7    i.vApplicationStackOverflowHook  tank_monitor_ecu.o
    0x0000293c   0x00000010   Code   RO            8    i.vApplicationTickHook  tank_monitor_ecu.o
    0x0000294c   0x00000016   Code   RO          560    i.vListInitialise   list.o
    0x00002962   0x00000006   Code   RO          561    i.vListInitialiseItem  list.o
    0x00002968   0x00000030   Code   RO          562    i.vListInsert       list.o
    0x00002998   0x00000018   Code   RO          563    i.vListInsertEnd    list.o
    0x000029b0   0x0000001c   Code   RO         1075    i.vPortEnterCritical  port.o
    0x000029cc   0x00000014   Code   RO         1076    i.vPortExitCritical  port.o
    0x000029e0   0x0000003c   Code   RO         1132    i.vPortFree         heap_2.o
    0x00002a1c   0x00000014   Code   RO         1077    i.vPortSetupTimerInterrupt  port.o
    0x00002a30   0x00000070   Code   RO          783    i.vTaskDelayUntil   tasks.o
    0x00002aa0   0x0000000c   Code   RO          786    i.vTaskMissedYield  tasks.o
    0x00002aac   0x00000084   Code   RO          787    i.vTaskNotifyGiveFromISR  tasks.o
    0x00002b30   0x00000050   Code   RO          788    i.vTaskPlaceOnEventList  tasks.o
    0x00002b80   0x00000084   Code   RO          790    i.vTaskPriorityInherit  tasks.o
    0x00002c04   0x00000010   Code   RO          794    i.vTaskSetTimeOutState  tasks.o
    0x00002c14   0x00000054   Code   RO          795    i.vTaskStartScheduler  tasks.o
    0x00002c68   0x00000010   Code   RO          797    i.vTaskSuspendAll   tasks.o
    0x00002c78   0x00000070   Code   RO          798    i.vTaskSwitchContext  tasks.o
    0x00002ce8   0x00000040   Code   RO         1078    i.xPortStartScheduler  port.o
    0x00002d28   0x0000002c   Code   RO         1079    i.xPortSysTickHandler  port.o
    0x00002d54   0x0000004a   Code   RO          613    i.xQueueCreateMutex  queue.o
    0x00002d9e   0x00000048   Code   RO          614    i.xQueueGenericCreate  queue.o
    0x00002de6   0x00000002   PAD
    0x00002de8   0x0000012c   Code   RO          615    i.xQueueGenericReceive  queue.o
    0x00002f14   0x00000070   Code   RO          616    i.xQueueGenericReset  queue.o
    0x00002f84   0x00000100   Code   RO          617    i.xQueueGenericSend  queue.o
    0x00003084   0x00000048   Code   RO          799    i.xTaskCheckForTimeOut  tasks.o
    0x000030cc   0x00000188   Code   RO          800    i.xTaskGenericCreate  tasks.o
    0x00003254   0x0000000c   Code   RO          804    i.xTaskGetTickCount  tasks.o
    0x00003260   0x000000c0   Code   RO          806    i.xTaskIncrementTick  tasks.o
    0x00003320   0x00000070   Code   RO          809    i.xTaskPriorityDisinherit  tasks.o
    0x00003390   0x00000064   Code   RO          810    i.xTaskRemoveFromEventList  tasks.o
    0x000033f4   0x000000b0   Code   RO          812    i.xTaskResumeAll    tasks.o
    0x000034a4   0x0000001c   Data   RO         1170    .constdata          uartstdio.o
    0x000034c0   0x0000004c   Data   RO         1230    .constdata          ustdlib.o
    0x0000350c   0x00000020   Data   RO         1349    .constdata          can.o
    0x0000352c   0x00000210   Data   RO         1577    .constdata          driverlib.lib(gpio.o)
    0x0000373c   0x0000010c   Data   RO         2191    .constdata          driverlib.lib(interrupt.o)
    0x00003848   0x00000254   Data   RO         2346    .constdata          driverlib.lib(sysctl.o)
    0x00003a9c   0x00000056   Data   RO         3186    .constdata          mc_w.l(strftime.o)
    0x00003af2   0x00000002   PAD
    0x00003af4   0x00000011   Data   RO         1171    .conststring        uartstdio.o
    0x00003b05   0x00000003   PAD
    0x00003b08   0x00000020   Data   RO         3213    Region$$Table       anon$$obj.o


    Execution Region RW_IRAM (Base: 0x20000000, Size: 0x00007fc8, Max: 0x00008000, ABSOLUTE, COMPRESSED[0x00000020])

    Base Addr    Size         Type   Attr      Idx    E Section Name        Object

    0x20000000   0x0000001c   Data   RW           10    .data               tank_monitor_ecu.o
    0x2000001c   0x00000001   Data   RW           11    .data               tank_monitor_ecu.o
    0x2000001d   0x00000003   PAD
    0x20000020   0x00000008   Data   RW          229    .data               btnmr.o
    0x20000028   0x00000004   Data   RW          270    .data               cancom.o
    0x2000002c   0x00000038   Data   RW          815    .data               tasks.o
    0x20000064   0x00000004   Data   RW         1080    .data               port.o
    0x20000068   0x00000018   Data   RW         1136    .data               heap_2.o
    0x20000080   0x00000008   Data   RW         1172    .data               uartstdio.o
    0x20000088   0x00000008   Data   RW         1465    .data               buttonspoll_task.o
    0x20000090   0x00000008   Data   RW         1500    .data               display_task.o
    0x20000098   0x00000368   PAD
    0x20000400   0x0000026c   Data   RW         2192    vtable              driverlib.lib(interrupt.o)
    0x2000066c   0x0000000c   Zero   RW          228    .bss                btnmr.o
    0x20000678   0x00000028   Zero   RW          269    .bss                cancom.o
    0x200006a0   0x000001a4   Zero   RW          814    .bss                tasks.o
    0x20000844   0x00007530   Zero   RW         1135    .bss                heap_2.o
    0x20007d74   0x00000050   Zero   RW         1499    .bss                display_task.o
    0x20007dc4   0x00000004   PAD
    0x20007dc8   0x00000200   Zero   RW         1323    STACK               startup_rvmdk.o


==============================================================================

Image component sizes


      Code (inc. data)   RO Data    RW Data    ZI Data      Debug   Object Name

       180         16          0          0          0       4106   btn.o
       276         18          0          8         12       3659   btnmr.o
       376         48          0          8          0       4174   buttonspoll_task.o
      1082         36         32          0          0      10350   can.o
       256         58          0          4         40       2370   cancom.o
       220         28          0          0          0       1584   delay.o
       876        146          0          8         80       4841   display_task.o
       240         12          0         24      30000       3459   heap_2.o
       464         18          0          0          0       4274   lcd20x04.o
       748        150          0          0          0       8466   lcdmr.o
       136          0          0          0          0       3514   list.o
       414         52          0          4          0       7728   port.o
      1062         14          0          0          0      17726   queue.o
       128         12          0          0          0       2201   rtc.o
       648        622          0          0        512        224   startup_rvmdk.o
       668        162          0         29          0      31012   tank_monitor_ecu.o
      2110        190          0         56        420      29444   tasks.o
       606         30         45          8          0       5224   uartstdio.o
       304         10         76          0          0       3170   ustdlib.o

    ----------------------------------------------------------------------
     10816       1622        188       1024      31068     147526   Object Totals
         0          0         32          0          0          0   (incl. Generated)
        22          0          3        875          4          0   (incl. Padding)

    ----------------------------------------------------------------------

      Code (inc. data)   RO Data    RW Data    ZI Data      Debug   Library Member Name

       488          8        528          0          0       8165   gpio.o
       192         40          0          0          0       4515   hibernate.o
       152         16        268        620          0       2150   interrupt.o
       674         58        596          0          0       4395   sysctl.o
         6          0          0          0          0        502   timer.o
         6          0          0          0          0        497   uart.o
        58          0          0          0          0          0   __dczerorl.o
         0          0          0          0          0          0   entry.o
         0          0          0          0          0          0   entry10a.o
         0          0          0          0          0          0   entry11a.o
         8          4          0          0          0          0   entry2.o
         4          0          0          0          0          0   entry5.o
         0          0          0          0          0          0   entry7b.o
         0          0          0          0          0          0   entry8b.o
         8          4          0          0          0          0   entry9a.o
        30          0          0          0          0          0   handlers.o
        36          8          0          0          0         68   init.o
        36          0          0          0          0         68   memcpya.o
        36          0          0          0          0        108   memseta.o
       916        264         86          0          0        144   strftime.o

    ----------------------------------------------------------------------
      2660        402       1480        620          0      20612   Library Totals
        10          0          2          0          0          0   (incl. Padding)

    ----------------------------------------------------------------------

      Code (inc. data)   RO Data    RW Data    ZI Data      Debug   Library Name

      1518        122       1392        620          0      20224   driverlib.lib
      1132        280         86          0          0        388   mc_w.l

    ----------------------------------------------------------------------
      2660        402       1480        620          0      20612   Library Totals

    ----------------------------------------------------------------------

==============================================================================


      Code (inc. data)   RO Data    RW Data    ZI Data      Debug   

     13476       2024       1668       1644      31068     154970   Grand Totals
     13476       2024       1668         32      31068     154970   ELF Image Totals (compressed)
     13476       2024       1668         32          0          0   ROM Totals

==============================================================================

    Total RO  Size (Code + RO Data)                15144 (  14.79kB)
    Total RW  Size (RW Data + ZI Data)             32712 (  31.95kB)
    Total ROM Size (Code + RO Data + RW Data)      15176 (  14.82kB)

==============================================================================

