Component: ARM Compiler 5.06 update 4 (build 422) Tool: armlink [4d35d2]

==============================================================================

Section Cross References

    tank_monitor_ecu.o(i.CANIntHandler) refers to can.o(i.CANIntStatus) for CANIntStatus
    tank_monitor_ecu.o(i.CANIntHandler) refers to can.o(i.CANIntClear) for CANIntClear
    tank_monitor_ecu.o(i.CANIntHandler) refers to can.o(i.CANStatusGet) for CANStatusGet
    tank_monitor_ecu.o(i.CANIntHandler) refers to tasks.o(i.vTaskNotifyGiveFromISR) for vTaskNotifyGiveFromISR
    tank_monitor_ecu.o(i.CANIntHandler) refers to tank_monitor_ecu.o(.data) for .data
    tank_monitor_ecu.o(i.ConfigureUART) refers to uart.o(i.UARTClockSourceSet) for UARTClockSourceSet
    tank_monitor_ecu.o(i.ConfigureUART) refers to uartstdio.o(i.UARTStdioConfig) for UARTStdioConfig
    tank_monitor_ecu.o(i.Rx_Task) refers to cancom.o(i.CANCom_Master_Init) for CANCom_Master_Init
    tank_monitor_ecu.o(i.Rx_Task) refers to tasks.o(i.ulTaskNotifyTake) for ulTaskNotifyTake
    tank_monitor_ecu.o(i.Rx_Task) refers to cancom.o(i.ReceiveData) for ReceiveData
    tank_monitor_ecu.o(i.Rx_Task) refers to queue.o(i.xQueueGenericSend) for xQueueGenericSend
    tank_monitor_ecu.o(i.Rx_Task) refers to uartstdio.o(i.UARTprintf) for UARTprintf
    tank_monitor_ecu.o(i.Rx_Task) refers to tank_monitor_ecu.o(.data) for .data
    tank_monitor_ecu.o(i.SetupScreen_Task) refers to queue.o(i.xQueueGenericReceive) for xQueueGenericReceive
    tank_monitor_ecu.o(i.SetupScreen_Task) refers to rtc.o(i.Rtc_SetDate) for Rtc_SetDate
    tank_monitor_ecu.o(i.SetupScreen_Task) refers to lcd20x04.o(i.LCD_HideCursor) for LCD_HideCursor
    tank_monitor_ecu.o(i.SetupScreen_Task) refers to lcd20x04.o(i.LCD_Clear) for LCD_Clear
    tank_monitor_ecu.o(i.SetupScreen_Task) refers to tasks.o(i.vTaskResume) for vTaskResume
    tank_monitor_ecu.o(i.SetupScreen_Task) refers to strftime.o(.text) for strftime
    tank_monitor_ecu.o(i.SetupScreen_Task) refers to tank_monitor_ecu.o(i.itoa_new) for itoa_new
    tank_monitor_ecu.o(i.SetupScreen_Task) refers to tasks.o(i.vTaskSuspend) for vTaskSuspend
    tank_monitor_ecu.o(i.SetupScreen_Task) refers to lcdmr.o(i.LcdSetupScreenBase) for LcdSetupScreenBase
    tank_monitor_ecu.o(i.SetupScreen_Task) refers to lcdmr.o(i.LcdHr) for LcdHr
    tank_monitor_ecu.o(i.SetupScreen_Task) refers to lcdmr.o(i.LcdMin) for LcdMin
    tank_monitor_ecu.o(i.SetupScreen_Task) refers to lcdmr.o(i.LcdSec) for LcdSec
    tank_monitor_ecu.o(i.SetupScreen_Task) refers to lcdmr.o(i.LcdDay) for LcdDay
    tank_monitor_ecu.o(i.SetupScreen_Task) refers to lcdmr.o(i.LcdMonth) for LcdMonth
    tank_monitor_ecu.o(i.SetupScreen_Task) refers to lcdmr.o(i.LcdYr) for LcdYr
    tank_monitor_ecu.o(i.SetupScreen_Task) refers to lcdmr.o(i.LcdRadius) for LcdRadius
    tank_monitor_ecu.o(i.SetupScreen_Task) refers to lcdmr.o(i.LcdLength) for LcdLength
    tank_monitor_ecu.o(i.SetupScreen_Task) refers to lcd20x04.o(i.LCD_DispCursor) for LCD_DispCursor
    tank_monitor_ecu.o(i.SetupScreen_Task) refers to buttonspoll_task.o(.data) for xQueuebtns
    tank_monitor_ecu.o(i.SetupScreen_Task) refers to tank_monitor_ecu.o(.data) for .data
    tank_monitor_ecu.o(i.Tx_Task) refers to tasks.o(i.xTaskGetTickCount) for xTaskGetTickCount
    tank_monitor_ecu.o(i.Tx_Task) refers to tasks.o(i.vTaskDelayUntil) for vTaskDelayUntil
    tank_monitor_ecu.o(i.Tx_Task) refers to uartstdio.o(i.UARTprintf) for UARTprintf
    tank_monitor_ecu.o(i.Tx_Task) refers to cancom.o(i.TransmitSync) for TransmitSync
    tank_monitor_ecu.o(i.main) refers to sysctl.o(i.SysCtlClockSet) for SysCtlClockSet
    tank_monitor_ecu.o(i.main) refers to tank_monitor_ecu.o(i.ConfigureUART) for ConfigureUART
    tank_monitor_ecu.o(i.main) refers to rtc.o(i.Rtc_Init) for Rtc_Init
    tank_monitor_ecu.o(i.main) refers to lcdmr.o(i.LcdMr_Init) for LcdMr_Init
    tank_monitor_ecu.o(i.main) refers to uartstdio.o(i.UARTprintf) for UARTprintf
    tank_monitor_ecu.o(i.main) refers to queue.o(i.xQueueCreateMutex) for xQueueCreateMutex
    tank_monitor_ecu.o(i.main) refers to queue.o(i.xQueueGenericCreate) for xQueueGenericCreate
    tank_monitor_ecu.o(i.main) refers to tasks.o(i.xTaskGenericCreate) for xTaskGenericCreate
    tank_monitor_ecu.o(i.main) refers to buttonspoll_task.o(i.ButtonsPoll_Task_Init) for ButtonsPoll_Task_Init
    tank_monitor_ecu.o(i.main) refers to display_task.o(i.Display_Task_Init) for Display_Task_Init
    tank_monitor_ecu.o(i.main) refers to tasks.o(i.vTaskStartScheduler) for vTaskStartScheduler
    tank_monitor_ecu.o(i.main) refers to tank_monitor_ecu.o(.data) for .data
    tank_monitor_ecu.o(i.main) refers to tank_monitor_ecu.o(i.Tx_Task) for Tx_Task
    tank_monitor_ecu.o(i.main) refers to tank_monitor_ecu.o(i.Rx_Task) for Rx_Task
    tank_monitor_ecu.o(i.main) refers to tank_monitor_ecu.o(i.SetupScreen_Task) for SetupScreen_Task
    tank_monitor_ecu.o(i.vApplicationTickHook) refers to tank_monitor_ecu.o(.data) for .data
[...]
    entry2.o(.ARM.Collect$$$$00002712) refers to startup_rvmdk.o(STACK) for __initial_sp
    entry2.o(__vectab_stack_and_reset_area) refers to startup_rvmdk.o(STACK) for __initial_sp
    entry2.o(__vectab_stack_and_reset_area) refers to entry.o(.ARM.Collect$$$$00000000) for __main
    entry5.o(.ARM.Collect$$$$00000004) refers to init.o(.text) for __scatterload
    entry9a.o(.ARM.Collect$$$$0000000B) refers to tank_monitor_ecu.o(i.main) for main
    entry9b.o(.ARM.Collect$$$$0000000C) refers to tank_monitor_ecu.o(i.main) for main
    init.o(.text) refers to entry5.o(.ARM.Collect$$$$00000004) for __main_after_scatterload


==============================================================================

Removing Unused input sections from the image.

    Removing tank_monitor_ecu.o(.data), (4 bytes).
    Removing tank_monitor_ecu.o(.data), (4 bytes).
    Removing tank_monitor_ecu.o(.data), (4 bytes).
    Removing btn.o(i.ButtonPressed), (12 bytes).
    Removing delay.o(.data), (4 bytes).
    Removing lcdmr.o(i.LcdCal), (180 bytes).
    Removing lcdmr.o(i.LcdMr), (248 bytes).
    Removing lcdmr.o(i.LcdMr_Setup_screen), (160 bytes).
    Removing rtc.o(.data), (4 bytes).
    Removing queue.o(i.ucQueueGetQueueType), (6 bytes).
    Removing queue.o(i.uxQueueGetQueueNumber), (4 bytes).
    Removing queue.o(i.uxQueueMessagesWaiting), (18 bytes).
    Removing queue.o(i.uxQueueMessagesWaitingFromISR), (4 bytes).
    Removing queue.o(i.uxQueueSpacesAvailable), (22 bytes).
    Removing queue.o(i.vQueueAddToRegistry), (36 bytes).
    Removing queue.o(i.vQueueDelete), (18 bytes).
    Removing queue.o(i.vQueueSetQueueNumber), (4 bytes).
    Removing queue.o(i.vQueueUnregisterQueue), (36 bytes).
    Removing queue.o(i.xQueueGenericSendFromISR), (96 bytes).
    Removing queue.o(i.xQueueGiveFromISR), (86 bytes).
    Removing queue.o(i.xQueueGiveMutexRecursive), (42 bytes).
    Removing queue.o(i.xQueueIsQueueEmptyFromISR), (12 bytes).
    Removing queue.o(i.xQueueIsQueueFullFromISR), (16 bytes).
    Removing queue.o(i.xQueuePeekFromISR), (44 bytes).
    Removing queue.o(i.xQueueReceiveFromISR), (88 bytes).
    Removing queue.o(i.xQueueTakeMutexRecursive), (50 bytes).
    Removing queue.o(.bss), (80 bytes).
    Removing tasks.o(i.prvListTaskWithinSingleList), (126 bytes).
    Removing tasks.o(i.prvTaskCheckFreeStackSpace), (20 bytes).
    Removing tasks.o(i.uxTaskGetNumberOfTasks), (12 bytes).
    Removing tasks.o(i.uxTaskGetStackHighWaterMark), (16 bytes).
    Removing tasks.o(i.uxTaskGetSystemState), (152 bytes).
    Removing tasks.o(i.uxTaskGetTaskNumber), (8 bytes).
    Removing tasks.o(i.uxTaskPriorityGet), (28 bytes).
    Removing tasks.o(i.uxTaskPriorityGetFromISR), (36 bytes).
    Removing tasks.o(i.uxTaskResetEventItemValue), (24 bytes).
    Removing tasks.o(i.vTaskDelay), (84 bytes).
    Removing tasks.o(i.vTaskDelete), (144 bytes).
    Removing tasks.o(i.vTaskEndScheduler), (28 bytes).
    Removing tasks.o(i.vTaskPlaceOnUnorderedEventList), (88 bytes).
    Removing tasks.o(i.vTaskPrioritySet), (180 bytes).
    Removing tasks.o(i.vTaskSetTaskNumber), (8 bytes).
    Removing tasks.o(i.xTaskGenericNotify), (164 bytes).
    Removing tasks.o(i.xTaskGenericNotifyFromISR), (184 bytes).
    Removing tasks.o(i.xTaskGetCurrentTaskHandle), (12 bytes).
    Removing tasks.o(i.xTaskGetTickCountFromISR), (12 bytes).
    Removing tasks.o(i.xTaskNotifyStateClear), (48 bytes).
    Removing tasks.o(i.xTaskNotifyWait), (184 bytes).
    Removing tasks.o(i.xTaskRemoveFromUnorderedEventList), (80 bytes).
    Removing tasks.o(i.xTaskResumeFromISR), (120 bytes).
    Removing port.o(i.vPortEndScheduler), (2 bytes).
    Removing heap_2.o(i.vPortInitialiseBlocks), (2 bytes).
    Removing heap_2.o(i.xPortGetFreeHeapSize), (12 bytes).
    Removing uartstdio.o(i.UARTgetc), (24 bytes).
    Removing uartstdio.o(i.UARTgets), (132 bytes).
    Removing ustdlib.o(i.urand), (28 bytes).
    Removing ustdlib.o(i.usnprintf), (18 bytes).
    Removing ustdlib.o(i.usprintf), (22 bytes).
    Removing ustdlib.o(i.usrand), (12 bytes).
    Removing ustdlib.o(i.ustrcasecmp), (8 bytes).
    Removing ustdlib.o(i.ustrcmp), (8 bytes).
    Removing ustdlib.o(i.ustrlen), (16 bytes).
    Removing ustdlib.o(i.ustrncasecmp), (70 bytes).
    Removing ustdlib.o(i.ustrncmp), (46 bytes).
    Removing ustdlib.o(i.ustrncpy), (36 bytes).
    Removing ustdlib.o(i.ustrstr), (42 bytes).
    Removing ustdlib.o(i.ustrtof), (316 bytes).
    Removing ustdlib.o(i.ustrtoul), (158 bytes).
    Removing ustdlib.o(i.uvsnprintf), (592 bytes).
    Removing ustdlib.o(.data), (4 bytes).
    Removing startup_rvmdk.o(HEAP), (0 bytes).
    Removing startup_rvmdk.o(.text), (0 bytes).
    Removing can.o(i.CANBitTimingGet), (42 bytes).
    Removing can.o(i.CANBitTimingSet), (84 bytes).
    Removing can.o(i.CANDisable), (10 bytes).
    Removing can.o(i.CANErrCntrGet), (24 bytes).
    Removing can.o(i.CANIntDisable), (8 bytes).
    Removing can.o(i.CANIntUnregister), (22 bytes).
    Removing can.o(i.CANMessageClear), (24 bytes).
    Removing can.o(i.CANRetryGet), (14 bytes).
    Removing can.o(i.CANRetrySet), (18 bytes).
    Removing gpio.o(i.GPIOADCTriggerDisable), (14 bytes).
    Removing gpio.o(i.GPIOADCTriggerEnable), (12 bytes).
    Removing gpio.o(i.GPIODMATriggerDisable), (14 bytes).
    Removing gpio.o(i.GPIODMATriggerEnable), (12 bytes).
    Removing gpio.o(i.GPIODirModeGet), (34 bytes).
    Removing gpio.o(i.GPIOIntClear), (6 bytes).
    Removing gpio.o(i.GPIOIntDisable), (14 bytes).
    Removing gpio.o(i.GPIOIntEnable), (12 bytes).
    Removing gpio.o(i.GPIOIntRegister), (88 bytes).
    Removing gpio.o(i.GPIOIntStatus), (14 bytes).
    Removing gpio.o(i.GPIOIntTypeGet), (68 bytes).
    Removing gpio.o(i.GPIOIntTypeSet), (80 bytes).
    Removing gpio.o(i.GPIOIntUnregister), (88 bytes).
    Removing gpio.o(i.GPIOPadConfigGet), (204 bytes).
    Removing gpio.o(i.GPIOPinTypeADC), (28 bytes).
    Removing gpio.o(i.GPIOPinTypeComparator), (28 bytes).
    Removing gpio.o(i.GPIOPinTypeComparatorOutput), (28 bytes).
    Removing gpio.o(i.GPIOPinTypeDIVSCLK), (28 bytes).
    Removing gpio.o(i.GPIOPinTypeEPI), (28 bytes).
    Removing gpio.o(i.GPIOPinTypeEthernetLED), (28 bytes).
    Removing gpio.o(i.GPIOPinTypeEthernetMII), (28 bytes).
    Removing gpio.o(i.GPIOPinTypeGPIOInput), (28 bytes).
    Removing gpio.o(i.GPIOPinTypeGPIOOutputOD), (28 bytes).
    Removing gpio.o(i.GPIOPinTypeHibernateRTCCLK), (28 bytes).
    Removing gpio.o(i.GPIOPinTypeI2C), (28 bytes).
    Removing gpio.o(i.GPIOPinTypeI2CSCL), (28 bytes).
    Removing gpio.o(i.GPIOPinTypeLCD), (28 bytes).
    Removing gpio.o(i.GPIOPinTypeOneWire), (28 bytes).
    Removing gpio.o(i.GPIOPinTypePWM), (28 bytes).
    Removing gpio.o(i.GPIOPinTypeQEI), (28 bytes).
    Removing gpio.o(i.GPIOPinTypeSSI), (28 bytes).
    Removing gpio.o(i.GPIOPinTypeTimer), (28 bytes).
    Removing gpio.o(i.GPIOPinTypeTrace), (28 bytes).
    Removing gpio.o(i.GPIOPinTypeUART), (28 bytes).
    Removing gpio.o(i.GPIOPinTypeUSBAnalog), (28 bytes).
    Removing gpio.o(i.GPIOPinTypeUSBDigital), (28 bytes).
    Removing gpio.o(i.GPIOPinTypeWakeHigh), (30 bytes).
    Removing gpio.o(i.GPIOPinTypeWakeLow), (30 bytes).
    Removing gpio.o(i.GPIOPinWakeStatus), (6 bytes).
    Removing hibernate.o(i.HibernateBatCheckDone), (16 bytes).
    Removing hibernate.o(i.HibernateBatCheckStart), (24 bytes).
    Removing hibernate.o(i.HibernateCalendarGet), (120 bytes).
    Removing hibernate.o(i.HibernateCalendarMatchGet), (120 bytes).
    Removing hibernate.o(i.HibernateCalendarMatchSet), (12 bytes).
    Removing hibernate.o(i.HibernateCalendarSet), (12 bytes).
    Removing hibernate.o(i.HibernateCounterMode), (20 bytes).
    Removing hibernate.o(i.HibernateDataGet), (32 bytes).
    Removing hibernate.o(i.HibernateDataSet), (56 bytes).
    Removing hibernate.o(i.HibernateDisable), (24 bytes).
    Removing hibernate.o(i.HibernateGPIORetentionDisable), (28 bytes).
    Removing hibernate.o(i.HibernateGPIORetentionEnable), (28 bytes).
    Removing hibernate.o(i.HibernateGPIORetentionGet), (28 bytes).
    Removing hibernate.o(i.HibernateIntClear), (24 bytes).
    Removing hibernate.o(i.HibernateIntDisable), (24 bytes).
    Removing hibernate.o(i.HibernateIntEnable), (24 bytes).
    Removing hibernate.o(i.HibernateIntRegister), (52 bytes).
    Removing hibernate.o(i.HibernateIntStatus), (16 bytes).
    Removing hibernate.o(i.HibernateIntUnregister), (48 bytes).
    Removing hibernate.o(i.HibernateIsActive), (16 bytes).
    Removing hibernate.o(i.HibernateLowBatGet), (16 bytes).
    Removing hibernate.o(i.HibernateLowBatSet), (32 bytes).
    Removing hibernate.o(i.HibernateRTCDisable), (24 bytes).
    Removing hibernate.o(i.HibernateRTCMatchGet), (12 bytes).
    Removing hibernate.o(i.HibernateRTCMatchSet), (20 bytes).
    Removing hibernate.o(i.HibernateRTCSSGet), (16 bytes).
    Removing hibernate.o(i.HibernateRTCSSMatchGet), (12 bytes).
    Removing hibernate.o(i.HibernateRTCSSMatchSet), (20 bytes).
    Removing hibernate.o(i.HibernateRTCTrimGet), (12 bytes).
    Removing hibernate.o(i.HibernateRTCTrimSet), (20 bytes).
    Removing hibernate.o(i.HibernateRequest), (24 bytes).
    Removing hibernate.o(i.HibernateTamperDisable), (64 bytes).
    Removing hibernate.o(i.HibernateTamperEnable), (64 bytes).
    Removing hibernate.o(i.HibernateTamperEventsClear), (64 bytes).
    Removing hibernate.o(i.HibernateTamperEventsClearNoLock), (32 bytes).
    Removing hibernate.o(i.HibernateTamperEventsConfig), (72 bytes).
    Removing hibernate.o(i.HibernateTamperEventsGet), (84 bytes).
    Removing hibernate.o(i.HibernateTamperExtOscRecover), (64 bytes).
    Removing hibernate.o(i.HibernateTamperExtOscValid), (60 bytes).
    Removing hibernate.o(i.HibernateTamperIODisable), (72 bytes).
    Removing hibernate.o(i.HibernateTamperIOEnable), (84 bytes).
    Removing hibernate.o(i.HibernateTamperLock), (32 bytes).
    Removing hibernate.o(i.HibernateTamperStatusGet), (52 bytes).
    Removing hibernate.o(i.HibernateTamperUnLock), (28 bytes).
    Removing hibernate.o(i.HibernateWakeGet), (56 bytes).
    Removing hibernate.o(i.HibernateWakeSet), (108 bytes).
    Removing hibernate.o(i._HibernateCalendarSet), (268 bytes).
    Removing interrupt.o(i.IntDisable), (100 bytes).
    Removing interrupt.o(i.IntIsEnabled), (96 bytes).
    Removing interrupt.o(i.IntMasterDisable), (14 bytes).
    Removing interrupt.o(i.IntMasterEnable), (14 bytes).
    Removing interrupt.o(i.IntPendClear), (68 bytes).
    Removing interrupt.o(i.IntPendSet), (84 bytes).
    Removing interrupt.o(i.IntPriorityGet), (28 bytes).
    Removing interrupt.o(i.IntPriorityGroupingGet), (36 bytes).
    Removing interrupt.o(i.IntPriorityGroupingSet), (28 bytes).
    Removing interrupt.o(i.IntPriorityMaskGet), (4 bytes).
    Removing interrupt.o(i.IntPriorityMaskSet), (4 bytes).
    Removing interrupt.o(i.IntPrioritySet), (40 bytes).
    Removing interrupt.o(i.IntTrigger), (12 bytes).
    Removing interrupt.o(i.IntUnregister), (20 bytes).
    Removing interrupt.o(i._IntDefaultHandler), (2 bytes).
    Removing sysctl.o(i.SysCtlAltClkConfig), (12 bytes).
    Removing sysctl.o(i.SysCtlClockFreqSet), (708 bytes).
    Removing sysctl.o(i.SysCtlClockOutConfig), (20 bytes).
    Removing sysctl.o(i.SysCtlDeepSleep), (32 bytes).
    Removing sysctl.o(i.SysCtlDeepSleepClockConfigSet), (112 bytes).
    Removing sysctl.o(i.SysCtlDeepSleepClockSet), (12 bytes).
    Removing sysctl.o(i.SysCtlDeepSleepPowerSet), (12 bytes).
    Removing sysctl.o(i.SysCtlFlashSectorSizeGet), (56 bytes).
    Removing sysctl.o(i.SysCtlFlashSizeGet), (56 bytes).
    Removing sysctl.o(i.SysCtlGPIOAHBDisable), (28 bytes).
    Removing sysctl.o(i.SysCtlGPIOAHBEnable), (24 bytes).
    Removing sysctl.o(i.SysCtlIntClear), (12 bytes).
    Removing sysctl.o(i.SysCtlIntDisable), (16 bytes).
    Removing sysctl.o(i.SysCtlIntEnable), (16 bytes).
    Removing sysctl.o(i.SysCtlIntRegister), (20 bytes).
    Removing sysctl.o(i.SysCtlIntStatus), (16 bytes).
    Removing sysctl.o(i.SysCtlIntUnregister), (18 bytes).
    Removing sysctl.o(i.SysCtlLDODeepSleepGet), (12 bytes).
    Removing sysctl.o(i.SysCtlLDODeepSleepSet), (12 bytes).
    Removing sysctl.o(i.SysCtlLDOSleepGet), (12 bytes).
    Removing sysctl.o(i.SysCtlLDOSleepSet), (12 bytes).
    Removing sysctl.o(i.SysCtlMOSCConfigSet), (12 bytes).
    Removing sysctl.o(i.SysCtlNMIClear), (16 bytes).
    Removing sysctl.o(i.SysCtlNMIStatus), (12 bytes).
    Removing sysctl.o(i.SysCtlPIOSCCalibrate), (76 bytes).
    Removing sysctl.o(i.SysCtlPWMClockGet), (24 bytes).
    Removing sysctl.o(i.SysCtlPWMClockSet), (20 bytes).
    Removing sysctl.o(i.SysCtlPeripheralClockGating), (68 bytes).
    Removing sysctl.o(i.SysCtlPeripheralDeepSleepDisable), (40 bytes).
    Removing sysctl.o(i.SysCtlPeripheralDeepSleepEnable), (40 bytes).
    Removing sysctl.o(i.SysCtlPeripheralDisable), (40 bytes).
    Removing sysctl.o(i.SysCtlPeripheralPowerOff), (40 bytes).
    Removing sysctl.o(i.SysCtlPeripheralPowerOn), (40 bytes).
    Removing sysctl.o(i.SysCtlPeripheralPresent), (44 bytes).
    Removing sysctl.o(i.SysCtlPeripheralReady), (44 bytes).
    Removing sysctl.o(i.SysCtlPeripheralReset), (60 bytes).
    Removing sysctl.o(i.SysCtlPeripheralSleepDisable), (40 bytes).
    Removing sysctl.o(i.SysCtlPeripheralSleepEnable), (40 bytes).
    Removing sysctl.o(i.SysCtlReset), (16 bytes).
    Removing sysctl.o(i.SysCtlResetBehaviorGet), (12 bytes).
    Removing sysctl.o(i.SysCtlResetBehaviorSet), (12 bytes).
    Removing sysctl.o(i.SysCtlResetCauseClear), (16 bytes).
    Removing sysctl.o(i.SysCtlResetCauseGet), (12 bytes).
    Removing sysctl.o(i.SysCtlSRAMSizeGet), (16 bytes).
    Removing sysctl.o(i.SysCtlSleep), (4 bytes).
    Removing sysctl.o(i.SysCtlSleepPowerSet), (12 bytes).
    Removing sysctl.o(i.SysCtlUSBPLLDisable), (16 bytes).
    Removing sysctl.o(i.SysCtlUSBPLLEnable), (16 bytes).
    Removing sysctl.o(i.SysCtlVCOGet), (120 bytes).
    Removing sysctl.o(i.SysCtlVoltageEventClear), (16 bytes).
    Removing sysctl.o(i.SysCtlVoltageEventConfig), (12 bytes).
    Removing sysctl.o(i.SysCtlVoltageEventStatus), (12 bytes).
    Removing timer.o(i.TimerADCEventGet), (4 bytes).
    Removing timer.o(i.TimerADCEventSet), (4 bytes).
    Removing timer.o(i.TimerClockSourceGet), (6 bytes).
    Removing timer.o(i.TimerConfigure), (96 bytes).
    Removing timer.o(i.TimerControlEvent), (18 bytes).
    Removing timer.o(i.TimerControlLevel), (22 bytes).
    Removing timer.o(i.TimerControlStall), (22 bytes).
    Removing timer.o(i.TimerControlTrigger), (80 bytes).
    Removing timer.o(i.TimerControlWaitOnTrigger), (48 bytes).
    Removing timer.o(i.TimerDMAEventGet), (4 bytes).
    Removing timer.o(i.TimerDMAEventSet), (4 bytes).
    Removing timer.o(i.TimerDisable), (16 bytes).
    Removing timer.o(i.TimerEnable), (14 bytes).
    Removing timer.o(i.TimerIntClear), (4 bytes).
    Removing timer.o(i.TimerIntDisable), (10 bytes).
    Removing timer.o(i.TimerIntEnable), (8 bytes).
    Removing timer.o(i.TimerIntRegister), (104 bytes).
    Removing timer.o(i.TimerIntStatus), (10 bytes).
    Removing timer.o(i.TimerIntUnregister), (104 bytes).
    Removing timer.o(i.TimerLoadGet), (10 bytes).
    Removing timer.o(i.TimerLoadGet64), (14 bytes).
    Removing timer.o(i.TimerLoadSet), (18 bytes).
    Removing timer.o(i.TimerLoadSet64), (6 bytes).
    Removing timer.o(i.TimerMatchGet), (10 bytes).
    Removing timer.o(i.TimerMatchGet64), (14 bytes).
    Removing timer.o(i.TimerMatchSet), (18 bytes).
    Removing timer.o(i.TimerMatchSet64), (6 bytes).
    Removing timer.o(i.TimerPrescaleGet), (10 bytes).
    Removing timer.o(i.TimerPrescaleMatchGet), (10 bytes).
    Removing timer.o(i.TimerPrescaleMatchSet), (18 bytes).
    Removing timer.o(i.TimerPrescaleSet), (18 bytes).
    Removing timer.o(i.TimerRTCDisable), (10 bytes).
    Removing timer.o(i.TimerRTCEnable), (10 bytes).
    Removing timer.o(i.TimerSynchronize), (4 bytes).
    Removing timer.o(i.TimerUpdateMode), (42 bytes).
    Removing timer.o(i.TimerValueGet), (10 bytes).
    Removing timer.o(i.TimerValueGet64), (14 bytes).
    Removing timer.o(.constdata), (160 bytes).
    Removing uart.o(i.UART9BitAddrSend), (38 bytes).
    Removing uart.o(i.UART9BitAddrSet), (10 bytes).
    Removing uart.o(i.UART9BitDisable), (14 bytes).
    Removing uart.o(i.UART9BitEnable), (14 bytes).
    Removing uart.o(i.UARTBreakCtl), (18 bytes).
    Removing uart.o(i.UARTBusy), (8 bytes).
    Removing uart.o(i.UARTCharGet), (12 bytes).
    Removing uart.o(i.UARTCharGetNonBlocking), (16 bytes).
    Removing uart.o(i.UARTCharPut), (12 bytes).
    Removing uart.o(i.UARTCharPutNonBlocking), (16 bytes).
    Removing uart.o(i.UARTCharsAvail), (10 bytes).
    Removing uart.o(i.UARTClockSourceGet), (6 bytes).
    Removing uart.o(i.UARTConfigGetExpClk), (46 bytes).
    Removing uart.o(i.UARTConfigSetExpClk), (110 bytes).
    Removing uart.o(i.UARTDMADisable), (10 bytes).
    Removing uart.o(i.UARTDMAEnable), (8 bytes).
    Removing uart.o(i.UARTDisable), (30 bytes).
    Removing uart.o(i.UARTDisableSIR), (10 bytes).
    Removing uart.o(i.UARTEnable), (20 bytes).
    Removing uart.o(i.UARTEnableSIR), (18 bytes).
    Removing uart.o(i.UARTFIFODisable), (10 bytes).
    Removing uart.o(i.UARTFIFOEnable), (10 bytes).
    Removing uart.o(i.UARTFIFOLevelGet), (16 bytes).
    Removing uart.o(i.UARTFIFOLevelSet), (6 bytes).
    Removing uart.o(i.UARTFlowControlGet), (8 bytes).
    Removing uart.o(i.UARTFlowControlSet), (12 bytes).
    Removing uart.o(i.UARTIntClear), (4 bytes).
    Removing uart.o(i.UARTIntDisable), (10 bytes).
    Removing uart.o(i.UARTIntEnable), (8 bytes).
    Removing uart.o(i.UARTIntRegister), (88 bytes).
    Removing uart.o(i.UARTIntStatus), (10 bytes).
    Removing uart.o(i.UARTIntUnregister), (88 bytes).
    Removing uart.o(i.UARTLoopbackEnable), (10 bytes).
    Removing uart.o(i.UARTModemControlClear), (14 bytes).
    Removing uart.o(i.UARTModemControlGet), (8 bytes).
    Removing uart.o(i.UARTModemControlSet), (12 bytes).
    Removing uart.o(i.UARTModemStatusGet), (10 bytes).
    Removing uart.o(i.UARTParityModeGet), (8 bytes).
    Removing uart.o(i.UARTParityModeSet), (12 bytes).
    Removing uart.o(i.UARTRxErrorClear), (6 bytes).
    Removing uart.o(i.UARTRxErrorGet), (8 bytes).
    Removing uart.o(i.UARTSmartCardDisable), (10 bytes).
    Removing uart.o(i.UARTSmartCardEnable), (22 bytes).
    Removing uart.o(i.UARTSpaceAvail), (10 bytes).
    Removing uart.o(i.UARTTxIntModeGet), (8 bytes).
    Removing uart.o(i.UARTTxIntModeSet), (12 bytes).
    Removing uart.o(.constdata), (128 bytes).
    Removing cpu.o(.emb_text), (38 bytes).

320 unused section(s) (total 13020 bytes) removed from the image.

==============================================================================

Image Symbol Table

    Local Symbols

    Symbol Name                              Value     Ov Type        Size  Object(Section)

    RESET                                    0x00000000   Section      648  startup_rvmdk.o(RESET)
    ../clib/../cmprslib/zerorunl.c           0x00000000   Number         0  __dczerorl.o ABSOLUTE
    ../clib/microlib/init/entry.s            0x00000000   Number         0  entry2.o ABSOLUTE
    ../clib/microlib/init/entry.s            0x00000000   Number         0  entry11b.o ABSOLUTE
    ../clib/microlib/init/entry.s            0x00000000   Number         0  entry11a.o ABSOLUTE
    ../clib/microlib/init/entry.s            0x00000000   Number         0  entry10b.o ABSOLUTE
    ../clib/microlib/init/entry.s            0x00000000   Number         0  entry10a.o ABSOLUTE
    ../clib/microlib/init/entry.s            0x00000000   Number         0  entry9b.o ABSOLUTE
    ../clib/microlib/init/entry.s            0x00000000   Number         0  entry9a.o ABSOLUTE
    ../clib/microlib/init/entry.s            0x00000000   Number         0  entry8b.o ABSOLUTE
    ../clib/microlib/init/entry.s            0x00000000   Number         0  entry8a.o ABSOLUTE
    ../clib/microlib/init/entry.s            0x00000000   Number         0  entry7b.o ABSOLUTE
    ../clib/microlib/init/entry.s            0x00000000   Number         0  entry7a.o ABSOLUTE
    ../clib/microlib/init/entry.s            0x00000000   Number         0  entry5.o ABSOLUTE
    ../clib/microlib/init/entry.s            0x00000000   Number         0  entry.o ABSOLUTE
    ../clib/microlib/string/memcpy.c         0x00000000   Number         0  memcpyb.o ABSOLUTE
    ../clib/microlib/string/memcpy.c         0x00000000   Number         0  memcpya.o ABSOLUTE
    ../clib/microlib/string/memset.c         0x00000000   Number         0  memseta.o ABSOLUTE
    ../clib/microlib/time/asctime.c          0x00000000   Number         0  asctime_s.o ABSOLUTE
    ../clib/microlib/time/strftime.c         0x00000000   Number         0  strftime.o ABSOLUTE
    D:\\ti\\TivaWare_C_Series-2.1.3.156\\third_party\\FreeRTOS\\Source\\portable\\RVDS\\ARM_CM4F\\port.c 0x00000000   Number         0  port.o ABSOLUTE
    D:\ti\TivaWare_C_Series-2.1.3.156\driverlib\can.c 0x00000000   Number         0  can.o ABSOLUTE
    D:\ti\TivaWare_C_Series-2.1.3.156\third_party\FreeRTOS\Source\list.c 0x00000000   Number         0  list.o ABSOLUTE
    D:\ti\TivaWare_C_Series-2.1.3.156\third_party\FreeRTOS\Source\portable\MemMang\heap_2.c 0x00000000   Number         0  heap_2.o ABSOLUTE
    D:\ti\TivaWare_C_Series-2.1.3.156\third_party\FreeRTOS\Source\portable\RVDS\ARM_CM4F\port.c 0x00000000   Number         0  port.o ABSOLUTE
    D:\ti\TivaWare_C_Series-2.1.3.156\third_party\FreeRTOS\Source\queue.c 0x00000000   Number         0  queue.o ABSOLUTE
    D:\ti\TivaWare_C_Series-2.1.3.156\third_party\FreeRTOS\Source\tasks.c 0x00000000   Number         0  tasks.o ABSOLUTE
    D:\ti\TivaWare_C_Series-2.1.3.156\utils\uartstdio.c 0x00000000   Number         0  uartstdio.o ABSOLUTE
    D:\ti\TivaWare_C_Series-2.1.3.156\utils\ustdlib.c 0x00000000   Number         0  ustdlib.o ABSOLUTE
    LCD20x04.c                               0x00000000   Number         0  lcd20x04.o ABSOLUTE
    Tank_Monitor_ECU.c                       0x00000000   Number         0  tank_monitor_ecu.o ABSOLUTE
    btn.c                                    0x00000000   Number         0  btn.o ABSOLUTE
    btnmr.c                                  0x00000000   Number         0  btnmr.o ABSOLUTE
    buttonspoll_task.c                       0x00000000   Number         0  buttonspoll_task.o ABSOLUTE
    cancom.c                                 0x00000000   Number         0  cancom.o ABSOLUTE
    cpu.c                                    0x00000000   Number         0  cpu.o ABSOLUTE
    cpu.c                                    0x00000000   Number         0  cpu.o ABSOLUTE
    dc.s                                     0x00000000   Number         0  dc.o ABSOLUTE
    delay.c                                  0x00000000   Number         0  delay.o ABSOLUTE
    display_task.c                           0x00000000   Number         0  display_task.o ABSOLUTE
    gpio.c                                   0x00000000   Number         0  gpio.o ABSOLUTE
    handlers.s                               0x00000000   Number         0  handlers.o ABSOLUTE
    hibernate.c                              0x00000000   Number         0  hibernate.o ABSOLUTE
    init.s                                   0x00000000   Number         0  init.o ABSOLUTE
    interrupt.c                              0x00000000   Number         0  interrupt.o ABSOLUTE
    lcdmr.c                                  0x00000000   Number         0  lcdmr.o ABSOLUTE
    rtc.c                                    0x00000000   Number         0  rtc.o ABSOLUTE
    startup_rvmdk.S                          0x00000000   Number         0  startup_rvmdk.o ABSOLUTE
    sysctl.c                                 0x00000000   Number         0  sysctl.o ABSOLUTE
    sysctl.c                                 0x00000000   Number         0  sysctl.o ABSOLUTE
    timer.c                                  0x00000000   Number         0  timer.o ABSOLUTE
    uart.c                                   0x00000000   Number         0  uart.o ABSOLUTE
    $v0                                      0x0000026c   Number         0  startup_rvmdk.o(RESET)
    NmiSR                                    0x00000281   Thumb Code     0  startup_rvmdk.o(RESET)
    FaultISR                                 0x00000283   Thumb Code     0  startup_rvmdk.o(RESET)
    IntDefaultHandler                        0x00000285   Thumb Code     0  startup_rvmdk.o(RESET)
    .ARM.Collect$$$$00000000                 0x00000288   Section        0  entry.o(.ARM.Collect$$$$00000000)
    .ARM.Collect$$$$00000001                 0x00000288   Section        4  entry2.o(.ARM.Collect$$$$00000001)
    .ARM.Collect$$$$00000004                 0x0000028c   Section        4  entry5.o(.ARM.Collect$$$$00000004)
    .ARM.Collect$$$$00000008                 0x00000290   Section        0  entry7b.o(.ARM.Collect$$$$00000008)
    .ARM.Collect$$$$0000000A                 0x00000290   Section        0  entry8b.o(.ARM.Collect$$$$0000000A)
    .ARM.Collect$$$$0000000B                 0x00000290   Section        8  entry9a.o(.ARM.Collect$$$$0000000B)
    .ARM.Collect$$$$0000000D                 0x00000298   Section        0  entry10a.o(.ARM.Collect$$$$0000000D)
    .ARM.Collect$$$$0000000F                 0x00000298   Section        0  entry11a.o(.ARM.Collect$$$$0000000F)
    .ARM.Collect$$$$00002712                 0x00000298   Section        4  entry2.o(.ARM.Collect$$$$00002712)
    __lit__00000000                          0x00000298   Data           4  entry2.o(.ARM.Collect$$$$00002712)
    .emb_text                                0x0000029c   Section      182  port.o(.emb_text)
    $v0                                      0x0000029c   Number         0  port.o(.emb_text)
    .emb_text                                0x00000354   Section        6  sysctl.o(.emb_text)
    $v0                                      0x00000354   Number         0  sysctl.o(.emb_text)
    .text                                    0x0000035c   Section        0  strftime.o(.text)
    _isoweek                                 0x0000035d   Thumb Code    64  strftime.o(.text)
    _yeardays                                0x000005e1   Thumb Code    42  strftime.o(.text)
    .text                                    0x000006f0   Section        0  memcpya.o(.text)
    .text                                    0x00000714   Section        0  memseta.o(.text)
    .text                                    0x00000738   Section       36  init.o(.text)
    .text                                    0x0000075c   Section        0  __dczerorl.o(.text)
    i.BtnMr                                  0x00000798   Section        0  btnmr.o(i.BtnMr)
    i.BtnMr_Init                             0x000008a0   Section        0  btnmr.o(i.BtnMr_Init)
    i.ButtonCurrent                          0x000008ac   Section        0  btn.o(i.ButtonCurrent)
    i.ButtonDebounceInit                     0x000008b4   Section        0  btn.o(i.ButtonDebounceInit)
    i.ButtonProcess                          0x00000908   Section        0  btn.o(i.ButtonProcess)
    i.ButtonReleased                         0x00000942   Section        0  btn.o(i.ButtonReleased)
    i.ButtonsPoll_Task                       0x00000950   Section        0  buttonspoll_task.o(i.ButtonsPoll_Task)
    ButtonsPoll_Task                         0x00000951   Thumb Code   174  buttonspoll_task.o(i.ButtonsPoll_Task)
    i.ButtonsPoll_Task_Init                  0x00000a04   Section        0  buttonspoll_task.o(i.ButtonsPoll_Task_Init)
    i.CANBitRateSet                          0x00000a58   Section        0  can.o(i.CANBitRateSet)
    i.CANCom_Master_Init                     0x00000ac0   Section        0  cancom.o(i.CANCom_Master_Init)
    i.CANEnable                              0x00000b70   Section        0  can.o(i.CANEnable)
    i.CANInit                                0x00000b7a   Section        0  can.o(i.CANInit)
    i.CANIntClear                            0x00000bb6   Section        0  can.o(i.CANIntClear)
    i.CANIntEnable                           0x00000bd8   Section        0  can.o(i.CANIntEnable)
    i.CANIntHandler                          0x00000be0   Section        0  tank_monitor_ecu.o(i.CANIntHandler)
    i.CANIntRegister                         0x00000c50   Section        0  can.o(i.CANIntRegister)
    i.CANIntStatus                           0x00000c6a   Section        0  can.o(i.CANIntStatus)
    i.CANMessageGet                          0x00000c88   Section        0  can.o(i.CANMessageGet)
    i.CANMessageSet                          0x00000dc6   Section        0  can.o(i.CANMessageSet)
    i.CANStatusGet                           0x00000f1a   Section        0  can.o(i.CANStatusGet)
    i.ConfigureUART                          0x00000f5c   Section        0  tank_monitor_ecu.o(i.ConfigureUART)
    i.Display_Calendar                       0x00000fb8   Section        0  display_task.o(i.Display_Calendar)
    i.Display_Sensors                        0x00001068   Section        0  display_task.o(i.Display_Sensors)
    i.Display_Task                           0x00001158   Section        0  display_task.o(i.Display_Task)
    Display_Task                             0x00001159   Thumb Code    48  display_task.o(i.Display_Task)
    i.Display_Task_Init                      0x0000118c   Section        0  display_task.o(i.Display_Task_Init)
    i.GPIODirModeSet                         0x000011d0   Section        0  gpio.o(i.GPIODirModeSet)
    i.GPIOPadConfigSet                       0x000011f8   Section        0  gpio.o(i.GPIOPadConfigSet)
    i.GPIOPinConfigure                       0x00001330   Section        0  gpio.o(i.GPIOPinConfigure)
    i.GPIOPinRead                            0x00001374   Section        0  gpio.o(i.GPIOPinRead)
    i.GPIOPinTypeCAN                         0x0000137a   Section        0  gpio.o(i.GPIOPinTypeCAN)
    i.GPIOPinTypeGPIOOutput                  0x00001396   Section        0  gpio.o(i.GPIOPinTypeGPIOOutput)
    i.GPIOPinWrite                           0x000013b2   Section        0  gpio.o(i.GPIOPinWrite)
    i.HibernateClockConfig                   0x000013b8   Section        0  hibernate.o(i.HibernateClockConfig)
    i.HibernateEnableExpClk                  0x00001408   Section        0  hibernate.o(i.HibernateEnableExpClk)
    i.HibernateRTCEnable                     0x00001420   Section        0  hibernate.o(i.HibernateRTCEnable)
    i.HibernateRTCGet                        0x00001438   Section        0  hibernate.o(i.HibernateRTCGet)
    i.HibernateRTCSet                        0x00001444   Section        0  hibernate.o(i.HibernateRTCSet)
    i.IntEnable                              0x00001478   Section        0  interrupt.o(i.IntEnable)
    i.IntRegister                            0x000014dc   Section        0  interrupt.o(i.IntRegister)
    i.LCD_Clear                              0x00001510   Section        0  lcd20x04.o(i.LCD_Clear)
    i.LCD_DispChar                           0x00001522   Section        0  lcd20x04.o(i.LCD_DispChar)
    i.LCD_DispCursor                         0x00001526   Section        0  lcd20x04.o(i.LCD_DispCursor)
    i.LCD_DispString                         0x0000152c   Section        0  lcd20x04.o(i.LCD_DispString)
    i.LCD_GoToXy                             0x00001540   Section        0  lcd20x04.o(i.LCD_GoToXy)
    i.LCD_HideCursor                         0x0000156a   Section        0  lcd20x04.o(i.LCD_HideCursor)
    i.LCD_Init                               0x00001570   Section        0  lcd20x04.o(i.LCD_Init)
    i.LcdDay                                 0x000015e8   Section        0  lcdmr.o(i.LcdDay)
    i.LcdHr                                  0x000015fe   Section        0  lcdmr.o(i.LcdHr)
    i.LcdLength                              0x00001614   Section        0  lcdmr.o(i.LcdLength)
    i.LcdMin                                 0x0000162a   Section        0  lcdmr.o(i.LcdMin)
    i.LcdMonth                               0x00001640   Section        0  lcdmr.o(i.LcdMonth)
    i.LcdMr_Init                             0x00001656   Section        0  lcdmr.o(i.LcdMr_Init)
    i.LcdNormalScreenBase                    0x0000165c   Section        0  lcdmr.o(i.LcdNormalScreenBase)
    i.LcdRadius                              0x00001720   Section        0  lcdmr.o(i.LcdRadius)
    i.LcdSec                                 0x00001736   Section        0  lcdmr.o(i.LcdSec)
    i.LcdSetupScreenBase                     0x0000174c   Section        0  lcdmr.o(i.LcdSetupScreenBase)
    i.LcdT1                                  0x000017e8   Section        0  lcdmr.o(i.LcdT1)
    i.LcdT2                                  0x0000180c   Section        0  lcdmr.o(i.LcdT2)
    i.LcdT3                                  0x00001830   Section        0  lcdmr.o(i.LcdT3)
    i.LcdT4                                  0x00001854   Section        0  lcdmr.o(i.LcdT4)
    i.LcdT5                                  0x00001878   Section        0  lcdmr.o(i.LcdT5)
    i.LcdT6                                  0x0000189c   Section        0  lcdmr.o(i.LcdT6)
    i.LcdYr                                  0x000018c0   Section        0  lcdmr.o(i.LcdYr)
    i.Port1ReadBits                          0x000018d8   Section        0  btn.o(i.Port1ReadBits)
    i.ReceiveData                            0x000018ec   Section        0  cancom.o(i.ReceiveData)
    i.RollOverAdjust                         0x00001928   Section        0  buttonspoll_task.o(i.RollOverAdjust)
    RollOverAdjust                           0x00001929   Thumb Code   104  buttonspoll_task.o(i.RollOverAdjust)
    i.Rtc_GetDate                            0x00001990   Section        0  rtc.o(i.Rtc_GetDate)
    i.Rtc_Init                               0x000019c0   Section        0  rtc.o(i.Rtc_Init)
    i.Rtc_SetDate                            0x000019e0   Section        0  rtc.o(i.Rtc_SetDate)
    i.Rx_Task                                0x00001a10   Section        0  tank_monitor_ecu.o(i.Rx_Task)
    Rx_Task                                  0x00001a11   Thumb Code   136  tank_monitor_ecu.o(i.Rx_Task)
    i.SendCommand                            0x00001aa4   Section        0  lcd20x04.o(i.SendCommand)
    SendCommand                              0x00001aa5   Thumb Code   120  lcd20x04.o(i.SendCommand)
    i.SendData                               0x00001b20   Section        0  lcd20x04.o(i.SendData)
    SendData                                 0x00001b21   Thumb Code   120  lcd20x04.o(i.SendData)
    i.SetupScreen_Task                       0x00001b9c   Section        0  tank_monitor_ecu.o(i.SetupScreen_Task)
    SetupScreen_Task                         0x00001b9d   Thumb Code   408  tank_monitor_ecu.o(i.SetupScreen_Task)
    i.SysCtlClockGet                         0x00001d54   Section        0  sysctl.o(i.SysCtlClockGet)
    i.SysCtlClockSet                         0x00001ea8   Section        0  sysctl.o(i.SysCtlClockSet)
    i.SysCtlPeripheralEnable                 0x00001fc8   Section        0  sysctl.o(i.SysCtlPeripheralEnable)
    i.Timer1_Init                            0x00001ff0   Section        0  delay.o(i.Timer1_Init)
    i.TimerClockSourceSet                    0x00002058   Section        0  timer.o(i.TimerClockSourceSet)
    i.TransmitSync                           0x00002060   Section        0  cancom.o(i.TransmitSync)
    i.Tx_Task                                0x00002074   Section        0  tank_monitor_ecu.o(i.Tx_Task)
    Tx_Task                                  0x00002075   Thumb Code    32  tank_monitor_ecu.o(i.Tx_Task)
    i.UARTClockSourceSet                     0x000020ac   Section        0  uart.o(i.UARTClockSourceSet)
    i.UARTStdioConfig                        0x000020b4   Section        0  uartstdio.o(i.UARTStdioConfig)
    i.UARTprintf                             0x00002110   Section        0  uartstdio.o(i.UARTprintf)
    i.UARTvprintf                            0x00002124   Section        0  uartstdio.o(i.UARTvprintf)
    i.UARTwrite                              0x000022d8   Section        0  uartstdio.o(i.UARTwrite)
    i._CANIntNumberGet                       0x00002314   Section        0  can.o(i._CANIntNumberGet)
    _CANIntNumberGet                         0x00002315   Thumb Code    64  can.o(i._CANIntNumberGet)
    i.__scatterload_copy                     0x0000236c   Section       14  handlers.o(i.__scatterload_copy)
    i.__scatterload_null                     0x0000237a   Section        2  handlers.o(i.__scatterload_null)
    i.__scatterload_zeroinit                 0x0000237c   Section       14  handlers.o(i.__scatterload_zeroinit)
    i.delay_ms                               0x0000238c   Section        0  delay.o(i.delay_ms)
    i.delay_us                               0x000023c8   Section        0  delay.o(i.delay_us)
    i.itoa_new                               0x00002400   Section        0  tank_monitor_ecu.o(i.itoa_new)
    i.main                                   0x00002458   Section        0  tank_monitor_ecu.o(i.main)
    i.prvAddCurrentTaskToDelayedList         0x000025ac   Section        0  tasks.o(i.prvAddCurrentTaskToDelayedList)
    prvAddCurrentTaskToDelayedList           0x000025ad   Thumb Code    48  tasks.o(i.prvAddCurrentTaskToDelayedList)
    i.prvCheckTasksWaitingTermination        0x000025e0   Section        0  tasks.o(i.prvCheckTasksWaitingTermination)
    prvCheckTasksWaitingTermination          0x000025e1   Thumb Code    80  tasks.o(i.prvCheckTasksWaitingTermination)
    i.prvCopyDataFromQueue                   0x00002638   Section        0  queue.o(i.prvCopyDataFromQueue)
    prvCopyDataFromQueue                     0x00002639   Thumb Code    38  queue.o(i.prvCopyDataFromQueue)
    i.prvCopyDataToQueue                     0x0000265e   Section        0  queue.o(i.prvCopyDataToQueue)
    prvCopyDataToQueue                       0x0000265f   Thumb Code   110  queue.o(i.prvCopyDataToQueue)
    i.prvIdleTask                            0x000026cc   Section        0  tasks.o(i.prvIdleTask)
    prvIdleTask                              0x000026cd   Thumb Code     6  tasks.o(i.prvIdleTask)
    i.prvResetNextTaskUnblockTime            0x000026d4   Section        0  tasks.o(i.prvResetNextTaskUnblockTime)
    prvResetNextTaskUnblockTime              0x000026d5   Thumb Code    26  tasks.o(i.prvResetNextTaskUnblockTime)
    i.prvTaskExitError                       0x000026f4   Section        0  port.o(i.prvTaskExitError)
    prvTaskExitError                         0x000026f5   Thumb Code    16  port.o(i.prvTaskExitError)
    i.prvTaskIsTaskSuspended                 0x00002704   Section        0  tasks.o(i.prvTaskIsTaskSuspended)
    prvTaskIsTaskSuspended                   0x00002705   Thumb Code    28  tasks.o(i.prvTaskIsTaskSuspended)
    i.prvUnlockQueue                         0x00002724   Section        0  queue.o(i.prvUnlockQueue)
    prvUnlockQueue                           0x00002725   Thumb Code   100  queue.o(i.prvUnlockQueue)
    i.pvPortMalloc                           0x00002788   Section        0  heap_2.o(i.pvPortMalloc)
    i.pvTaskIncrementMutexHeldCount          0x0000283c   Section        0  tasks.o(i.pvTaskIncrementMutexHeldCount)
    i.pxPortInitialiseStack                  0x00002854   Section        0  port.o(i.pxPortInitialiseStack)
    i.ucmptime                               0x0000287c   Section        0  ustdlib.o(i.ucmptime)
    ucmptime                                 0x0000287d   Thumb Code    82  ustdlib.o(i.ucmptime)
    i.ulTaskNotifyTake                       0x000028d0   Section        0  tasks.o(i.ulTaskNotifyTake)
    i.ulocaltime                             0x0000296c   Section        0  ustdlib.o(i.ulocaltime)
    i.umktime                                0x00002a10   Section        0  ustdlib.o(i.umktime)
    i.uxListRemove                           0x00002a4a   Section        0  list.o(i.uxListRemove)
    i.vApplicationStackOverflowHook          0x00002a6e   Section        0  tank_monitor_ecu.o(i.vApplicationStackOverflowHook)
    i.vApplicationTickHook                   0x00002a70   Section        0  tank_monitor_ecu.o(i.vApplicationTickHook)
    i.vListInitialise                        0x00002a80   Section        0  list.o(i.vListInitialise)
    i.vListInitialiseItem                    0x00002a96   Section        0  list.o(i.vListInitialiseItem)
    i.vListInsert                            0x00002a9c   Section        0  list.o(i.vListInsert)
    i.vListInsertEnd                         0x00002acc   Section        0  list.o(i.vListInsertEnd)
    i.vPortEnterCritical                     0x00002ae4   Section        0  port.o(i.vPortEnterCritical)
    i.vPortExitCritical                      0x00002b00   Section        0  port.o(i.vPortExitCritical)
    i.vPortFree                              0x00002b14   Section        0  heap_2.o(i.vPortFree)
    i.vPortSetupTimerInterrupt               0x00002b50   Section        0  port.o(i.vPortSetupTimerInterrupt)
    i.vTaskDelayUntil                        0x00002b64   Section        0  tasks.o(i.vTaskDelayUntil)
    i.vTaskMissedYield                       0x00002bd4   Section        0  tasks.o(i.vTaskMissedYield)
    i.vTaskNotifyGiveFromISR                 0x00002be0   Section        0  tasks.o(i.vTaskNotifyGiveFromISR)
    i.vTaskPlaceOnEventList                  0x00002c64   Section        0  tasks.o(i.vTaskPlaceOnEventList)
    i.vTaskPriorityInherit                   0x00002cb4   Section        0  tasks.o(i.vTaskPriorityInherit)
    i.vTaskResume                            0x00002d38   Section        0  tasks.o(i.vTaskResume)
    i.vTaskSetTimeOutState                   0x00002da8   Section        0  tasks.o(i.vTaskSetTimeOutState)
    i.vTaskStartScheduler                    0x00002db8   Section        0  tasks.o(i.vTaskStartScheduler)
    i.vTaskSuspend                           0x00002e0c   Section        0  tasks.o(i.vTaskSuspend)
    i.vTaskSuspendAll                        0x00002eac   Section        0  tasks.o(i.vTaskSuspendAll)
    i.vTaskSwitchContext                     0x00002ebc   Section        0  tasks.o(i.vTaskSwitchContext)
    i.xPortStartScheduler                    0x00002f2c   Section        0  port.o(i.xPortStartScheduler)
    i.xPortSysTickHandler                    0x00002f6c   Section        0  port.o(i.xPortSysTickHandler)
    i.xQueueCreateMutex                      0x00002f98   Section        0  queue.o(i.xQueueCreateMutex)
    i.xQueueGenericCreate                    0x00002fe2   Section        0  queue.o(i.xQueueGenericCreate)
    i.xQueueGenericReceive                   0x0000302c   Section        0  queue.o(i.xQueueGenericReceive)
    i.xQueueGenericReset                     0x00003158   Section        0  queue.o(i.xQueueGenericReset)
    i.xQueueGenericSend                      0x000031c8   Section        0  queue.o(i.xQueueGenericSend)
    i.xTaskCheckForTimeOut                   0x000032c8   Section        0  tasks.o(i.xTaskCheckForTimeOut)
    i.xTaskGenericCreate                     0x00003310   Section        0  tasks.o(i.xTaskGenericCreate)
    i.xTaskGetTickCount                      0x00003498   Section        0  tasks.o(i.xTaskGetTickCount)
    i.xTaskIncrementTick                     0x000034a4   Section        0  tasks.o(i.xTaskIncrementTick)
    i.xTaskPriorityDisinherit                0x00003564   Section        0  tasks.o(i.xTaskPriorityDisinherit)
    i.xTaskRemoveFromEventList               0x000035d4   Section        0  tasks.o(i.xTaskRemoveFromEventList)
    i.xTaskResumeAll                         0x00003638   Section        0  tasks.o(i.xTaskResumeAll)
    .constdata                               0x000036e8   Section       28  uartstdio.o(.constdata)
    g_pcHex                                  0x000036e8   Data           4  uartstdio.o(.constdata)
    g_ui32UARTBase                           0x000036ec   Data          12  uartstdio.o(.constdata)
    g_ui32UARTPeriph                         0x000036f8   Data          12  uartstdio.o(.constdata)
    .constdata                               0x00003704   Section       76  ustdlib.o(.constdata)
    g_pcHex                                  0x00003704   Data           4  ustdlib.o(.constdata)
    g_psDaysToMonth                          0x00003708   Data          48  ustdlib.o(.constdata)
    g_pfExponents                            0x00003738   Data          24  ustdlib.o(.constdata)
    .constdata                               0x00003750   Section       32  can.o(.constdata)
    g_ui16CANBitValues                       0x00003750   Data          32  can.o(.constdata)
    .constdata                               0x00003770   Section      528  gpio.o(.constdata)
    g_ppui32GPIOIntMapBlizzard               0x00003770   Data         192  gpio.o(.constdata)
    g_ppui32GPIOIntMapSnowflake              0x00003830   Data         192  gpio.o(.constdata)
    g_pui32GPIOBaseAddrs                     0x000038f0   Data         144  gpio.o(.constdata)
    .constdata                               0x00003980   Section      268  interrupt.o(.constdata)
    g_pui32Priority                          0x00003980   Data          32  interrupt.o(.constdata)
    g_pui32Regs                              0x000039a0   Data         156  interrupt.o(.constdata)
    g_pui32EnRegs                            0x00003a3c   Data          20  interrupt.o(.constdata)
    g_pui32Dii16Regs                         0x00003a50   Data          20  interrupt.o(.constdata)
    g_pui32PendRegs                          0x00003a64   Data          20  interrupt.o(.constdata)
    g_pui32UnpendRegs                        0x00003a78   Data          20  interrupt.o(.constdata)
    .constdata                               0x00003a8c   Section      596  sysctl.o(.constdata)
    g_pui32VCOFrequencies                    0x00003a8c   Data           8  sysctl.o(.constdata)
    g_pui32Xtals                             0x00003a94   Data         108  sysctl.o(.constdata)
    g_pppui32XTALtoVCO                       0x00003b00   Data         432  sysctl.o(.constdata)
    g_sXTALtoMEMTIM                          0x00003cb0   Data          48  sysctl.o(.constdata)
    .constdata                               0x00003ce0   Section       86  strftime.o(.constdata)
    .conststring                             0x00003d38   Section       17  uartstdio.o(.conststring)
    .data                                    0x20000000   Section       80  tank_monitor_ecu.o(.data)
    first_time_flag                          0x20000002   Data           1  tank_monitor_ecu.o(.data)
    .data                                    0x20000050   Section        1  tank_monitor_ecu.o(.data)
    .data                                    0x20000054   Section        8  btnmr.o(.data)
    up_scroll_speed                          0x20000054   Data           4  btnmr.o(.data)
    down_scroll_speed                        0x20000058   Data           4  btnmr.o(.data)
    .data                                    0x2000005c   Section        4  cancom.o(.data)
    sync_period                              0x2000005c   Data           2  cancom.o(.data)
    dataRx                                   0x2000005e   Data           2  cancom.o(.data)
    .data                                    0x20000060   Section       56  tasks.o(.data)
    uxTasksDeleted                           0x20000064   Data           4  tasks.o(.data)
    uxCurrentNumberOfTasks                   0x20000068   Data           4  tasks.o(.data)
    xTickCount                               0x2000006c   Data           4  tasks.o(.data)
    uxTopReadyPriority                       0x20000070   Data           4  tasks.o(.data)
    xSchedulerRunning                        0x20000074   Data           4  tasks.o(.data)
    uxPendedTicks                            0x20000078   Data           4  tasks.o(.data)
    xYieldPending                            0x2000007c   Data           4  tasks.o(.data)
    xNumOfOverflows                          0x20000080   Data           4  tasks.o(.data)
    uxTaskNumber                             0x20000084   Data           4  tasks.o(.data)
    xNextTaskUnblockTime                     0x20000088   Data           4  tasks.o(.data)
    uxSchedulerSuspended                     0x2000008c   Data           4  tasks.o(.data)
    pxDelayedTaskList                        0x20000090   Data           4  tasks.o(.data)
    pxOverflowDelayedTaskList                0x20000094   Data           4  tasks.o(.data)
    .data                                    0x20000098   Section        4  port.o(.data)
    uxCriticalNesting                        0x20000098   Data           4  port.o(.data)
    .data                                    0x2000009c   Section       24  heap_2.o(.data)
    xFreeBytesRemaining                      0x2000009c   Data           4  heap_2.o(.data)
    xHeapHasBeenInitialised                  0x200000a0   Data           4  heap_2.o(.data)
    xStart                                   0x200000a4   Data           8  heap_2.o(.data)
    xEnd                                     0x200000ac   Data           8  heap_2.o(.data)
    .data                                    0x200000b4   Section        8  uartstdio.o(.data)
    bLastWasCR                               0x200000b4   Data           1  uartstdio.o(.data)
    g_ui32Base                               0x200000b8   Data           4  uartstdio.o(.data)
    .data                                    0x200000bc   Section        8  buttonspoll_task.o(.data)
    .data                                    0x200000c4   Section        4  display_task.o(.data)
    vtable                                   0x20000400   Section      620  interrupt.o(vtable)
    g_pfnRAMVectors                          0x20000400   Data         620  interrupt.o(vtable)
    .bss                                     0x2000066c   Section       12  btnmr.o(.bss)
    port1                                    0x2000066c   Data          12  btnmr.o(.bss)
    .bss                                     0x20000678   Section       40  cancom.o(.bss)
    txCANMessage                             0x20000678   Data          20  cancom.o(.bss)
    rxCANMessage                             0x2000068c   Data          20  cancom.o(.bss)
    .bss                                     0x200006a0   Section      420  tasks.o(.bss)
    pxReadyTasksLists                        0x200006a0   Data         320  tasks.o(.bss)
    xDelayedTaskList1                        0x200007e0   Data          20  tasks.o(.bss)
    xDelayedTaskList2                        0x200007f4   Data          20  tasks.o(.bss)
    xPendingReadyList                        0x20000808   Data          20  tasks.o(.bss)
    xTasksWaitingTermination                 0x2000081c   Data          20  tasks.o(.bss)
    xSuspendedTaskList                       0x20000830   Data          20  tasks.o(.bss)
    .bss                                     0x20000844   Section    30000  heap_2.o(.bss)
    ucHeap                                   0x20000844   Data       30000  heap_2.o(.bss)
    .bss                                     0x20007d74   Section       24  display_task.o(.bss)
    SensorTimeout                            0x20007d74   Data          24  display_task.o(.bss)
    STACK                                    0x20007d90   Section      512  startup_rvmdk.o(STACK)
    StackMem                                 0x20007d90   Data           0  startup_rvmdk.o(STACK)

    Global Symbols

    Symbol Name                              Value     Ov Type        Size  Object(Section)

    BuildAttributes$$THM_ISAv4$E$P$D$K$B$S$7EM$VFPi3$EXTD16$VFPS$VFMA$PE$A:L22UL41UL21$X:L11$S22US41US21$IEEE1$IW$USESV6$~STKCKD$USESV7$~SHL$OTIME$EBA8$MICROLIB$REQ8$PRES8$EABIv2 0x00000000   Number         0  anon$$obj.o ABSOLUTE
    __ARM_use_no_argv                        0x00000000   Number         0  tank_monitor_ecu.o ABSOLUTE
    __Vectors                                0x00000000   Data           0  startup_rvmdk.o(RESET)
    __cpp_initialize__aeabi_                  - Undefined Weak Reference
    __cxa_finalize                            - Undefined Weak Reference
    _clock_init                               - Undefined Weak Reference
    _microlib_exit                            - Undefined Weak Reference
    Reset_Handler                            0x0000026d   Thumb Code     0  startup_rvmdk.o(RESET)
    __main                                   0x00000289   Thumb Code     0  entry.o(.ARM.Collect$$$$00000000)
    _main_stk                                0x00000289   Thumb Code     0  entry2.o(.ARM.Collect$$$$00000001)
    _main_scatterload                        0x0000028d   Thumb Code     0  entry5.o(.ARM.Collect$$$$00000004)
    __main_after_scatterload                 0x00000291   Thumb Code     0  entry5.o(.ARM.Collect$$$$00000004)
    _main_clock                              0x00000291   Thumb Code     0  entry7b.o(.ARM.Collect$$$$00000008)
    _main_cpp_init                           0x00000291   Thumb Code     0  entry8b.o(.ARM.Collect$$$$0000000A)
    _main_init                               0x00000291   Thumb Code     0  entry9a.o(.ARM.Collect$$$$0000000B)
    __rt_final_cpp                           0x00000299   Thumb Code     0  entry10a.o(.ARM.Collect$$$$0000000D)
    __rt_final_exit                          0x00000299   Thumb Code     0  entry11a.o(.ARM.Collect$$$$0000000F)
    vPortSVCHandler                          0x0000029d   Thumb Code    28  port.o(.emb_text)
    __asm___6_port_c_39a90d8d__prvStartFirstTask 0x000002bd   Thumb Code    28  port.o(.emb_text)
    __asm___6_port_c_39a90d8d__prvEnableVFP  0x000002dd   Thumb Code    16  port.o(.emb_text)
    xPortPendSVHandler                       0x000002f1   Thumb Code    88  port.o(.emb_text)
    vPortGetIPSR                             0x0000034d   Thumb Code     6  port.o(.emb_text)
    SysCtlDelay                              0x00000355   Thumb Code     6  sysctl.o(.emb_text)
    strftime                                 0x0000039d   Thumb Code   580  strftime.o(.text)
    __aeabi_memcpy                           0x000006f1   Thumb Code    36  memcpya.o(.text)
    __aeabi_memcpy4                          0x000006f1   Thumb Code     0  memcpya.o(.text)
    __aeabi_memcpy8                          0x000006f1   Thumb Code     0  memcpya.o(.text)
    __aeabi_memset                           0x00000715   Thumb Code    14  memseta.o(.text)
    __aeabi_memset4                          0x00000715   Thumb Code     0  memseta.o(.text)
    __aeabi_memset8                          0x00000715   Thumb Code     0  memseta.o(.text)
    __aeabi_memclr                           0x00000723   Thumb Code     4  memseta.o(.text)
    __aeabi_memclr4                          0x00000723   Thumb Code     0  memseta.o(.text)
    __aeabi_memclr8                          0x00000723   Thumb Code     0  memseta.o(.text)
    _memset$wrapper                          0x00000727   Thumb Code    18  memseta.o(.text)
    __scatterload                            0x00000739   Thumb Code    28  init.o(.text)
    __scatterload_rt2                        0x00000739   Thumb Code     0  init.o(.text)
    __decompress                             0x0000075d   Thumb Code     0  __dczerorl.o(.text)
    __decompress0                            0x0000075d   Thumb Code    58  __dczerorl.o(.text)
    BtnMr                                    0x00000799   Thumb Code   250  btnmr.o(i.BtnMr)
    BtnMr_Init                               0x000008a1   Thumb Code     8  btnmr.o(i.BtnMr_Init)
    ButtonCurrent                            0x000008ad   Thumb Code     6  btn.o(i.ButtonCurrent)
    ButtonDebounceInit                       0x000008b5   Thumb Code    74  btn.o(i.ButtonDebounceInit)
    ButtonProcess                            0x00000909   Thumb Code    58  btn.o(i.ButtonProcess)
    ButtonReleased                           0x00000943   Thumb Code    12  btn.o(i.ButtonReleased)
    ButtonsPoll_Task_Init                    0x00000a05   Thumb Code    54  buttonspoll_task.o(i.ButtonsPoll_Task_Init)
    CANBitRateSet                            0x00000a59   Thumb Code    98  can.o(i.CANBitRateSet)
    CANCom_Master_Init                       0x00000ac1   Thumb Code   136  cancom.o(i.CANCom_Master_Init)
    CANEnable                                0x00000b71   Thumb Code    10  can.o(i.CANEnable)
    CANInit                                  0x00000b7b   Thumb Code    60  can.o(i.CANInit)
    CANIntClear                              0x00000bb7   Thumb Code    34  can.o(i.CANIntClear)
    CANIntEnable                             0x00000bd9   Thumb Code     8  can.o(i.CANIntEnable)
    CANIntHandler                            0x00000be1   Thumb Code   100  tank_monitor_ecu.o(i.CANIntHandler)
    CANIntRegister                           0x00000c51   Thumb Code    26  can.o(i.CANIntRegister)
    CANIntStatus                             0x00000c6b   Thumb Code    30  can.o(i.CANIntStatus)
    CANMessageGet                            0x00000c89   Thumb Code   318  can.o(i.CANMessageGet)
    CANMessageSet                            0x00000dc7   Thumb Code   340  can.o(i.CANMessageSet)
    CANStatusGet                             0x00000f1b   Thumb Code    64  can.o(i.CANStatusGet)
    ConfigureUART                            0x00000f5d   Thumb Code    76  tank_monitor_ecu.o(i.ConfigureUART)
    Display_Calendar                         0x00000fb9   Thumb Code   148  display_task.o(i.Display_Calendar)
    Display_Sensors                          0x00001069   Thumb Code   218  display_task.o(i.Display_Sensors)
    Display_Task_Init                        0x0000118d   Thumb Code    42  display_task.o(i.Display_Task_Init)
    GPIODirModeSet                           0x000011d1   Thumb Code    40  gpio.o(i.GPIODirModeSet)
    GPIOPadConfigSet                         0x000011f9   Thumb Code   312  gpio.o(i.GPIOPadConfigSet)
    GPIOPinConfigure                         0x00001331   Thumb Code    60  gpio.o(i.GPIOPinConfigure)
    GPIOPinRead                              0x00001375   Thumb Code     6  gpio.o(i.GPIOPinRead)
    GPIOPinTypeCAN                           0x0000137b   Thumb Code    28  gpio.o(i.GPIOPinTypeCAN)
    GPIOPinTypeGPIOOutput                    0x00001397   Thumb Code    28  gpio.o(i.GPIOPinTypeGPIOOutput)
    GPIOPinWrite                             0x000013b3   Thumb Code     6  gpio.o(i.GPIOPinWrite)
    HibernateClockConfig                     0x000013b9   Thumb Code    64  hibernate.o(i.HibernateClockConfig)
    HibernateEnableExpClk                    0x00001409   Thumb Code    20  hibernate.o(i.HibernateEnableExpClk)
    HibernateRTCEnable                       0x00001421   Thumb Code    20  hibernate.o(i.HibernateRTCEnable)
    HibernateRTCGet                          0x00001439   Thumb Code     6  hibernate.o(i.HibernateRTCGet)
    HibernateRTCSet                          0x00001445   Thumb Code    42  hibernate.o(i.HibernateRTCSet)
    IntEnable                                0x00001479   Thumb Code    92  interrupt.o(i.IntEnable)
    IntRegister                              0x000014dd   Thumb Code    44  interrupt.o(i.IntRegister)
    LCD_Clear                                0x00001511   Thumb Code    18  lcd20x04.o(i.LCD_Clear)
    LCD_DispChar                             0x00001523   Thumb Code     4  lcd20x04.o(i.LCD_DispChar)
    LCD_DispCursor                           0x00001527   Thumb Code     6  lcd20x04.o(i.LCD_DispCursor)
    LCD_DispString                           0x0000152d   Thumb Code    20  lcd20x04.o(i.LCD_DispString)
    LCD_GoToXy                               0x00001541   Thumb Code    42  lcd20x04.o(i.LCD_GoToXy)
    LCD_HideCursor                           0x0000156b   Thumb Code     6  lcd20x04.o(i.LCD_HideCursor)
    LCD_Init                                 0x00001571   Thumb Code   110  lcd20x04.o(i.LCD_Init)
    LcdDay                                   0x000015e9   Thumb Code    22  lcdmr.o(i.LcdDay)
    LcdHr                                    0x000015ff   Thumb Code    22  lcdmr.o(i.LcdHr)
    LcdLength                                0x00001615   Thumb Code    22  lcdmr.o(i.LcdLength)
    LcdMin                                   0x0000162b   Thumb Code    22  lcdmr.o(i.LcdMin)
    LcdMonth                                 0x00001641   Thumb Code    22  lcdmr.o(i.LcdMonth)
    LcdMr_Init                               0x00001657   Thumb Code     4  lcdmr.o(i.LcdMr_Init)
    LcdNormalScreenBase                      0x0000165d   Thumb Code   146  lcdmr.o(i.LcdNormalScreenBase)
    LcdRadius                                0x00001721   Thumb Code    22  lcdmr.o(i.LcdRadius)
    LcdSec                                   0x00001737   Thumb Code    22  lcdmr.o(i.LcdSec)
    LcdSetupScreenBase                       0x0000174d   Thumb Code   104  lcdmr.o(i.LcdSetupScreenBase)
    LcdT1                                    0x000017e9   Thumb Code    28  lcdmr.o(i.LcdT1)
    LcdT2                                    0x0000180d   Thumb Code    28  lcdmr.o(i.LcdT2)
    LcdT3                                    0x00001831   Thumb Code    28  lcdmr.o(i.LcdT3)
    LcdT4                                    0x00001855   Thumb Code    28  lcdmr.o(i.LcdT4)
    LcdT5                                    0x00001879   Thumb Code    28  lcdmr.o(i.LcdT5)
    LcdT6                                    0x0000189d   Thumb Code    28  lcdmr.o(i.LcdT6)
    LcdYr                                    0x000018c1   Thumb Code    22  lcdmr.o(i.LcdYr)
    Port1ReadBits                            0x000018d9   Thumb Code    14  btn.o(i.Port1ReadBits)
    ReceiveData                              0x000018ed   Thumb Code    50  cancom.o(i.ReceiveData)
    Rtc_GetDate                              0x00001991   Thumb Code    44  rtc.o(i.Rtc_GetDate)
    Rtc_Init                                 0x000019c1   Thumb Code    28  rtc.o(i.Rtc_Init)
    Rtc_SetDate                              0x000019e1   Thumb Code    44  rtc.o(i.Rtc_SetDate)
    SysCtlClockGet                           0x00001d55   Thumb Code   304  sysctl.o(i.SysCtlClockGet)
    SysCtlClockSet                           0x00001ea9   Thumb Code   270  sysctl.o(i.SysCtlClockSet)
    SysCtlPeripheralEnable                   0x00001fc9   Thumb Code    36  sysctl.o(i.SysCtlPeripheralEnable)
    Timer1_Init                              0x00001ff1   Thumb Code    86  delay.o(i.Timer1_Init)
    TimerClockSourceSet                      0x00002059   Thumb Code     6  timer.o(i.TimerClockSourceSet)
    TransmitSync                             0x00002061   Thumb Code    12  cancom.o(i.TransmitSync)
    UARTClockSourceSet                       0x000020ad   Thumb Code     6  uart.o(i.UARTClockSourceSet)
    UARTStdioConfig                          0x000020b5   Thumb Code    82  uartstdio.o(i.UARTStdioConfig)
    UARTprintf                               0x00002111   Thumb Code    18  uartstdio.o(i.UARTprintf)
    UARTvprintf                              0x00002125   Thumb Code   420  uartstdio.o(i.UARTvprintf)
    UARTwrite                                0x000022d9   Thumb Code    56  uartstdio.o(i.UARTwrite)
    __scatterload_copy                       0x0000236d   Thumb Code    14  handlers.o(i.__scatterload_copy)
    __scatterload_null                       0x0000237b   Thumb Code     2  handlers.o(i.__scatterload_null)
    __scatterload_zeroinit                   0x0000237d   Thumb Code    14  handlers.o(i.__scatterload_zeroinit)
    delay_ms                                 0x0000238d   Thumb Code    56  delay.o(i.delay_ms)
    delay_us                                 0x000023c9   Thumb Code    50  delay.o(i.delay_us)
    itoa_new                                 0x00002401   Thumb Code    86  tank_monitor_ecu.o(i.itoa_new)
    main                                     0x00002459   Thumb Code   222  tank_monitor_ecu.o(i.main)
    pvPortMalloc                             0x00002789   Thumb Code   172  heap_2.o(i.pvPortMalloc)
    pvTaskIncrementMutexHeldCount            0x0000283d   Thumb Code    18  tasks.o(i.pvTaskIncrementMutexHeldCount)
    pxPortInitialiseStack                    0x00002855   Thumb Code    36  port.o(i.pxPortInitialiseStack)
    ulTaskNotifyTake                         0x000028d1   Thumb Code   142  tasks.o(i.ulTaskNotifyTake)
    ulocaltime                               0x0000296d   Thumb Code   154  ustdlib.o(i.ulocaltime)
    umktime                                  0x00002a11   Thumb Code    58  ustdlib.o(i.umktime)
    uxListRemove                             0x00002a4b   Thumb Code    36  list.o(i.uxListRemove)
    vApplicationStackOverflowHook            0x00002a6f   Thumb Code     2  tank_monitor_ecu.o(i.vApplicationStackOverflowHook)
    vApplicationTickHook                     0x00002a71   Thumb Code    10  tank_monitor_ecu.o(i.vApplicationTickHook)
    vListInitialise                          0x00002a81   Thumb Code    22  list.o(i.vListInitialise)
    vListInitialiseItem                      0x00002a97   Thumb Code     6  list.o(i.vListInitialiseItem)
    vListInsert                              0x00002a9d   Thumb Code    48  list.o(i.vListInsert)
    vListInsertEnd                           0x00002acd   Thumb Code    24  list.o(i.vListInsertEnd)
    vPortEnterCritical                       0x00002ae5   Thumb Code    24  port.o(i.vPortEnterCritical)
    vPortExitCritical                        0x00002b01   Thumb Code    16  port.o(i.vPortExitCritical)
    vPortFree                                0x00002b15   Thumb Code    56  heap_2.o(i.vPortFree)
    vPortSetupTimerInterrupt                 0x00002b51   Thumb Code    14  port.o(i.vPortSetupTimerInterrupt)
    vTaskDelayUntil                          0x00002b65   Thumb Code   102  tasks.o(i.vTaskDelayUntil)
    vTaskMissedYield                         0x00002bd5   Thumb Code     8  tasks.o(i.vTaskMissedYield)
    vTaskNotifyGiveFromISR                   0x00002be1   Thumb Code   120  tasks.o(i.vTaskNotifyGiveFromISR)
    vTaskPlaceOnEventList                    0x00002c65   Thumb Code    70  tasks.o(i.vTaskPlaceOnEventList)
    vTaskPriorityInherit                     0x00002cb5   Thumb Code   124  tasks.o(i.vTaskPriorityInherit)
    vTaskResume                              0x00002d39   Thumb Code    98  tasks.o(i.vTaskResume)
    vTaskSetTimeOutState                     0x00002da9   Thumb Code    12  tasks.o(i.vTaskSetTimeOutState)
    vTaskStartScheduler                      0x00002db9   Thumb Code    66  tasks.o(i.vTaskStartScheduler)
    vTaskSuspend                             0x00002e0d   Thumb Code   142  tasks.o(i.vTaskSuspend)
    vTaskSuspendAll                          0x00002ead   Thumb Code    10  tasks.o(i.vTaskSuspendAll)
    vTaskSwitchContext                       0x00002ebd   Thumb Code   104  tasks.o(i.vTaskSwitchContext)
    xPortStartScheduler                      0x00002f2d   Thumb Code    52  port.o(i.xPortStartScheduler)
    xPortSysTickHandler                      0x00002f6d   Thumb Code    38  port.o(i.xPortSysTickHandler)
    xQueueCreateMutex                        0x00002f99   Thumb Code    74  queue.o(i.xQueueCreateMutex)
    xQueueGenericCreate                      0x00002fe3   Thumb Code    72  queue.o(i.xQueueGenericCreate)
    xQueueGenericReceive                     0x0000302d   Thumb Code   296  queue.o(i.xQueueGenericReceive)
    xQueueGenericReset                       0x00003159   Thumb Code   106  queue.o(i.xQueueGenericReset)
    xQueueGenericSend                        0x000031c9   Thumb Code   252  queue.o(i.xQueueGenericSend)
    xTaskCheckForTimeOut                     0x000032c9   Thumb Code    66  tasks.o(i.xTaskCheckForTimeOut)
    xTaskGenericCreate                       0x00003311   Thumb Code   376  tasks.o(i.xTaskGenericCreate)
    xTaskGetTickCount                        0x00003499   Thumb Code     6  tasks.o(i.xTaskGetTickCount)
    xTaskIncrementTick                       0x000034a5   Thumb Code   182  tasks.o(i.xTaskIncrementTick)
    xTaskPriorityDisinherit                  0x00003565   Thumb Code   102  tasks.o(i.xTaskPriorityDisinherit)
    xTaskRemoveFromEventList                 0x000035d5   Thumb Code    88  tasks.o(i.xTaskRemoveFromEventList)
    xTaskResumeAll                           0x00003639   Thumb Code   164  tasks.o(i.xTaskResumeAll)
    Region$$Table$$Base                      0x00003d4c   Number         0  anon$$obj.o(Region$$Table)
    Region$$Table$$Limit                     0x00003d6c   Number         0  anon$$obj.o(Region$$Table)
    g_bErrFlag                               0x20000000   Data           1  tank_monitor_ecu.o(.data)
    g_bRXFlag                                0x20000001   Data           1  tank_monitor_ecu.o(.data)
    Rx_Task_Handle                           0x20000004   Data           4  tank_monitor_ecu.o(.data)
    Tx_Task_Handle                           0x20000008   Data           4  tank_monitor_ecu.o(.data)
    DispCal_Task_Handle                      0x2000000c   Data           4  tank_monitor_ecu.o(.data)
    DisplayT1_Task_Handle                    0x20000010   Data           4  tank_monitor_ecu.o(.data)
    DisplayT2_Task_Handle                    0x20000014   Data           4  tank_monitor_ecu.o(.data)
    DisplayT3_Task_Handle                    0x20000018   Data           4  tank_monitor_ecu.o(.data)
    DisplayT4_Task_Handle                    0x2000001c   Data           4  tank_monitor_ecu.o(.data)
    DisplayT5_Task_Handle                    0x20000020   Data           4  tank_monitor_ecu.o(.data)
    DisplayT6_Task_Handle                    0x20000024   Data           4  tank_monitor_ecu.o(.data)
    SetupScreen_Task_Handle                  0x20000028   Data           4  tank_monitor_ecu.o(.data)
    ui32TickCounter                          0x2000002c   Data           4  tank_monitor_ecu.o(.data)
    xQueueData1                              0x20000030   Data           4  tank_monitor_ecu.o(.data)
    xQueueData2                              0x20000034   Data           4  tank_monitor_ecu.o(.data)
    xQueueData3                              0x20000038   Data           4  tank_monitor_ecu.o(.data)
    xQueueData4                              0x2000003c   Data           4  tank_monitor_ecu.o(.data)
    xQueueData5                              0x20000040   Data           4  tank_monitor_ecu.o(.data)
    xQueueData6                              0x20000044   Data           4  tank_monitor_ecu.o(.data)
    g_pLCDSemaphore                          0x20000048   Data           4  tank_monitor_ecu.o(.data)
    g_pRTCSemaphore                          0x2000004c   Data           4  tank_monitor_ecu.o(.data)
    g_eAppMode                               0x20000050   Data           1  tank_monitor_ecu.o(.data)
    pxCurrentTCB                             0x20000060   Data           4  tasks.o(.data)
    ButtonsPoll_Task_Handle                  0x200000bc   Data           4  buttonspoll_task.o(.data)
    xQueuebtns                               0x200000c0   Data           4  buttonspoll_task.o(.data)
    Display_Task_Handle                      0x200000c4   Data           4  display_task.o(.data)
    __initial_sp                             0x20007f90   Data           0  startup_rvmdk.o(STACK)



==============================================================================

Memory Map of the image

  Image Entry point : 0x0000026d

  Load Region LR_IROM (Base: 0x00000000, Size: 0x000043d8, Max: 0x00040000, ABSOLUTE, COMPRESSED[0x00003d8c])

    Execution Region ER_IROM (Base: 0x00000000, Size: 0x00003d6c, Max: 0x00040000, ABSOLUTE)

    Base Addr    Size         Type   Attr      Idx    E Section Name        Object

    0x00000000   0x00000288   Code   RO         1329  * RESET               startup_rvmdk.o
    0x00000288   0x00000000   Code   RO         3182  * .ARM.Collect$$$$00000000  mc_w.l(entry.o)
    0x00000288   0x00000004   Code   RO         3197    .ARM.Collect$$$$00000001  mc_w.l(entry2.o)
    0x0000028c   0x00000004   Code   RO         3200    .ARM.Collect$$$$00000004  mc_w.l(entry5.o)
    0x00000290   0x00000000   Code   RO         3202    .ARM.Collect$$$$00000008  mc_w.l(entry7b.o)
    0x00000290   0x00000000   Code   RO         3204    .ARM.Collect$$$$0000000A  mc_w.l(entry8b.o)
    0x00000290   0x00000008   Code   RO         3205    .ARM.Collect$$$$0000000B  mc_w.l(entry9a.o)
    0x00000298   0x00000000   Code   RO         3207    .ARM.Collect$$$$0000000D  mc_w.l(entry10a.o)
    0x00000298   0x00000000   Code   RO         3209    .ARM.Collect$$$$0000000F  mc_w.l(entry11a.o)
    0x00000298   0x00000004   Code   RO         3198    .ARM.Collect$$$$00002712  mc_w.l(entry2.o)
    0x0000029c   0x000000b6   Code   RO         1075    .emb_text           port.o
    0x00000352   0x00000002   PAD
    0x00000354   0x00000006   Code   RO         2290    .emb_text           driverlib.lib(sysctl.o)
    0x0000035a   0x00000002   PAD
    0x0000035c   0x00000394   Code   RO         3185    .text               mc_w.l(strftime.o)
    0x000006f0   0x00000024   Code   RO         3191    .text               mc_w.l(memcpya.o)
    0x00000714   0x00000024   Code   RO         3193    .text               mc_w.l(memseta.o)
    0x00000738   0x00000024   Code   RO         3211    .text               mc_w.l(init.o)
    0x0000075c   0x0000003a   Code   RO         3221    .text               mc_w.l(__dczerorl.o)
    0x00000796   0x00000002   PAD
    0x00000798   0x00000108   Code   RO          230    i.BtnMr             btnmr.o
    0x000008a0   0x0000000c   Code   RO          231    i.BtnMr_Init        btnmr.o
    0x000008ac   0x00000006   Code   RO          179    i.ButtonCurrent     btn.o
    0x000008b2   0x00000002   PAD
    0x000008b4   0x00000054   Code   RO          180    i.ButtonDebounceInit  btn.o
    0x00000908   0x0000003a   Code   RO          182    i.ButtonProcess     btn.o
    0x00000942   0x0000000c   Code   RO          183    i.ButtonReleased    btn.o
    0x0000094e   0x00000002   PAD
    0x00000950   0x000000b4   Code   RO         1466    i.ButtonsPoll_Task  buttonspoll_task.o
    0x00000a04   0x00000054   Code   RO         1467    i.ButtonsPoll_Task_Init  buttonspoll_task.o
    0x00000a58   0x00000068   Code   RO         1333    i.CANBitRateSet     can.o
    0x00000ac0   0x000000b0   Code   RO          270    i.CANCom_Master_Init  cancom.o
    0x00000b70   0x0000000a   Code   RO         1337    i.CANEnable         can.o
    0x00000b7a   0x0000003c   Code   RO         1339    i.CANInit           can.o
    0x00000bb6   0x00000022   Code   RO         1340    i.CANIntClear       can.o
    0x00000bd8   0x00000008   Code   RO         1342    i.CANIntEnable      can.o
    0x00000be0   0x00000070   Code   RO            1    i.CANIntHandler     tank_monitor_ecu.o
    0x00000c50   0x0000001a   Code   RO         1343    i.CANIntRegister    can.o
    0x00000c6a   0x0000001e   Code   RO         1344    i.CANIntStatus      can.o
    0x00000c88   0x0000013e   Code   RO         1347    i.CANMessageGet     can.o
    0x00000dc6   0x00000154   Code   RO         1348    i.CANMessageSet     can.o
    0x00000f1a   0x00000040   Code   RO         1351    i.CANStatusGet      can.o
    0x00000f5a   0x00000002   PAD
    0x00000f5c   0x0000005c   Code   RO            2    i.ConfigureUART     tank_monitor_ecu.o
    0x00000fb8   0x000000b0   Code   RO         1497    i.Display_Calendar  display_task.o
    0x00001068   0x000000f0   Code   RO         1498    i.Display_Sensors   display_task.o
    0x00001158   0x00000034   Code   RO         1499    i.Display_Task      display_task.o
    0x0000118c   0x00000044   Code   RO         1500    i.Display_Task_Init  display_task.o
    0x000011d0   0x00000028   Code   RO         1536    i.GPIODirModeSet    driverlib.lib(gpio.o)
    0x000011f8   0x00000138   Code   RO         1546    i.GPIOPadConfigSet  driverlib.lib(gpio.o)
    0x00001330   0x00000044   Code   RO         1547    i.GPIOPinConfigure  driverlib.lib(gpio.o)
    0x00001374   0x00000006   Code   RO         1548    i.GPIOPinRead       driverlib.lib(gpio.o)
    0x0000137a   0x0000001c   Code   RO         1550    i.GPIOPinTypeCAN    driverlib.lib(gpio.o)
    0x00001396   0x0000001c   Code   RO         1558    i.GPIOPinTypeGPIOOutput  driverlib.lib(gpio.o)
    0x000013b2   0x00000006   Code   RO         1576    i.GPIOPinWrite      driverlib.lib(gpio.o)
    0x000013b8   0x00000050   Code   RO         1851    i.HibernateClockConfig  driverlib.lib(hibernate.o)
    0x00001408   0x00000018   Code   RO         1856    i.HibernateEnableExpClk  driverlib.lib(hibernate.o)
    0x00001420   0x00000018   Code   RO         1870    i.HibernateRTCEnable  driverlib.lib(hibernate.o)
    0x00001438   0x0000000c   Code   RO         1871    i.HibernateRTCGet   driverlib.lib(hibernate.o)
    0x00001444   0x00000034   Code   RO         1877    i.HibernateRTCSet   driverlib.lib(hibernate.o)
    0x00001478   0x00000064   Code   RO         2175    i.IntEnable         driverlib.lib(interrupt.o)
    0x000014dc   0x00000034   Code   RO         2187    i.IntRegister       driverlib.lib(interrupt.o)
    0x00001510   0x00000012   Code   RO          336    i.LCD_Clear         lcd20x04.o
    0x00001522   0x00000004   Code   RO          337    i.LCD_DispChar      lcd20x04.o
    0x00001526   0x00000006   Code   RO          338    i.LCD_DispCursor    lcd20x04.o
    0x0000152c   0x00000014   Code   RO          339    i.LCD_DispString    lcd20x04.o
    0x00001540   0x0000002a   Code   RO          340    i.LCD_GoToXy        lcd20x04.o
    0x0000156a   0x00000006   Code   RO          341    i.LCD_HideCursor    lcd20x04.o
    0x00001570   0x00000078   Code   RO          342    i.LCD_Init          lcd20x04.o
    0x000015e8   0x00000016   Code   RO          398    i.LcdDay            lcdmr.o
    0x000015fe   0x00000016   Code   RO          399    i.LcdHr             lcdmr.o
    0x00001614   0x00000016   Code   RO          400    i.LcdLength         lcdmr.o
    0x0000162a   0x00000016   Code   RO          401    i.LcdMin            lcdmr.o
    0x00001640   0x00000016   Code   RO          402    i.LcdMonth          lcdmr.o
    0x00001656   0x00000004   Code   RO          404    i.LcdMr_Init        lcdmr.o
    0x0000165a   0x00000002   PAD
    0x0000165c   0x000000c4   Code   RO          406    i.LcdNormalScreenBase  lcdmr.o
    0x00001720   0x00000016   Code   RO          407    i.LcdRadius         lcdmr.o
    0x00001736   0x00000016   Code   RO          408    i.LcdSec            lcdmr.o
    0x0000174c   0x0000009c   Code   RO          409    i.LcdSetupScreenBase  lcdmr.o
    0x000017e8   0x00000024   Code   RO          410    i.LcdT1             lcdmr.o
    0x0000180c   0x00000024   Code   RO          411    i.LcdT2             lcdmr.o
    0x00001830   0x00000024   Code   RO          412    i.LcdT3             lcdmr.o
    0x00001854   0x00000024   Code   RO          413    i.LcdT4             lcdmr.o
    0x00001878   0x00000024   Code   RO          414    i.LcdT5             lcdmr.o
    0x0000189c   0x00000024   Code   RO          415    i.LcdT6             lcdmr.o
    0x000018c0   0x00000016   Code   RO          416    i.LcdYr             lcdmr.o
    0x000018d6   0x00000002   PAD
    0x000018d8   0x00000014   Code   RO          184    i.Port1ReadBits     btn.o
    0x000018ec   0x0000003c   Code   RO          271    i.ReceiveData       cancom.o
    0x00001928   0x00000068   Code   RO         1468    i.RollOverAdjust    buttonspoll_task.o
    0x00001990   0x00000030   Code   RO          526    i.Rtc_GetDate       rtc.o
    0x000019c0   0x00000020   Code   RO          527    i.Rtc_Init          rtc.o
    0x000019e0   0x00000030   Code   RO          528    i.Rtc_SetDate       rtc.o
    0x00001a10   0x00000094   Code   RO            3    i.Rx_Task           tank_monitor_ecu.o
    0x00001aa4   0x0000007c   Code   RO          343    i.SendCommand       lcd20x04.o
    0x00001b20   0x0000007c   Code   RO          344    i.SendData          lcd20x04.o
    0x00001b9c   0x000001b8   Code   RO            4    i.SetupScreen_Task  tank_monitor_ecu.o
    0x00001d54   0x00000154   Code   RO         2293    i.SysCtlClockGet    driverlib.lib(sysctl.o)
    0x00001ea8   0x00000120   Code   RO         2295    i.SysCtlClockSet    driverlib.lib(sysctl.o)
    0x00001fc8   0x00000028   Code   RO         2324    i.SysCtlPeripheralEnable  driverlib.lib(sysctl.o)
    0x00001ff0   0x00000068   Code   RO          303    i.Timer1_Init       delay.o
    0x00002058   0x00000006   Code   RO         2638    i.TimerClockSourceSet  driverlib.lib(timer.o)
    0x0000205e   0x00000002   PAD
    0x00002060   0x00000014   Code   RO          272    i.TransmitSync      cancom.o
    0x00002074   0x00000038   Code   RO            5    i.Tx_Task           tank_monitor_ecu.o
    0x000020ac   0x00000006   Code   RO         2889    i.UARTClockSourceSet  driverlib.lib(uart.o)
    0x000020b2   0x00000002   PAD
    0x000020b4   0x0000005c   Code   RO         1168    i.UARTStdioConfig   uartstdio.o
    0x00002110   0x00000012   Code   RO         1171    i.UARTprintf        uartstdio.o
    0x00002122   0x00000002   PAD
    0x00002124   0x000001b4   Code   RO         1172    i.UARTvprintf       uartstdio.o
    0x000022d8   0x0000003c   Code   RO         1173    i.UARTwrite         uartstdio.o
    0x00002314   0x00000058   Code   RO         1352    i._CANIntNumberGet  can.o
    0x0000236c   0x0000000e   Code   RO         3215    i.__scatterload_copy  mc_w.l(handlers.o)
    0x0000237a   0x00000002   Code   RO         3216    i.__scatterload_null  mc_w.l(handlers.o)
    0x0000237c   0x0000000e   Code   RO         3217    i.__scatterload_zeroinit  mc_w.l(handlers.o)
    0x0000238a   0x00000002   PAD
    0x0000238c   0x0000003c   Code   RO          304    i.delay_ms          delay.o
    0x000023c8   0x00000038   Code   RO          305    i.delay_us          delay.o
    0x00002400   0x00000056   Code   RO            6    i.itoa_new          tank_monitor_ecu.o
    0x00002456   0x00000002   PAD
    0x00002458   0x00000154   Code   RO            7    i.main              tank_monitor_ecu.o
    0x000025ac   0x00000034   Code   RO          770    i.prvAddCurrentTaskToDelayedList  tasks.o
    0x000025e0   0x00000058   Code   RO          771    i.prvCheckTasksWaitingTermination  tasks.o
    0x00002638   0x00000026   Code   RO          605    i.prvCopyDataFromQueue  queue.o
    0x0000265e   0x0000006e   Code   RO          606    i.prvCopyDataToQueue  queue.o
    0x000026cc   0x00000006   Code   RO          772    i.prvIdleTask       tasks.o
    0x000026d2   0x00000002   PAD
    0x000026d4   0x00000020   Code   RO          774    i.prvResetNextTaskUnblockTime  tasks.o
    0x000026f4   0x00000010   Code   RO         1076    i.prvTaskExitError  port.o
    0x00002704   0x00000020   Code   RO          776    i.prvTaskIsTaskSuspended  tasks.o
    0x00002724   0x00000064   Code   RO          607    i.prvUnlockQueue    queue.o
    0x00002788   0x000000b4   Code   RO         1135    i.pvPortMalloc      heap_2.o
    0x0000283c   0x00000018   Code   RO          777    i.pvTaskIncrementMutexHeldCount  tasks.o
    0x00002854   0x00000028   Code   RO         1077    i.pxPortInitialiseStack  port.o
    0x0000287c   0x00000052   Code   RO         1217    i.ucmptime          ustdlib.o
    0x000028ce   0x00000002   PAD
    0x000028d0   0x0000009c   Code   RO          778    i.ulTaskNotifyTake  tasks.o
    0x0000296c   0x000000a4   Code   RO         1218    i.ulocaltime        ustdlib.o
    0x00002a10   0x0000003a   Code   RO         1219    i.umktime           ustdlib.o
    0x00002a4a   0x00000024   Code   RO          563    i.uxListRemove      list.o
    0x00002a6e   0x00000002   Code   RO            8    i.vApplicationStackOverflowHook  tank_monitor_ecu.o
    0x00002a70   0x00000010   Code   RO            9    i.vApplicationTickHook  tank_monitor_ecu.o
    0x00002a80   0x00000016   Code   RO          564    i.vListInitialise   list.o
    0x00002a96   0x00000006   Code   RO          565    i.vListInitialiseItem  list.o
    0x00002a9c   0x00000030   Code   RO          566    i.vListInsert       list.o
    0x00002acc   0x00000018   Code   RO          567    i.vListInsertEnd    list.o
    0x00002ae4   0x0000001c   Code   RO         1079    i.vPortEnterCritical  port.o
    0x00002b00   0x00000014   Code   RO         1080    i.vPortExitCritical  port.o
    0x00002b14   0x0000003c   Code   RO         1136    i.vPortFree         heap_2.o
    0x00002b50   0x00000014   Code   RO         1081    i.vPortSetupTimerInterrupt  port.o
    0x00002b64   0x00000070   Code   RO          787    i.vTaskDelayUntil   tasks.o
    0x00002bd4   0x0000000c   Code   RO          790    i.vTaskMissedYield  tasks.o
    0x00002be0   0x00000084   Code   RO          791    i.vTaskNotifyGiveFromISR  tasks.o
    0x00002c64   0x00000050   Code   RO          792    i.vTaskPlaceOnEventList  tasks.o
    0x00002cb4   0x00000084   Code   RO          794    i.vTaskPriorityInherit  tasks.o
    0x00002d38   0x00000070   Code   RO          796    i.vTaskResume       tasks.o
    0x00002da8   0x00000010   Code   RO          798    i.vTaskSetTimeOutState  tasks.o
    0x00002db8   0x00000054   Code   RO          799    i.vTaskStartScheduler  tasks.o
    0x00002e0c   0x000000a0   Code   RO          800    i.vTaskSuspend      tasks.o
    0x00002eac   0x00000010   Code   RO          801    i.vTaskSuspendAll   tasks.o
    0x00002ebc   0x00000070   Code   RO          802    i.vTaskSwitchContext  tasks.o
    0x00002f2c   0x00000040   Code   RO         1082    i.xPortStartScheduler  port.o
    0x00002f6c   0x0000002c   Code   RO         1083    i.xPortSysTickHandler  port.o
    0x00002f98   0x0000004a   Code   RO          617    i.xQueueCreateMutex  queue.o
    0x00002fe2   0x00000048   Code   RO          618    i.xQueueGenericCreate  queue.o
    0x0000302a   0x00000002   PAD
    0x0000302c   0x0000012c   Code   RO          619    i.xQueueGenericReceive  queue.o
    0x00003158   0x00000070   Code   RO          620    i.xQueueGenericReset  queue.o
    0x000031c8   0x00000100   Code   RO          621    i.xQueueGenericSend  queue.o
    0x000032c8   0x00000048   Code   RO          803    i.xTaskCheckForTimeOut  tasks.o
    0x00003310   0x00000188   Code   RO          804    i.xTaskGenericCreate  tasks.o
    0x00003498   0x0000000c   Code   RO          808    i.xTaskGetTickCount  tasks.o
    0x000034a4   0x000000c0   Code   RO          810    i.xTaskIncrementTick  tasks.o
    0x00003564   0x00000070   Code   RO          813    i.xTaskPriorityDisinherit  tasks.o
    0x000035d4   0x00000064   Code   RO          814    i.xTaskRemoveFromEventList  tasks.o
    0x00003638   0x000000b0   Code   RO          816    i.xTaskResumeAll    tasks.o
    0x000036e8   0x0000001c   Data   RO         1174    .constdata          uartstdio.o
    0x00003704   0x0000004c   Data   RO         1234    .constdata          ustdlib.o
    0x00003750   0x00000020   Data   RO         1353    .constdata          can.o
    0x00003770   0x00000210   Data   RO         1577    .constdata          driverlib.lib(gpio.o)
    0x00003980   0x0000010c   Data   RO         2191    .constdata          driverlib.lib(interrupt.o)
    0x00003a8c   0x00000254   Data   RO         2346    .constdata          driverlib.lib(sysctl.o)
    0x00003ce0   0x00000056   Data   RO         3186    .constdata          mc_w.l(strftime.o)
    0x00003d36   0x00000002   PAD
    0x00003d38   0x00000011   Data   RO         1175    .conststring        uartstdio.o
    0x00003d49   0x00000003   PAD
    0x00003d4c   0x00000020   Data   RO         3213    Region$$Table       anon$$obj.o


    Execution Region RW_IRAM (Base: 0x20000000, Size: 0x00007f90, Max: 0x00008000, ABSOLUTE, COMPRESSED[0x00000020])

    Base Addr    Size         Type   Attr      Idx    E Section Name        Object

    0x20000000   0x00000050   Data   RW           11    .data               tank_monitor_ecu.o
    0x20000050   0x00000001   Data   RW           12    .data               tank_monitor_ecu.o
    0x20000051   0x00000003   PAD
    0x20000054   0x00000008   Data   RW          233    .data               btnmr.o
    0x2000005c   0x00000004   Data   RW          274    .data               cancom.o
    0x20000060   0x00000038   Data   RW          819    .data               tasks.o
    0x20000098   0x00000004   Data   RW         1084    .data               port.o
    0x2000009c   0x00000018   Data   RW         1140    .data               heap_2.o
    0x200000b4   0x00000008   Data   RW         1176    .data               uartstdio.o
    0x200000bc   0x00000008   Data   RW         1469    .data               buttonspoll_task.o
    0x200000c4   0x00000004   Data   RW         1502    .data               display_task.o
    0x200000c8   0x00000338   PAD
    0x20000400   0x0000026c   Data   RW         2192    vtable              driverlib.lib(interrupt.o)
    0x2000066c   0x0000000c   Zero   RW          232    .bss                btnmr.o
    0x20000678   0x00000028   Zero   RW          273    .bss                cancom.o
    0x200006a0   0x000001a4   Zero   RW          818    .bss                tasks.o
    0x20000844   0x00007530   Zero   RW         1139    .bss                heap_2.o
    0x20007d74   0x00000018   Zero   RW         1501    .bss                display_task.o
    0x20007d8c   0x00000004   PAD
    0x20007d90   0x00000200   Zero   RW         1327    STACK               startup_rvmdk.o


==============================================================================

Image component sizes


      Code (inc. data)   RO Data    RW Data    ZI Data      Debug   Object Name

       180         16          0          0          0       4106   btn.o
       276         18          0          8         12       3659   btnmr.o
       368         44          0          8          0       4129   buttonspoll_task.o
      1082         36         32          0          0      10350   can.o
       256         58          0          4         40       2370   cancom.o
       220         28          0          0          0       1584   delay.o
       536         96          0          4         24       2843   display_task.o
       240         12          0         24      30000       3459   heap_2.o
       464         18          0          0          0       4274   lcd20x04.o
       748        150          0          0          0       8466   lcdmr.o
       136          0          0          0          0       3514   list.o
       414         52          0          4          0       7728   port.o
      1062         14          0          0          0      17726   queue.o
       128         12          0          0          0       2201   rtc.o
       648        622          0          0        512        224   startup_rvmdk.o
      1292        236          0         81          0      33685   tank_monitor_ecu.o
      2414        226          0         56        420      31533   tasks.o
       606         30         45          8          0       5224   uartstdio.o
       304         10         76          0          0       3170   ustdlib.o

    ----------------------------------------------------------------------
     11396       1678        188       1024      31012     150245   Object Totals
         0          0         32          0          0          0   (incl. Generated)
        22          0          3        827          4          0   (incl. Padding)

    ----------------------------------------------------------------------

      Code (inc. data)   RO Data    RW Data    ZI Data      Debug   Library Member Name

       488          8        528          0          0       8165   gpio.o
       192         40          0          0          0       4515   hibernate.o
       152         16        268        620          0       2150   interrupt.o
       674         58        596          0          0       4395   sysctl.o
         6          0          0          0          0        502   timer.o
         6          0          0          0          0        497   uart.o
        58          0          0          0          0          0   __dczerorl.o
         0          0          0          0          0          0   entry.o
         0          0          0          0          0          0   entry10a.o
         0          0          0          0          0          0   entry11a.o
         8          4          0          0          0          0   entry2.o
         4          0          0          0          0          0   entry5.o
         0          0          0          0          0          0   entry7b.o
         0          0          0          0          0          0   entry8b.o
         8          4          0          0          0          0   entry9a.o
        30          0          0          0          0          0   handlers.o
        36          8          0          0          0         68   init.o
        36          0          0          0          0         68   memcpya.o
        36          0          0          0          0        108   memseta.o
       916        264         86          0          0        144   strftime.o

    ----------------------------------------------------------------------
      2660        402       1480        620          0      20612   Library Totals
        10          0          2          0          0          0   (incl. Padding)

    ----------------------------------------------------------------------

      Code (inc. data)   RO Data    RW Data    ZI Data      Debug   Library Name

      1518        122       1392        620          0      20224   driverlib.lib
      1132        280         86          0          0        388   mc_w.l

    ----------------------------------------------------------------------
      2660        402       1480        620          0      20612   Library Totals

    ----------------------------------------------------------------------

==============================================================================


      Code (inc. data)   RO Data    RW Data    ZI Data      Debug   

     14056       2080       1668       1644      31012     157389   Grand Totals
     14056       2080       1668         32      31012     157389   ELF Image Totals (compressed)
     14056       2080       1668         32          0          0   ROM Totals

==============================================================================

    Total RO  Size (Code + RO Data)                15724 (  15.36kB)
    Total RW  Size (RW Data + ZI Data)             32656 (  31.89kB)
    Total ROM Size (Code + RO Data + RW Data)      15756 (  15.39kB)

==============================================================================

