Component: ARM Compiler 5.06 update 4 (build 422) Tool: armlink [4d35d2]

==============================================================================

Section Cross References

    tank_monitor_ecu.o(i.CANIntHandler) refers to can.o(i.CANIntStatus) for CANIntStatus
    tank_monitor_ecu.o(i.CANIntHandler) refers to can.o(i.CANIntClear) for CANIntClear
    tank_monitor_ecu.o(i.CANIntHandler) refers to can.o(i.CANStatusGet) for CANStatusGet
    tank_monitor_ecu.o(i.CANIntHandler) refers to tasks.o(i.vTaskNotifyGiveFromISR) for vTaskNotifyGiveFromISR
    tank_monitor_ecu.o(i.CANIntHandler) refers to tank_monitor_ecu.o(.data) for .data
    tank_monitor_ecu.o(i.ConfigureUART) refers to uart.o(i.UARTClockSourceSet) for UARTClockSourceSet
    tank_monitor_ecu.o(i.ConfigureUART) refers to uartstdio.o(i.UARTStdioConfig) for UARTStdioConfig
    tank_monitor_ecu.o(i.DispCal_Task) refers to tasks.o(i.xTaskGetTickCount) for xTaskGetTickCount
    tank_monitor_ecu.o(i.DispCal_Task) refers to lcdmr.o(i.LcdNormalScreenBase) for LcdNormalScreenBase
    tank_monitor_ecu.o(i.DispCal_Task) refers to rtc.o(i.Rtc_GetDate) for Rtc_GetDate
    tank_monitor_ecu.o(i.DispCal_Task) refers to strftime.o(.text) for strftime
    tank_monitor_ecu.o(i.DispCal_Task) refers to queue.o(i.xQueueGenericReceive) for xQueueGenericReceive
    tank_monitor_ecu.o(i.DispCal_Task) refers to lcdmr.o(i.LcdHr) for LcdHr
    tank_monitor_ecu.o(i.DispCal_Task) refers to lcdmr.o(i.LcdMin) for LcdMin
    tank_monitor_ecu.o(i.DispCal_Task) refers to lcdmr.o(i.LcdSec) for LcdSec
    tank_monitor_ecu.o(i.DispCal_Task) refers to lcdmr.o(i.LcdMonth) for LcdMonth
    tank_monitor_ecu.o(i.DispCal_Task) refers to lcdmr.o(i.LcdDay) for LcdDay
    tank_monitor_ecu.o(i.DispCal_Task) refers to lcdmr.o(i.LcdYr) for LcdYr
    tank_monitor_ecu.o(i.DispCal_Task) refers to queue.o(i.xQueueGenericSend) for xQueueGenericSend
    tank_monitor_ecu.o(i.DispCal_Task) refers to tasks.o(i.vTaskDelayUntil) for vTaskDelayUntil
    tank_monitor_ecu.o(i.DispCal_Task) refers to tank_monitor_ecu.o(.data) for .data
    tank_monitor_ecu.o(i.DisplayT1_Task) refers to queue.o(i.xQueueGenericReceive) for xQueueGenericReceive
    tank_monitor_ecu.o(i.DisplayT1_Task) refers to strncpy.o(.text) for strncpy
    tank_monitor_ecu.o(i.DisplayT1_Task) refers to lcdmr.o(i.LcdT1) for LcdT1
    tank_monitor_ecu.o(i.DisplayT1_Task) refers to queue.o(i.xQueueGenericSend) for xQueueGenericSend
    tank_monitor_ecu.o(i.DisplayT1_Task) refers to tank_monitor_ecu.o(i.itoa_new) for itoa_new
    tank_monitor_ecu.o(i.DisplayT1_Task) refers to tank_monitor_ecu.o(.data) for .data
    tank_monitor_ecu.o(i.DisplayT2_Task) refers to queue.o(i.xQueueGenericReceive) for xQueueGenericReceive
    tank_monitor_ecu.o(i.DisplayT2_Task) refers to strncpy.o(.text) for strncpy
    tank_monitor_ecu.o(i.DisplayT2_Task) refers to lcdmr.o(i.LcdT2) for LcdT2
    tank_monitor_ecu.o(i.DisplayT2_Task) refers to queue.o(i.xQueueGenericSend) for xQueueGenericSend
    tank_monitor_ecu.o(i.DisplayT2_Task) refers to tank_monitor_ecu.o(i.itoa_new) for itoa_new
    tank_monitor_ecu.o(i.DisplayT2_Task) refers to tank_monitor_ecu.o(.data) for .data
    tank_monitor_ecu.o(i.DisplayT3_Task) refers to queue.o(i.xQueueGenericReceive) for xQueueGenericReceive
    tank_monitor_ecu.o(i.DisplayT3_Task) refers to strncpy.o(.text) for strncpy
    tank_monitor_ecu.o(i.DisplayT3_Task) refers to lcdmr.o(i.LcdT3) for LcdT3
    tank_monitor_ecu.o(i.DisplayT3_Task) refers to queue.o(i.xQueueGenericSend) for xQueueGenericSend
    tank_monitor_ecu.o(i.DisplayT3_Task) refers to tank_monitor_ecu.o(i.itoa_new) for itoa_new
    tank_monitor_ecu.o(i.DisplayT3_Task) refers to tank_monitor_ecu.o(.data) for .data
    tank_monitor_ecu.o(i.DisplayT4_Task) refers to queue.o(i.xQueueGenericReceive) for xQueueGenericReceive
    tank_monitor_ecu.o(i.DisplayT4_Task) refers to strncpy.o(.text) for strncpy
    tank_monitor_ecu.o(i.DisplayT4_Task) refers to lcdmr.o(i.LcdT4) for LcdT4
    tank_monitor_ecu.o(i.DisplayT4_Task) refers to queue.o(i.xQueueGenericSend) for xQueueGenericSend
    tank_monitor_ecu.o(i.DisplayT4_Task) refers to tank_monitor_ecu.o(i.itoa_new) for itoa_new
    tank_monitor_ecu.o(i.DisplayT4_Task) refers to tank_monitor_ecu.o(.data) for .data
    tank_monitor_ecu.o(i.DisplayT5_Task) refers to queue.o(i.xQueueGenericReceive) for xQueueGenericReceive
    tank_monitor_ecu.o(i.DisplayT5_Task) refers to strncpy.o(.text) for strncpy
    tank_monitor_ecu.o(i.DisplayT5_Task) refers to lcdmr.o(i.LcdT5) for LcdT5
    tank_monitor_ecu.o(i.DisplayT5_Task) refers to queue.o(i.xQueueGenericSend) for xQueueGenericSend
    tank_monitor_ecu.o(i.DisplayT5_Task) refers to tank_monitor_ecu.o(i.itoa_new) for itoa_new
    tank_monitor_ecu.o(i.DisplayT5_Task) refers to tank_monitor_ecu.o(.data) for .data
    tank_monitor_ecu.o(i.DisplayT6_Task) refers to queue.o(i.xQueueGenericReceive) for xQueueGenericReceive
[...]
    entry9b.o(.ARM.Collect$$$$0000000C) refers to tank_monitor_ecu.o(i.main) for main
    init.o(.text) refers to entry5.o(.ARM.Collect$$$$00000004) for __main_after_scatterload


==============================================================================

Removing Unused input sections from the image.

    Removing tank_monitor_ecu.o(.data), (4 bytes).
    Removing tank_monitor_ecu.o(.data), (4 bytes).
    Removing tank_monitor_ecu.o(.data), (4 bytes).
    Removing btn.o(i.ButtonPressed), (12 bytes).
    Removing delay.o(.data), (4 bytes).
    Removing lcdmr.o(i.LcdCal), (180 bytes).
    Removing lcdmr.o(i.LcdMr), (248 bytes).
    Removing lcdmr.o(i.LcdMr_Setup_screen), (160 bytes).
    Removing rtc.o(.data), (4 bytes).
    Removing queue.o(i.ucQueueGetQueueType), (6 bytes).
    Removing queue.o(i.uxQueueGetQueueNumber), (4 bytes).
    Removing queue.o(i.uxQueueMessagesWaiting), (18 bytes).
    Removing queue.o(i.uxQueueMessagesWaitingFromISR), (4 bytes).
    Removing queue.o(i.uxQueueSpacesAvailable), (22 bytes).
    Removing queue.o(i.vQueueAddToRegistry), (36 bytes).
    Removing queue.o(i.vQueueDelete), (18 bytes).
    Removing queue.o(i.vQueueSetQueueNumber), (4 bytes).
    Removing queue.o(i.vQueueUnregisterQueue), (36 bytes).
    Removing queue.o(i.xQueueGenericSendFromISR), (96 bytes).
    Removing queue.o(i.xQueueGiveFromISR), (86 bytes).
    Removing queue.o(i.xQueueGiveMutexRecursive), (42 bytes).
    Removing queue.o(i.xQueueIsQueueEmptyFromISR), (12 bytes).
    Removing queue.o(i.xQueueIsQueueFullFromISR), (16 bytes).
    Removing queue.o(i.xQueuePeekFromISR), (44 bytes).
    Removing queue.o(i.xQueueReceiveFromISR), (88 bytes).
    Removing queue.o(i.xQueueTakeMutexRecursive), (50 bytes).
    Removing queue.o(.bss), (80 bytes).
    Removing tasks.o(i.prvListTaskWithinSingleList), (126 bytes).
    Removing tasks.o(i.prvTaskCheckFreeStackSpace), (20 bytes).
    Removing tasks.o(i.uxTaskGetNumberOfTasks), (12 bytes).
    Removing tasks.o(i.uxTaskGetStackHighWaterMark), (16 bytes).
    Removing tasks.o(i.uxTaskGetSystemState), (152 bytes).
    Removing tasks.o(i.uxTaskGetTaskNumber), (8 bytes).
    Removing tasks.o(i.uxTaskPriorityGet), (28 bytes).
    Removing tasks.o(i.uxTaskPriorityGetFromISR), (36 bytes).
    Removing tasks.o(i.uxTaskResetEventItemValue), (24 bytes).
    Removing tasks.o(i.vTaskDelay), (84 bytes).
    Removing tasks.o(i.vTaskDelete), (144 bytes).
    Removing tasks.o(i.vTaskEndScheduler), (28 bytes).
    Removing tasks.o(i.vTaskPlaceOnUnorderedEventList), (88 bytes).
    Removing tasks.o(i.vTaskPrioritySet), (180 bytes).
    Removing tasks.o(i.vTaskSetTaskNumber), (8 bytes).
    Removing tasks.o(i.xTaskGenericNotify), (164 bytes).
    Removing tasks.o(i.xTaskGenericNotifyFromISR), (184 bytes).
    Removing tasks.o(i.xTaskGetCurrentTaskHandle), (12 bytes).
    Removing tasks.o(i.xTaskGetTickCountFromISR), (12 bytes).
    Removing tasks.o(i.xTaskNotifyStateClear), (48 bytes).
    Removing tasks.o(i.xTaskNotifyWait), (184 bytes).
    Removing tasks.o(i.xTaskRemoveFromUnorderedEventList), (80 bytes).
    Removing tasks.o(i.xTaskResumeFromISR), (120 bytes).
    Removing port.o(i.vPortEndScheduler), (2 bytes).
    Removing heap_2.o(i.vPortInitialiseBlocks), (2 bytes).
    Removing heap_2.o(i.xPortGetFreeHeapSize), (12 bytes).
    Removing uartstdio.o(i.UARTgetc), (24 bytes).
    Removing uartstdio.o(i.UARTgets), (132 bytes).
    Removing ustdlib.o(i.urand), (28 bytes).
    Removing ustdlib.o(i.usnprintf), (18 bytes).
    Removing ustdlib.o(i.usprintf), (22 bytes).
    Removing ustdlib.o(i.usrand), (12 bytes).
    Removing ustdlib.o(i.ustrcasecmp), (8 bytes).
    Removing ustdlib.o(i.ustrcmp), (8 bytes).
    Removing ustdlib.o(i.ustrlen), (16 bytes).
    Removing ustdlib.o(i.ustrncasecmp), (70 bytes).
    Removing ustdlib.o(i.ustrncmp), (46 bytes).
    Removing ustdlib.o(i.ustrncpy), (36 bytes).
    Removing ustdlib.o(i.ustrstr), (42 bytes).
    Removing ustdlib.o(i.ustrtof), (316 bytes).
    Removing ustdlib.o(i.ustrtoul), (158 bytes).
    Removing ustdlib.o(i.uvsnprintf), (592 bytes).
    Removing ustdlib.o(.data), (4 bytes).
    Removing startup_rvmdk.o(HEAP), (0 bytes).
    Removing startup_rvmdk.o(.text), (0 bytes).
    Removing can.o(i.CANBitTimingGet), (42 bytes).
    Removing can.o(i.CANBitTimingSet), (84 bytes).
    Removing can.o(i.CANDisable), (10 bytes).
    Removing can.o(i.CANErrCntrGet), (24 bytes).
    Removing can.o(i.CANIntDisable), (8 bytes).
    Removing can.o(i.CANIntUnregister), (22 bytes).
    Removing can.o(i.CANMessageClear), (24 bytes).
    Removing can.o(i.CANRetryGet), (14 bytes).
    Removing can.o(i.CANRetrySet), (18 bytes).
    Removing gpio.o(i.GPIOADCTriggerDisable), (14 bytes).
    Removing gpio.o(i.GPIOADCTriggerEnable), (12 bytes).
    Removing gpio.o(i.GPIODMATriggerDisable), (14 bytes).
    Removing gpio.o(i.GPIODMATriggerEnable), (12 bytes).
    Removing gpio.o(i.GPIODirModeGet), (34 bytes).
    Removing gpio.o(i.GPIOIntClear), (6 bytes).
    Removing gpio.o(i.GPIOIntDisable), (14 bytes).
    Removing gpio.o(i.GPIOIntEnable), (12 bytes).
    Removing gpio.o(i.GPIOIntRegister), (88 bytes).
    Removing gpio.o(i.GPIOIntStatus), (14 bytes).
    Removing gpio.o(i.GPIOIntTypeGet), (68 bytes).
    Removing gpio.o(i.GPIOIntTypeSet), (80 bytes).
    Removing gpio.o(i.GPIOIntUnregister), (88 bytes).
    Removing gpio.o(i.GPIOPadConfigGet), (204 bytes).
    Removing gpio.o(i.GPIOPinTypeADC), (28 bytes).
    Removing gpio.o(i.GPIOPinTypeComparator), (28 bytes).
    Removing gpio.o(i.GPIOPinTypeComparatorOutput), (28 bytes).
    Removing gpio.o(i.GPIOPinTypeDIVSCLK), (28 bytes).
    Removing gpio.o(i.GPIOPinTypeEPI), (28 bytes).
    Removing gpio.o(i.GPIOPinTypeEthernetLED), (28 bytes).
    Removing gpio.o(i.GPIOPinTypeEthernetMII), (28 bytes).
    Removing gpio.o(i.GPIOPinTypeGPIOInput), (28 bytes).
    Removing gpio.o(i.GPIOPinTypeGPIOOutputOD), (28 bytes).
    Removing gpio.o(i.GPIOPinTypeHibernateRTCCLK), (28 bytes).
    Removing gpio.o(i.GPIOPinTypeI2C), (28 bytes).
    Removing gpio.o(i.GPIOPinTypeI2CSCL), (28 bytes).
    Removing gpio.o(i.GPIOPinTypeLCD), (28 bytes).
    Removing gpio.o(i.GPIOPinTypeOneWire), (28 bytes).
    Removing gpio.o(i.GPIOPinTypePWM), (28 bytes).
    Removing gpio.o(i.GPIOPinTypeQEI), (28 bytes).
    Removing gpio.o(i.GPIOPinTypeSSI), (28 bytes).
    Removing gpio.o(i.GPIOPinTypeTimer), (28 bytes).
    Removing gpio.o(i.GPIOPinTypeTrace), (28 bytes).
    Removing gpio.o(i.GPIOPinTypeUART), (28 bytes).
    Removing gpio.o(i.GPIOPinTypeUSBAnalog), (28 bytes).
    Removing gpio.o(i.GPIOPinTypeUSBDigital), (28 bytes).
    Removing gpio.o(i.GPIOPinTypeWakeHigh), (30 bytes).
    Removing gpio.o(i.GPIOPinTypeWakeLow), (30 bytes).
    Removing gpio.o(i.GPIOPinWakeStatus), (6 bytes).
    Removing hibernate.o(i.HibernateBatCheckDone), (16 bytes).
    Removing hibernate.o(i.HibernateBatCheckStart), (24 bytes).
    Removing hibernate.o(i.HibernateCalendarGet), (120 bytes).
    Removing hibernate.o(i.HibernateCalendarMatchGet), (120 bytes).
    Removing hibernate.o(i.HibernateCalendarMatchSet), (12 bytes).
    Removing hibernate.o(i.HibernateCalendarSet), (12 bytes).
    Removing hibernate.o(i.HibernateCounterMode), (20 bytes).
    Removing hibernate.o(i.HibernateDataGet), (32 bytes).
    Removing hibernate.o(i.HibernateDataSet), (56 bytes).
    Removing hibernate.o(i.HibernateDisable), (24 bytes).
    Removing hibernate.o(i.HibernateGPIORetentionDisable), (28 bytes).
    Removing hibernate.o(i.HibernateGPIORetentionEnable), (28 bytes).
    Removing hibernate.o(i.HibernateGPIORetentionGet), (28 bytes).
    Removing hibernate.o(i.HibernateIntClear), (24 bytes).
    Removing hibernate.o(i.HibernateIntDisable), (24 bytes).
    Removing hibernate.o(i.HibernateIntEnable), (24 bytes).
    Removing hibernate.o(i.HibernateIntRegister), (52 bytes).
    Removing hibernate.o(i.HibernateIntStatus), (16 bytes).
    Removing hibernate.o(i.HibernateIntUnregister), (48 bytes).
    Removing hibernate.o(i.HibernateIsActive), (16 bytes).
    Removing hibernate.o(i.HibernateLowBatGet), (16 bytes).
    Removing hibernate.o(i.HibernateLowBatSet), (32 bytes).
    Removing hibernate.o(i.HibernateRTCDisable), (24 bytes).
    Removing hibernate.o(i.HibernateRTCMatchGet), (12 bytes).
    Removing hibernate.o(i.HibernateRTCMatchSet), (20 bytes).
    Removing hibernate.o(i.HibernateRTCSSGet), (16 bytes).
    Removing hibernate.o(i.HibernateRTCSSMatchGet), (12 bytes).
    Removing hibernate.o(i.HibernateRTCSSMatchSet), (20 bytes).
    Removing hibernate.o(i.HibernateRTCTrimGet), (12 bytes).
    Removing hibernate.o(i.HibernateRTCTrimSet), (20 bytes).
    Removing hibernate.o(i.HibernateRequest), (24 bytes).
    Removing hibernate.o(i.HibernateTamperDisable), (64 bytes).
    Removing hibernate.o(i.HibernateTamperEnable), (64 bytes).
    Removing hibernate.o(i.HibernateTamperEventsClear), (64 bytes).
    Removing hibernate.o(i.HibernateTamperEventsClearNoLock), (32 bytes).
    Removing hibernate.o(i.HibernateTamperEventsConfig), (72 bytes).
    Removing hibernate.o(i.HibernateTamperEventsGet), (84 bytes).
    Removing hibernate.o(i.HibernateTamperExtOscRecover), (64 bytes).
    Removing hibernate.o(i.HibernateTamperExtOscValid), (60 bytes).
    Removing hibernate.o(i.HibernateTamperIODisable), (72 bytes).
    Removing hibernate.o(i.HibernateTamperIOEnable), (84 bytes).
    Removing hibernate.o(i.HibernateTamperLock), (32 bytes).
    Removing hibernate.o(i.HibernateTamperStatusGet), (52 bytes).
    Removing hibernate.o(i.HibernateTamperUnLock), (28 bytes).
    Removing hibernate.o(i.HibernateWakeGet), (56 bytes).
    Removing hibernate.o(i.HibernateWakeSet), (108 bytes).
    Removing hibernate.o(i._HibernateCalendarSet), (268 bytes).
    Removing interrupt.o(i.IntDisable), (100 bytes).
    Removing interrupt.o(i.IntIsEnabled), (96 bytes).
    Removing interrupt.o(i.IntMasterDisable), (14 bytes).
    Removing interrupt.o(i.IntMasterEnable), (14 bytes).
    Removing interrupt.o(i.IntPendClear), (68 bytes).
    Removing interrupt.o(i.IntPendSet), (84 bytes).
    Removing interrupt.o(i.IntPriorityGet), (28 bytes).
    Removing interrupt.o(i.IntPriorityGroupingGet), (36 bytes).
    Removing interrupt.o(i.IntPriorityGroupingSet), (28 bytes).
    Removing interrupt.o(i.IntPriorityMaskGet), (4 bytes).
    Removing interrupt.o(i.IntPriorityMaskSet), (4 bytes).
    Removing interrupt.o(i.IntPrioritySet), (40 bytes).
    Removing interrupt.o(i.IntTrigger), (12 bytes).
    Removing interrupt.o(i.IntUnregister), (20 bytes).
    Removing interrupt.o(i._IntDefaultHandler), (2 bytes).
    Removing sysctl.o(i.SysCtlAltClkConfig), (12 bytes).
    Removing sysctl.o(i.SysCtlClockFreqSet), (708 bytes).
    Removing sysctl.o(i.SysCtlClockOutConfig), (20 bytes).
    Removing sysctl.o(i.SysCtlDeepSleep), (32 bytes).
    Removing sysctl.o(i.SysCtlDeepSleepClockConfigSet), (112 bytes).
    Removing sysctl.o(i.SysCtlDeepSleepClockSet), (12 bytes).
    Removing sysctl.o(i.SysCtlDeepSleepPowerSet), (12 bytes).
    Removing sysctl.o(i.SysCtlFlashSectorSizeGet), (56 bytes).
    Removing sysctl.o(i.SysCtlFlashSizeGet), (56 bytes).
    Removing sysctl.o(i.SysCtlGPIOAHBDisable), (28 bytes).
    Removing sysctl.o(i.SysCtlGPIOAHBEnable), (24 bytes).
    Removing sysctl.o(i.SysCtlIntClear), (12 bytes).
    Removing sysctl.o(i.SysCtlIntDisable), (16 bytes).
    Removing sysctl.o(i.SysCtlIntEnable), (16 bytes).
    Removing sysctl.o(i.SysCtlIntRegister), (20 bytes).
    Removing sysctl.o(i.SysCtlIntStatus), (16 bytes).
    Removing sysctl.o(i.SysCtlIntUnregister), (18 bytes).
    Removing sysctl.o(i.SysCtlLDODeepSleepGet), (12 bytes).
    Removing sysctl.o(i.SysCtlLDODeepSleepSet), (12 bytes).
    Removing sysctl.o(i.SysCtlLDOSleepGet), (12 bytes).
    Removing sysctl.o(i.SysCtlLDOSleepSet), (12 bytes).
    Removing sysctl.o(i.SysCtlMOSCConfigSet), (12 bytes).
    Removing sysctl.o(i.SysCtlNMIClear), (16 bytes).
    Removing sysctl.o(i.SysCtlNMIStatus), (12 bytes).
    Removing sysctl.o(i.SysCtlPIOSCCalibrate), (76 bytes).
    Removing sysctl.o(i.SysCtlPWMClockGet), (24 bytes).
    Removing sysctl.o(i.SysCtlPWMClockSet), (20 bytes).
    Removing sysctl.o(i.SysCtlPeripheralClockGating), (68 bytes).
    Removing sysctl.o(i.SysCtlPeripheralDeepSleepDisable), (40 bytes).
    Removing sysctl.o(i.SysCtlPeripheralDeepSleepEnable), (40 bytes).
    Removing sysctl.o(i.SysCtlPeripheralDisable), (40 bytes).
    Removing sysctl.o(i.SysCtlPeripheralPowerOff), (40 bytes).
    Removing sysctl.o(i.SysCtlPeripheralPowerOn), (40 bytes).
    Removing sysctl.o(i.SysCtlPeripheralPresent), (44 bytes).
    Removing sysctl.o(i.SysCtlPeripheralReady), (44 bytes).
    Removing sysctl.o(i.SysCtlPeripheralReset), (60 bytes).
    Removing sysctl.o(i.SysCtlPeripheralSleepDisable), (40 bytes).
    Removing sysctl.o(i.SysCtlPeripheralSleepEnable), (40 bytes).
    Removing sysctl.o(i.SysCtlReset), (16 bytes).
    Removing sysctl.o(i.SysCtlResetBehaviorGet), (12 bytes).
    Removing sysctl.o(i.SysCtlResetBehaviorSet), (12 bytes).
    Removing sysctl.o(i.SysCtlResetCauseClear), (16 bytes).
    Removing sysctl.o(i.SysCtlResetCauseGet), (12 bytes).
    Removing sysctl.o(i.SysCtlSRAMSizeGet), (16 bytes).
    Removing sysctl.o(i.SysCtlSleep), (4 bytes).
    Removing sysctl.o(i.SysCtlSleepPowerSet), (12 bytes).
    Removing sysctl.o(i.SysCtlUSBPLLDisable), (16 bytes).
    Removing sysctl.o(i.SysCtlUSBPLLEnable), (16 bytes).
    Removing sysctl.o(i.SysCtlVCOGet), (120 bytes).
    Removing sysctl.o(i.SysCtlVoltageEventClear), (16 bytes).
    Removing sysctl.o(i.SysCtlVoltageEventConfig), (12 bytes).
    Removing sysctl.o(i.SysCtlVoltageEventStatus), (12 bytes).
    Removing timer.o(i.TimerADCEventGet), (4 bytes).
    Removing timer.o(i.TimerADCEventSet), (4 bytes).
    Removing timer.o(i.TimerClockSourceGet), (6 bytes).
    Removing timer.o(i.TimerConfigure), (96 bytes).
    Removing timer.o(i.TimerControlEvent), (18 bytes).
    Removing timer.o(i.TimerControlLevel), (22 bytes).
    Removing timer.o(i.TimerControlStall), (22 bytes).
    Removing timer.o(i.TimerControlTrigger), (80 bytes).
    Removing timer.o(i.TimerControlWaitOnTrigger), (48 bytes).
    Removing timer.o(i.TimerDMAEventGet), (4 bytes).
    Removing timer.o(i.TimerDMAEventSet), (4 bytes).
    Removing timer.o(i.TimerDisable), (16 bytes).
    Removing timer.o(i.TimerEnable), (14 bytes).
    Removing timer.o(i.TimerIntClear), (4 bytes).
    Removing timer.o(i.TimerIntDisable), (10 bytes).
    Removing timer.o(i.TimerIntEnable), (8 bytes).
    Removing timer.o(i.TimerIntRegister), (104 bytes).
    Removing timer.o(i.TimerIntStatus), (10 bytes).
    Removing timer.o(i.TimerIntUnregister), (104 bytes).
    Removing timer.o(i.TimerLoadGet), (10 bytes).
    Removing timer.o(i.TimerLoadGet64), (14 bytes).
    Removing timer.o(i.TimerLoadSet), (18 bytes).
    Removing timer.o(i.TimerLoadSet64), (6 bytes).
    Removing timer.o(i.TimerMatchGet), (10 bytes).
    Removing timer.o(i.TimerMatchGet64), (14 bytes).
    Removing timer.o(i.TimerMatchSet), (18 bytes).
    Removing timer.o(i.TimerMatchSet64), (6 bytes).
    Removing timer.o(i.TimerPrescaleGet), (10 bytes).
    Removing timer.o(i.TimerPrescaleMatchGet), (10 bytes).
    Removing timer.o(i.TimerPrescaleMatchSet), (18 bytes).
    Removing timer.o(i.TimerPrescaleSet), (18 bytes).
    Removing timer.o(i.TimerRTCDisable), (10 bytes).
    Removing timer.o(i.TimerRTCEnable), (10 bytes).
    Removing timer.o(i.TimerSynchronize), (4 bytes).
    Removing timer.o(i.TimerUpdateMode), (42 bytes).
    Removing timer.o(i.TimerValueGet), (10 bytes).
    Removing timer.o(i.TimerValueGet64), (14 bytes).
    Removing timer.o(.constdata), (160 bytes).
    Removing uart.o(i.UART9BitAddrSend), (38 bytes).
    Removing uart.o(i.UART9BitAddrSet), (10 bytes).
    Removing uart.o(i.UART9BitDisable), (14 bytes).
    Removing uart.o(i.UART9BitEnable), (14 bytes).
    Removing uart.o(i.UARTBreakCtl), (18 bytes).
    Removing uart.o(i.UARTBusy), (8 bytes).
    Removing uart.o(i.UARTCharGet), (12 bytes).
    Removing uart.o(i.UARTCharGetNonBlocking), (16 bytes).
    Removing uart.o(i.UARTCharPut), (12 bytes).
    Removing uart.o(i.UARTCharPutNonBlocking), (16 bytes).
    Removing uart.o(i.UARTCharsAvail), (10 bytes).
    Removing uart.o(i.UARTClockSourceGet), (6 bytes).
    Removing uart.o(i.UARTConfigGetExpClk), (46 bytes).
    Removing uart.o(i.UARTConfigSetExpClk), (110 bytes).
    Removing uart.o(i.UARTDMADisable), (10 bytes).
    Removing uart.o(i.UARTDMAEnable), (8 bytes).
    Removing uart.o(i.UARTDisable), (30 bytes).
    Removing uart.o(i.UARTDisableSIR), (10 bytes).
    Removing uart.o(i.UARTEnable), (20 bytes).
    Removing uart.o(i.UARTEnableSIR), (18 bytes).
    Removing uart.o(i.UARTFIFODisable), (10 bytes).
    Removing uart.o(i.UARTFIFOEnable), (10 bytes).
    Removing uart.o(i.UARTFIFOLevelGet), (16 bytes).
    Removing uart.o(i.UARTFIFOLevelSet), (6 bytes).
    Removing uart.o(i.UARTFlowControlGet), (8 bytes).
    Removing uart.o(i.UARTFlowControlSet), (12 bytes).
    Removing uart.o(i.UARTIntClear), (4 bytes).
    Removing uart.o(i.UARTIntDisable), (10 bytes).
    Removing uart.o(i.UARTIntEnable), (8 bytes).
    Removing uart.o(i.UARTIntRegister), (88 bytes).
    Removing uart.o(i.UARTIntStatus), (10 bytes).
    Removing uart.o(i.UARTIntUnregister), (88 bytes).
    Removing uart.o(i.UARTLoopbackEnable), (10 bytes).
    Removing uart.o(i.UARTModemControlClear), (14 bytes).
    Removing uart.o(i.UARTModemControlGet), (8 bytes).
    Removing uart.o(i.UARTModemControlSet), (12 bytes).
    Removing uart.o(i.UARTModemStatusGet), (10 bytes).
    Removing uart.o(i.UARTParityModeGet), (8 bytes).
    Removing uart.o(i.UARTParityModeSet), (12 bytes).
    Removing uart.o(i.UARTRxErrorClear), (6 bytes).
    Removing uart.o(i.UARTRxErrorGet), (8 bytes).
    Removing uart.o(i.UARTSmartCardDisable), (10 bytes).
    Removing uart.o(i.UARTSmartCardEnable), (22 bytes).
    Removing uart.o(i.UARTSpaceAvail), (10 bytes).
    Removing uart.o(i.UARTTxIntModeGet), (8 bytes).
    Removing uart.o(i.UARTTxIntModeSet), (12 bytes).
    Removing uart.o(.constdata), (128 bytes).
    Removing cpu.o(.emb_text), (38 bytes).

320 unused section(s) (total 13020 bytes) removed from the image.

==============================================================================

Image Symbol Table

    Local Symbols

    Symbol Name                              Value     Ov Type        Size  Object(Section)

    RESET                                    0x00000000   Section      648  startup_rvmdk.o(RESET)
    ../clib/../cmprslib/zerorunl.c           0x00000000   Number         0  __dczerorl.o ABSOLUTE
    ../clib/microlib/init/entry.s            0x00000000   Number         0  entry5.o ABSOLUTE
    ../clib/microlib/init/entry.s            0x00000000   Number         0  entry10b.o ABSOLUTE
    ../clib/microlib/init/entry.s            0x00000000   Number         0  entry7a.o ABSOLUTE
    ../clib/microlib/init/entry.s            0x00000000   Number         0  entry7b.o ABSOLUTE
    ../clib/microlib/init/entry.s            0x00000000   Number         0  entry9b.o ABSOLUTE
    ../clib/microlib/init/entry.s            0x00000000   Number         0  entry9a.o ABSOLUTE
    ../clib/microlib/init/entry.s            0x00000000   Number         0  entry8a.o ABSOLUTE
    ../clib/microlib/init/entry.s            0x00000000   Number         0  entry8b.o ABSOLUTE
    ../clib/microlib/init/entry.s            0x00000000   Number         0  entry.o ABSOLUTE
    ../clib/microlib/init/entry.s            0x00000000   Number         0  entry11b.o ABSOLUTE
    ../clib/microlib/init/entry.s            0x00000000   Number         0  entry11a.o ABSOLUTE
    ../clib/microlib/init/entry.s            0x00000000   Number         0  entry10a.o ABSOLUTE
    ../clib/microlib/init/entry.s            0x00000000   Number         0  entry2.o ABSOLUTE
    ../clib/microlib/string/memcpy.c         0x00000000   Number         0  memcpya.o ABSOLUTE
    ../clib/microlib/string/memcpy.c         0x00000000   Number         0  memcpyb.o ABSOLUTE
    ../clib/microlib/string/memset.c         0x00000000   Number         0  memseta.o ABSOLUTE
    ../clib/microlib/string/strncpy.c        0x00000000   Number         0  strncpy.o ABSOLUTE
    ../clib/microlib/time/asctime.c          0x00000000   Number         0  asctime_s.o ABSOLUTE
    ../clib/microlib/time/strftime.c         0x00000000   Number         0  strftime.o ABSOLUTE
    D:\\ti\\TivaWare_C_Series-2.1.3.156\\third_party\\FreeRTOS\\Source\\portable\\RVDS\\ARM_CM4F\\port.c 0x00000000   Number         0  port.o ABSOLUTE
    D:\ti\TivaWare_C_Series-2.1.3.156\driverlib\can.c 0x00000000   Number         0  can.o ABSOLUTE
    D:\ti\TivaWare_C_Series-2.1.3.156\third_party\FreeRTOS\Source\list.c 0x00000000   Number         0  list.o ABSOLUTE
    D:\ti\TivaWare_C_Series-2.1.3.156\third_party\FreeRTOS\Source\portable\MemMang\heap_2.c 0x00000000   Number         0  heap_2.o ABSOLUTE
    D:\ti\TivaWare_C_Series-2.1.3.156\third_party\FreeRTOS\Source\portable\RVDS\ARM_CM4F\port.c 0x00000000   Number         0  port.o ABSOLUTE
    D:\ti\TivaWare_C_Series-2.1.3.156\third_party\FreeRTOS\Source\queue.c 0x00000000   Number         0  queue.o ABSOLUTE
    D:\ti\TivaWare_C_Series-2.1.3.156\third_party\FreeRTOS\Source\tasks.c 0x00000000   Number         0  tasks.o ABSOLUTE
    D:\ti\TivaWare_C_Series-2.1.3.156\utils\uartstdio.c 0x00000000   Number         0  uartstdio.o ABSOLUTE
    D:\ti\TivaWare_C_Series-2.1.3.156\utils\ustdlib.c 0x00000000   Number         0  ustdlib.o ABSOLUTE
    LCD20x04.c                               0x00000000   Number         0  lcd20x04.o ABSOLUTE
    Tank_Monitor_ECU.c                       0x00000000   Number         0  tank_monitor_ecu.o ABSOLUTE
    btn.c                                    0x00000000   Number         0  btn.o ABSOLUTE
    btnmr.c                                  0x00000000   Number         0  btnmr.o ABSOLUTE
    buttonspoll_task.c                       0x00000000   Number         0  buttonspoll_task.o ABSOLUTE
    cancom.c                                 0x00000000   Number         0  cancom.o ABSOLUTE
    cpu.c                                    0x00000000   Number         0  cpu.o ABSOLUTE
    cpu.c                                    0x00000000   Number         0  cpu.o ABSOLUTE
    dc.s                                     0x00000000   Number         0  dc.o ABSOLUTE
    delay.c                                  0x00000000   Number         0  delay.o ABSOLUTE
    gpio.c                                   0x00000000   Number         0  gpio.o ABSOLUTE
    handlers.s                               0x00000000   Number         0  handlers.o ABSOLUTE
    hibernate.c                              0x00000000   Number         0  hibernate.o ABSOLUTE
    init.s                                   0x00000000   Number         0  init.o ABSOLUTE
    interrupt.c                              0x00000000   Number         0  interrupt.o ABSOLUTE
    lcdmr.c                                  0x00000000   Number         0  lcdmr.o ABSOLUTE
    rtc.c                                    0x00000000   Number         0  rtc.o ABSOLUTE
    startup_rvmdk.S                          0x00000000   Number         0  startup_rvmdk.o ABSOLUTE
    sysctl.c                                 0x00000000   Number         0  sysctl.o ABSOLUTE
    sysctl.c                                 0x00000000   Number         0  sysctl.o ABSOLUTE
    timer.c                                  0x00000000   Number         0  timer.o ABSOLUTE
    uart.c                                   0x00000000   Number         0  uart.o ABSOLUTE
    $v0                                      0x0000026c   Number         0  startup_rvmdk.o(RESET)
    NmiSR                                    0x00000281   Thumb Code     0  startup_rvmdk.o(RESET)
    FaultISR                                 0x00000283   Thumb Code     0  startup_rvmdk.o(RESET)
    IntDefaultHandler                        0x00000285   Thumb Code     0  startup_rvmdk.o(RESET)
    .ARM.Collect$$$$00000000                 0x00000288   Section        0  entry.o(.ARM.Collect$$$$00000000)
    .ARM.Collect$$$$00000001                 0x00000288   Section        4  entry2.o(.ARM.Collect$$$$00000001)
    .ARM.Collect$$$$00000004                 0x0000028c   Section        4  entry5.o(.ARM.Collect$$$$00000004)
    .ARM.Collect$$$$00000008                 0x00000290   Section        0  entry7b.o(.ARM.Collect$$$$00000008)
    .ARM.Collect$$$$0000000A                 0x00000290   Section        0  entry8b.o(.ARM.Collect$$$$0000000A)
    .ARM.Collect$$$$0000000B                 0x00000290   Section        8  entry9a.o(.ARM.Collect$$$$0000000B)
    .ARM.Collect$$$$0000000D                 0x00000298   Section        0  entry10a.o(.ARM.Collect$$$$0000000D)
    .ARM.Collect$$$$0000000F                 0x00000298   Section        0  entry11a.o(.ARM.Collect$$$$0000000F)
    .ARM.Collect$$$$00002712                 0x00000298   Section        4  entry2.o(.ARM.Collect$$$$00002712)
    __lit__00000000                          0x00000298   Data           4  entry2.o(.ARM.Collect$$$$00002712)
    .emb_text                                0x0000029c   Section      182  port.o(.emb_text)
    $v0                                      0x0000029c   Number         0  port.o(.emb_text)
    .emb_text                                0x00000354   Section        6  sysctl.o(.emb_text)
    $v0                                      0x00000354   Number         0  sysctl.o(.emb_text)
    .text                                    0x0000035c   Section        0  strftime.o(.text)
    _isoweek                                 0x0000035d   Thumb Code    64  strftime.o(.text)
    _yeardays                                0x000005e1   Thumb Code    42  strftime.o(.text)
    .text                                    0x000006f0   Section        0  memcpya.o(.text)
    .text                                    0x00000714   Section        0  memseta.o(.text)
    .text                                    0x00000738   Section        0  strncpy.o(.text)
    .text                                    0x00000750   Section       36  init.o(.text)
    .text                                    0x00000774   Section        0  __dczerorl.o(.text)
    i.BtnMr                                  0x000007b0   Section        0  btnmr.o(i.BtnMr)
    i.BtnMr_Init                             0x000008b8   Section        0  btnmr.o(i.BtnMr_Init)
    i.ButtonCurrent                          0x000008c4   Section        0  btn.o(i.ButtonCurrent)
    i.ButtonDebounceInit                     0x000008cc   Section        0  btn.o(i.ButtonDebounceInit)
    i.ButtonProcess                          0x00000920   Section        0  btn.o(i.ButtonProcess)
    i.ButtonReleased                         0x0000095a   Section        0  btn.o(i.ButtonReleased)
    i.ButtonsPoll_Task                       0x00000968   Section        0  buttonspoll_task.o(i.ButtonsPoll_Task)
    ButtonsPoll_Task                         0x00000969   Thumb Code   174  buttonspoll_task.o(i.ButtonsPoll_Task)
    i.ButtonsPoll_Task_Init                  0x00000a1c   Section        0  buttonspoll_task.o(i.ButtonsPoll_Task_Init)
    i.CANBitRateSet                          0x00000a70   Section        0  can.o(i.CANBitRateSet)
    i.CANCom_Master_Init                     0x00000ad8   Section        0  cancom.o(i.CANCom_Master_Init)
    i.CANEnable                              0x00000b88   Section        0  can.o(i.CANEnable)
    i.CANInit                                0x00000b92   Section        0  can.o(i.CANInit)
    i.CANIntClear                            0x00000bce   Section        0  can.o(i.CANIntClear)
    i.CANIntEnable                           0x00000bf0   Section        0  can.o(i.CANIntEnable)
    i.CANIntHandler                          0x00000bf8   Section        0  tank_monitor_ecu.o(i.CANIntHandler)
    i.CANIntRegister                         0x00000c68   Section        0  can.o(i.CANIntRegister)
    i.CANIntStatus                           0x00000c82   Section        0  can.o(i.CANIntStatus)
    i.CANMessageGet                          0x00000ca0   Section        0  can.o(i.CANMessageGet)
    i.CANMessageSet                          0x00000dde   Section        0  can.o(i.CANMessageSet)
    i.CANStatusGet                           0x00000f32   Section        0  can.o(i.CANStatusGet)
    i.ConfigureUART                          0x00000f74   Section        0  tank_monitor_ecu.o(i.ConfigureUART)
    i.DispCal_Task                           0x00000fd0   Section        0  tank_monitor_ecu.o(i.DispCal_Task)
    DispCal_Task                             0x00000fd1   Thumb Code   170  tank_monitor_ecu.o(i.DispCal_Task)
    i.DisplayT1_Task                         0x00001098   Section        0  tank_monitor_ecu.o(i.DisplayT1_Task)
    DisplayT1_Task                           0x00001099   Thumb Code    78  tank_monitor_ecu.o(i.DisplayT1_Task)
    i.DisplayT2_Task                         0x000010f4   Section        0  tank_monitor_ecu.o(i.DisplayT2_Task)
    DisplayT2_Task                           0x000010f5   Thumb Code    78  tank_monitor_ecu.o(i.DisplayT2_Task)
    i.DisplayT3_Task                         0x00001150   Section        0  tank_monitor_ecu.o(i.DisplayT3_Task)
    DisplayT3_Task                           0x00001151   Thumb Code    78  tank_monitor_ecu.o(i.DisplayT3_Task)
    i.DisplayT4_Task                         0x000011ac   Section        0  tank_monitor_ecu.o(i.DisplayT4_Task)
    DisplayT4_Task                           0x000011ad   Thumb Code    78  tank_monitor_ecu.o(i.DisplayT4_Task)
    i.DisplayT5_Task                         0x00001208   Section        0  tank_monitor_ecu.o(i.DisplayT5_Task)
    DisplayT5_Task                           0x00001209   Thumb Code    78  tank_monitor_ecu.o(i.DisplayT5_Task)
    i.DisplayT6_Task                         0x00001264   Section        0  tank_monitor_ecu.o(i.DisplayT6_Task)
    DisplayT6_Task                           0x00001265   Thumb Code    78  tank_monitor_ecu.o(i.DisplayT6_Task)
    i.GPIODirModeSet                         0x000012c0   Section        0  gpio.o(i.GPIODirModeSet)
    i.GPIOPadConfigSet                       0x000012e8   Section        0  gpio.o(i.GPIOPadConfigSet)
    i.GPIOPinConfigure                       0x00001420   Section        0  gpio.o(i.GPIOPinConfigure)
    i.GPIOPinRead                            0x00001464   Section        0  gpio.o(i.GPIOPinRead)
    i.GPIOPinTypeCAN                         0x0000146a   Section        0  gpio.o(i.GPIOPinTypeCAN)
    i.GPIOPinTypeGPIOOutput                  0x00001486   Section        0  gpio.o(i.GPIOPinTypeGPIOOutput)
    i.GPIOPinWrite                           0x000014a2   Section        0  gpio.o(i.GPIOPinWrite)
    i.HibernateClockConfig                   0x000014a8   Section        0  hibernate.o(i.HibernateClockConfig)
    i.HibernateEnableExpClk                  0x000014f8   Section        0  hibernate.o(i.HibernateEnableExpClk)
    i.HibernateRTCEnable                     0x00001510   Section        0  hibernate.o(i.HibernateRTCEnable)
    i.HibernateRTCGet                        0x00001528   Section        0  hibernate.o(i.HibernateRTCGet)
    i.HibernateRTCSet                        0x00001534   Section        0  hibernate.o(i.HibernateRTCSet)
    i.IntEnable                              0x00001568   Section        0  interrupt.o(i.IntEnable)
    i.IntRegister                            0x000015cc   Section        0  interrupt.o(i.IntRegister)
    i.LCD_Clear                              0x00001600   Section        0  lcd20x04.o(i.LCD_Clear)
    i.LCD_DispChar                           0x00001612   Section        0  lcd20x04.o(i.LCD_DispChar)
    i.LCD_DispCursor                         0x00001616   Section        0  lcd20x04.o(i.LCD_DispCursor)
    i.LCD_DispString                         0x0000161c   Section        0  lcd20x04.o(i.LCD_DispString)
    i.LCD_GoToXy                             0x00001630   Section        0  lcd20x04.o(i.LCD_GoToXy)
    i.LCD_HideCursor                         0x0000165a   Section        0  lcd20x04.o(i.LCD_HideCursor)
    i.LCD_Init                               0x00001660   Section        0  lcd20x04.o(i.LCD_Init)
    i.LcdDay                                 0x000016d8   Section        0  lcdmr.o(i.LcdDay)
    i.LcdHr                                  0x000016ee   Section        0  lcdmr.o(i.LcdHr)
    i.LcdLength                              0x00001704   Section        0  lcdmr.o(i.LcdLength)
    i.LcdMin                                 0x0000171a   Section        0  lcdmr.o(i.LcdMin)
    i.LcdMonth                               0x00001730   Section        0  lcdmr.o(i.LcdMonth)
    i.LcdMr_Init                             0x00001746   Section        0  lcdmr.o(i.LcdMr_Init)
    i.LcdNormalScreenBase                    0x0000174c   Section        0  lcdmr.o(i.LcdNormalScreenBase)
    i.LcdRadius                              0x00001810   Section        0  lcdmr.o(i.LcdRadius)
    i.LcdSec                                 0x00001826   Section        0  lcdmr.o(i.LcdSec)
    i.LcdSetupScreenBase                     0x0000183c   Section        0  lcdmr.o(i.LcdSetupScreenBase)
    i.LcdT1                                  0x000018d8   Section        0  lcdmr.o(i.LcdT1)
    i.LcdT2                                  0x000018fc   Section        0  lcdmr.o(i.LcdT2)
    i.LcdT3                                  0x00001920   Section        0  lcdmr.o(i.LcdT3)
    i.LcdT4                                  0x00001944   Section        0  lcdmr.o(i.LcdT4)
    i.LcdT5                                  0x00001968   Section        0  lcdmr.o(i.LcdT5)
    i.LcdT6                                  0x0000198c   Section        0  lcdmr.o(i.LcdT6)
    i.LcdYr                                  0x000019b0   Section        0  lcdmr.o(i.LcdYr)
    i.Port1ReadBits                          0x000019c8   Section        0  btn.o(i.Port1ReadBits)
    i.ReceiveData                            0x000019dc   Section        0  cancom.o(i.ReceiveData)
    i.RollOverAdjust                         0x00001a18   Section        0  buttonspoll_task.o(i.RollOverAdjust)
    RollOverAdjust                           0x00001a19   Thumb Code   104  buttonspoll_task.o(i.RollOverAdjust)
    i.Rtc_GetDate                            0x00001a80   Section        0  rtc.o(i.Rtc_GetDate)
    i.Rtc_Init                               0x00001ab0   Section        0  rtc.o(i.Rtc_Init)
    i.Rtc_SetDate                            0x00001ad0   Section        0  rtc.o(i.Rtc_SetDate)
    i.Rx_Task                                0x00001b00   Section        0  tank_monitor_ecu.o(i.Rx_Task)
    Rx_Task                                  0x00001b01   Thumb Code   136  tank_monitor_ecu.o(i.Rx_Task)
    i.SendCommand                            0x00001b94   Section        0  lcd20x04.o(i.SendCommand)
    SendCommand                              0x00001b95   Thumb Code   120  lcd20x04.o(i.SendCommand)
    i.SendData                               0x00001c10   Section        0  lcd20x04.o(i.SendData)
    SendData                                 0x00001c11   Thumb Code   120  lcd20x04.o(i.SendData)
    i.SetupScreen_Task                       0x00001c8c   Section        0  tank_monitor_ecu.o(i.SetupScreen_Task)
    SetupScreen_Task                         0x00001c8d   Thumb Code   408  tank_monitor_ecu.o(i.SetupScreen_Task)
    i.SysCtlClockGet                         0x00001e44   Section        0  sysctl.o(i.SysCtlClockGet)
    i.SysCtlClockSet                         0x00001f98   Section        0  sysctl.o(i.SysCtlClockSet)
    i.SysCtlPeripheralEnable                 0x000020b8   Section        0  sysctl.o(i.SysCtlPeripheralEnable)
    i.Timer1_Init                            0x000020e0   Section        0  delay.o(i.Timer1_Init)
    i.TimerClockSourceSet                    0x00002148   Section        0  timer.o(i.TimerClockSourceSet)
    i.TransmitSync                           0x00002150   Section        0  cancom.o(i.TransmitSync)
    i.Tx_Task                                0x00002164   Section        0  tank_monitor_ecu.o(i.Tx_Task)
    Tx_Task                                  0x00002165   Thumb Code    32  tank_monitor_ecu.o(i.Tx_Task)
    i.UARTClockSourceSet                     0x0000219c   Section        0  uart.o(i.UARTClockSourceSet)
    i.UARTStdioConfig                        0x000021a4   Section        0  uartstdio.o(i.UARTStdioConfig)
    i.UARTprintf                             0x00002200   Section        0  uartstdio.o(i.UARTprintf)
    i.UARTvprintf                            0x00002214   Section        0  uartstdio.o(i.UARTvprintf)
    i.UARTwrite                              0x000023c8   Section        0  uartstdio.o(i.UARTwrite)
    i._CANIntNumberGet                       0x00002404   Section        0  can.o(i._CANIntNumberGet)
    _CANIntNumberGet                         0x00002405   Thumb Code    64  can.o(i._CANIntNumberGet)
    i.__scatterload_copy                     0x0000245c   Section       14  handlers.o(i.__scatterload_copy)
    i.__scatterload_null                     0x0000246a   Section        2  handlers.o(i.__scatterload_null)
    i.__scatterload_zeroinit                 0x0000246c   Section       14  handlers.o(i.__scatterload_zeroinit)
    i.delay_ms                               0x0000247c   Section        0  delay.o(i.delay_ms)
    i.delay_us                               0x000024b8   Section        0  delay.o(i.delay_us)
    i.itoa_new                               0x000024f0   Section        0  tank_monitor_ecu.o(i.itoa_new)
    i.main                                   0x00002548   Section        0  tank_monitor_ecu.o(i.main)
    i.prvAddCurrentTaskToDelayedList         0x000027d4   Section        0  tasks.o(i.prvAddCurrentTaskToDelayedList)
    prvAddCurrentTaskToDelayedList           0x000027d5   Thumb Code    48  tasks.o(i.prvAddCurrentTaskToDelayedList)
    i.prvCheckTasksWaitingTermination        0x00002808   Section        0  tasks.o(i.prvCheckTasksWaitingTermination)
    prvCheckTasksWaitingTermination          0x00002809   Thumb Code    80  tasks.o(i.prvCheckTasksWaitingTermination)
    i.prvCopyDataFromQueue                   0x00002860   Section        0  queue.o(i.prvCopyDataFromQueue)
    prvCopyDataFromQueue                     0x00002861   Thumb Code    38  queue.o(i.prvCopyDataFromQueue)
    i.prvCopyDataToQueue                     0x00002886   Section        0  queue.o(i.prvCopyDataToQueue)
    prvCopyDataToQueue                       0x00002887   Thumb Code   110  queue.o(i.prvCopyDataToQueue)
    i.prvIdleTask                            0x000028f4   Section        0  tasks.o(i.prvIdleTask)
    prvIdleTask                              0x000028f5   Thumb Code     6  tasks.o(i.prvIdleTask)
    i.prvResetNextTaskUnblockTime            0x000028fc   Section        0  tasks.o(i.prvResetNextTaskUnblockTime)
    prvResetNextTaskUnblockTime              0x000028fd   Thumb Code    26  tasks.o(i.prvResetNextTaskUnblockTime)
    i.prvTaskExitError                       0x0000291c   Section        0  port.o(i.prvTaskExitError)
    prvTaskExitError                         0x0000291d   Thumb Code    16  port.o(i.prvTaskExitError)
    i.prvTaskIsTaskSuspended                 0x0000292c   Section        0  tasks.o(i.prvTaskIsTaskSuspended)
    prvTaskIsTaskSuspended                   0x0000292d   Thumb Code    28  tasks.o(i.prvTaskIsTaskSuspended)
    i.prvUnlockQueue                         0x0000294c   Section        0  queue.o(i.prvUnlockQueue)
    prvUnlockQueue                           0x0000294d   Thumb Code   100  queue.o(i.prvUnlockQueue)
    i.pvPortMalloc                           0x000029b0   Section        0  heap_2.o(i.pvPortMalloc)
    i.pvTaskIncrementMutexHeldCount          0x00002a64   Section        0  tasks.o(i.pvTaskIncrementMutexHeldCount)
    i.pxPortInitialiseStack                  0x00002a7c   Section        0  port.o(i.pxPortInitialiseStack)
    i.ucmptime                               0x00002aa4   Section        0  ustdlib.o(i.ucmptime)
    ucmptime                                 0x00002aa5   Thumb Code    82  ustdlib.o(i.ucmptime)
    i.ulTaskNotifyTake                       0x00002af8   Section        0  tasks.o(i.ulTaskNotifyTake)
    i.ulocaltime                             0x00002b94   Section        0  ustdlib.o(i.ulocaltime)
    i.umktime                                0x00002c38   Section        0  ustdlib.o(i.umktime)
    i.uxListRemove                           0x00002c72   Section        0  list.o(i.uxListRemove)
    i.vApplicationStackOverflowHook          0x00002c96   Section        0  tank_monitor_ecu.o(i.vApplicationStackOverflowHook)
    i.vApplicationTickHook                   0x00002c98   Section        0  tank_monitor_ecu.o(i.vApplicationTickHook)
    i.vListInitialise                        0x00002ca8   Section        0  list.o(i.vListInitialise)
    i.vListInitialiseItem                    0x00002cbe   Section        0  list.o(i.vListInitialiseItem)
    i.vListInsert                            0x00002cc4   Section        0  list.o(i.vListInsert)
    i.vListInsertEnd                         0x00002cf4   Section        0  list.o(i.vListInsertEnd)
    i.vPortEnterCritical                     0x00002d0c   Section        0  port.o(i.vPortEnterCritical)
    i.vPortExitCritical                      0x00002d28   Section        0  port.o(i.vPortExitCritical)
    i.vPortFree                              0x00002d3c   Section        0  heap_2.o(i.vPortFree)
    i.vPortSetupTimerInterrupt               0x00002d78   Section        0  port.o(i.vPortSetupTimerInterrupt)
    i.vTaskDelayUntil                        0x00002d8c   Section        0  tasks.o(i.vTaskDelayUntil)
    i.vTaskMissedYield                       0x00002dfc   Section        0  tasks.o(i.vTaskMissedYield)
    i.vTaskNotifyGiveFromISR                 0x00002e08   Section        0  tasks.o(i.vTaskNotifyGiveFromISR)
    i.vTaskPlaceOnEventList                  0x00002e8c   Section        0  tasks.o(i.vTaskPlaceOnEventList)
    i.vTaskPriorityInherit                   0x00002edc   Section        0  tasks.o(i.vTaskPriorityInherit)
    i.vTaskResume                            0x00002f60   Section        0  tasks.o(i.vTaskResume)
    i.vTaskSetTimeOutState                   0x00002fd0   Section        0  tasks.o(i.vTaskSetTimeOutState)
    i.vTaskStartScheduler                    0x00002fe0   Section        0  tasks.o(i.vTaskStartScheduler)
    i.vTaskSuspend                           0x00003034   Section        0  tasks.o(i.vTaskSuspend)
    i.vTaskSuspendAll                        0x000030d4   Section        0  tasks.o(i.vTaskSuspendAll)
    i.vTaskSwitchContext                     0x000030e4   Section        0  tasks.o(i.vTaskSwitchContext)
    i.xPortStartScheduler                    0x00003154   Section        0  port.o(i.xPortStartScheduler)
    i.xPortSysTickHandler                    0x00003194   Section        0  port.o(i.xPortSysTickHandler)
    i.xQueueCreateMutex                      0x000031c0   Section        0  queue.o(i.xQueueCreateMutex)
    i.xQueueGenericCreate                    0x0000320a   Section        0  queue.o(i.xQueueGenericCreate)
    i.xQueueGenericReceive                   0x00003254   Section        0  queue.o(i.xQueueGenericReceive)
    i.xQueueGenericReset                     0x00003380   Section        0  queue.o(i.xQueueGenericReset)
    i.xQueueGenericSend                      0x000033f0   Section        0  queue.o(i.xQueueGenericSend)
    i.xTaskCheckForTimeOut                   0x000034f0   Section        0  tasks.o(i.xTaskCheckForTimeOut)
    i.xTaskGenericCreate                     0x00003538   Section        0  tasks.o(i.xTaskGenericCreate)
    i.xTaskGetTickCount                      0x000036c0   Section        0  tasks.o(i.xTaskGetTickCount)
    i.xTaskIncrementTick                     0x000036cc   Section        0  tasks.o(i.xTaskIncrementTick)
    i.xTaskPriorityDisinherit                0x0000378c   Section        0  tasks.o(i.xTaskPriorityDisinherit)
    i.xTaskRemoveFromEventList               0x000037fc   Section        0  tasks.o(i.xTaskRemoveFromEventList)
    i.xTaskResumeAll                         0x00003860   Section        0  tasks.o(i.xTaskResumeAll)
    .constdata                               0x00003910   Section       28  uartstdio.o(.constdata)
    g_pcHex                                  0x00003910   Data           4  uartstdio.o(.constdata)
    g_ui32UARTBase                           0x00003914   Data          12  uartstdio.o(.constdata)
    g_ui32UARTPeriph                         0x00003920   Data          12  uartstdio.o(.constdata)
    .constdata                               0x0000392c   Section       76  ustdlib.o(.constdata)
    g_pcHex                                  0x0000392c   Data           4  ustdlib.o(.constdata)
    g_psDaysToMonth                          0x00003930   Data          48  ustdlib.o(.constdata)
    g_pfExponents                            0x00003960   Data          24  ustdlib.o(.constdata)
    .constdata                               0x00003978   Section       32  can.o(.constdata)
    g_ui16CANBitValues                       0x00003978   Data          32  can.o(.constdata)
    .constdata                               0x00003998   Section      528  gpio.o(.constdata)
    g_ppui32GPIOIntMapBlizzard               0x00003998   Data         192  gpio.o(.constdata)
    g_ppui32GPIOIntMapSnowflake              0x00003a58   Data         192  gpio.o(.constdata)
    g_pui32GPIOBaseAddrs                     0x00003b18   Data         144  gpio.o(.constdata)
    .constdata                               0x00003ba8   Section      268  interrupt.o(.constdata)
    g_pui32Priority                          0x00003ba8   Data          32  interrupt.o(.constdata)
    g_pui32Regs                              0x00003bc8   Data         156  interrupt.o(.constdata)
    g_pui32EnRegs                            0x00003c64   Data          20  interrupt.o(.constdata)
    g_pui32Dii16Regs                         0x00003c78   Data          20  interrupt.o(.constdata)
    g_pui32PendRegs                          0x00003c8c   Data          20  interrupt.o(.constdata)
    g_pui32UnpendRegs                        0x00003ca0   Data          20  interrupt.o(.constdata)
    .constdata                               0x00003cb4   Section      596  sysctl.o(.constdata)
    g_pui32VCOFrequencies                    0x00003cb4   Data           8  sysctl.o(.constdata)
    g_pui32Xtals                             0x00003cbc   Data         108  sysctl.o(.constdata)
    g_pppui32XTALtoVCO                       0x00003d28   Data         432  sysctl.o(.constdata)
    g_sXTALtoMEMTIM                          0x00003ed8   Data          48  sysctl.o(.constdata)
    .constdata                               0x00003f08   Section       86  strftime.o(.constdata)
    .conststring                             0x00003f60   Section       17  uartstdio.o(.conststring)
    .data                                    0x20000000   Section       84  tank_monitor_ecu.o(.data)
    first_time_flag                          0x20000002   Data           1  tank_monitor_ecu.o(.data)
    .data                                    0x20000054   Section        8  btnmr.o(.data)
    up_scroll_speed                          0x20000054   Data           4  btnmr.o(.data)
    down_scroll_speed                        0x20000058   Data           4  btnmr.o(.data)
    .data                                    0x2000005c   Section        4  cancom.o(.data)
    sync_period                              0x2000005c   Data           2  cancom.o(.data)
    dataRx                                   0x2000005e   Data           2  cancom.o(.data)
    .data                                    0x20000060   Section       56  tasks.o(.data)
    uxTasksDeleted                           0x20000064   Data           4  tasks.o(.data)
    uxCurrentNumberOfTasks                   0x20000068   Data           4  tasks.o(.data)
    xTickCount                               0x2000006c   Data           4  tasks.o(.data)
    uxTopReadyPriority                       0x20000070   Data           4  tasks.o(.data)
    xSchedulerRunning                        0x20000074   Data           4  tasks.o(.data)
    uxPendedTicks                            0x20000078   Data           4  tasks.o(.data)
    xYieldPending                            0x2000007c   Data           4  tasks.o(.data)
    xNumOfOverflows                          0x20000080   Data           4  tasks.o(.data)
    uxTaskNumber                             0x20000084   Data           4  tasks.o(.data)
    xNextTaskUnblockTime                     0x20000088   Data           4  tasks.o(.data)
    uxSchedulerSuspended                     0x2000008c   Data           4  tasks.o(.data)
    pxDelayedTaskList                        0x20000090   Data           4  tasks.o(.data)
    pxOverflowDelayedTaskList                0x20000094   Data           4  tasks.o(.data)
    .data                                    0x20000098   Section        4  port.o(.data)
    uxCriticalNesting                        0x20000098   Data           4  port.o(.data)
    .data                                    0x2000009c   Section       24  heap_2.o(.data)
    xFreeBytesRemaining                      0x2000009c   Data           4  heap_2.o(.data)
    xHeapHasBeenInitialised                  0x200000a0   Data           4  heap_2.o(.data)
    xStart                                   0x200000a4   Data           8  heap_2.o(.data)
    xEnd                                     0x200000ac   Data           8  heap_2.o(.data)
    .data                                    0x200000b4   Section        8  uartstdio.o(.data)
    bLastWasCR                               0x200000b4   Data           1  uartstdio.o(.data)
    g_ui32Base                               0x200000b8   Data           4  uartstdio.o(.data)
    .data                                    0x200000bc   Section        8  buttonspoll_task.o(.data)
    vtable                                   0x20000400   Section      620  interrupt.o(vtable)
    g_pfnRAMVectors                          0x20000400   Data         620  interrupt.o(vtable)
    .bss                                     0x2000066c   Section       12  btnmr.o(.bss)
    port1                                    0x2000066c   Data          12  btnmr.o(.bss)
    .bss                                     0x20000678   Section       40  cancom.o(.bss)
    txCANMessage                             0x20000678   Data          20  cancom.o(.bss)
    rxCANMessage                             0x2000068c   Data          20  cancom.o(.bss)
    .bss                                     0x200006a0   Section      420  tasks.o(.bss)
    pxReadyTasksLists                        0x200006a0   Data         320  tasks.o(.bss)
    xDelayedTaskList1                        0x200007e0   Data          20  tasks.o(.bss)
    xDelayedTaskList2                        0x200007f4   Data          20  tasks.o(.bss)
    xPendingReadyList                        0x20000808   Data          20  tasks.o(.bss)
    xTasksWaitingTermination                 0x2000081c   Data          20  tasks.o(.bss)
    xSuspendedTaskList                       0x20000830   Data          20  tasks.o(.bss)
    .bss                                     0x20000844   Section    30000  heap_2.o(.bss)
    ucHeap                                   0x20000844   Data       30000  heap_2.o(.bss)
    STACK                                    0x20007d78   Section      512  startup_rvmdk.o(STACK)
    StackMem                                 0x20007d78   Data           0  startup_rvmdk.o(STACK)

    Global Symbols

    Symbol Name                              Value     Ov Type        Size  Object(Section)

    BuildAttributes$$THM_ISAv4$E$P$D$K$B$S$7EM$VFPi3$EXTD16$VFPS$VFMA$PE$A:L22UL41UL21$X:L11$S22US41US21$IEEE1$IW$USESV6$~STKCKD$USESV7$~SHL$OTIME$EBA8$MICROLIB$REQ8$PRES8$EABIv2 0x00000000   Number         0  anon$$obj.o ABSOLUTE
    __ARM_use_no_argv                        0x00000000   Number         0  tank_monitor_ecu.o ABSOLUTE
    __Vectors                                0x00000000   Data           0  startup_rvmdk.o(RESET)
    __cpp_initialize__aeabi_                  - Undefined Weak Reference
    __cxa_finalize                            - Undefined Weak Reference
    _clock_init                               - Undefined Weak Reference
    _microlib_exit                            - Undefined Weak Reference
    Reset_Handler                            0x0000026d   Thumb Code     0  startup_rvmdk.o(RESET)
    __main                                   0x00000289   Thumb Code     0  entry.o(.ARM.Collect$$$$00000000)
    _main_stk                                0x00000289   Thumb Code     0  entry2.o(.ARM.Collect$$$$00000001)
    _main_scatterload                        0x0000028d   Thumb Code     0  entry5.o(.ARM.Collect$$$$00000004)
    __main_after_scatterload                 0x00000291   Thumb Code     0  entry5.o(.ARM.Collect$$$$00000004)
    _main_clock                              0x00000291   Thumb Code     0  entry7b.o(.ARM.Collect$$$$00000008)
    _main_cpp_init                           0x00000291   Thumb Code     0  entry8b.o(.ARM.Collect$$$$0000000A)
    _main_init                               0x00000291   Thumb Code     0  entry9a.o(.ARM.Collect$$$$0000000B)
    __rt_final_cpp                           0x00000299   Thumb Code     0  entry10a.o(.ARM.Collect$$$$0000000D)
    __rt_final_exit                          0x00000299   Thumb Code     0  entry11a.o(.ARM.Collect$$$$0000000F)
    vPortSVCHandler                          0x0000029d   Thumb Code    28  port.o(.emb_text)
    __asm___6_port_c_39a90d8d__prvStartFirstTask 0x000002bd   Thumb Code    28  port.o(.emb_text)
    __asm___6_port_c_39a90d8d__prvEnableVFP  0x000002dd   Thumb Code    16  port.o(.emb_text)
    xPortPendSVHandler                       0x000002f1   Thumb Code    88  port.o(.emb_text)
    vPortGetIPSR                             0x0000034d   Thumb Code     6  port.o(.emb_text)
    SysCtlDelay                              0x00000355   Thumb Code     6  sysctl.o(.emb_text)
    strftime                                 0x0000039d   Thumb Code   580  strftime.o(.text)
    __aeabi_memcpy                           0x000006f1   Thumb Code    36  memcpya.o(.text)
    __aeabi_memcpy4                          0x000006f1   Thumb Code     0  memcpya.o(.text)
    __aeabi_memcpy8                          0x000006f1   Thumb Code     0  memcpya.o(.text)
    __aeabi_memset                           0x00000715   Thumb Code    14  memseta.o(.text)
    __aeabi_memset4                          0x00000715   Thumb Code     0  memseta.o(.text)
    __aeabi_memset8                          0x00000715   Thumb Code     0  memseta.o(.text)
    __aeabi_memclr                           0x00000723   Thumb Code     4  memseta.o(.text)
    __aeabi_memclr4                          0x00000723   Thumb Code     0  memseta.o(.text)
    __aeabi_memclr8                          0x00000723   Thumb Code     0  memseta.o(.text)
    _memset$wrapper                          0x00000727   Thumb Code    18  memseta.o(.text)
    strncpy                                  0x00000739   Thumb Code    24  strncpy.o(.text)
    __scatterload                            0x00000751   Thumb Code    28  init.o(.text)
    __scatterload_rt2                        0x00000751   Thumb Code     0  init.o(.text)
    __decompress                             0x00000775   Thumb Code     0  __dczerorl.o(.text)
    __decompress0                            0x00000775   Thumb Code    58  __dczerorl.o(.text)
    BtnMr                                    0x000007b1   Thumb Code   250  btnmr.o(i.BtnMr)
    BtnMr_Init                               0x000008b9   Thumb Code     8  btnmr.o(i.BtnMr_Init)
    ButtonCurrent                            0x000008c5   Thumb Code     6  btn.o(i.ButtonCurrent)
    ButtonDebounceInit                       0x000008cd   Thumb Code    74  btn.o(i.ButtonDebounceInit)
    ButtonProcess                            0x00000921   Thumb Code    58  btn.o(i.ButtonProcess)
    ButtonReleased                           0x0000095b   Thumb Code    12  btn.o(i.ButtonReleased)
    ButtonsPoll_Task_Init                    0x00000a1d   Thumb Code    54  buttonspoll_task.o(i.ButtonsPoll_Task_Init)
    CANBitRateSet                            0x00000a71   Thumb Code    98  can.o(i.CANBitRateSet)
    CANCom_Master_Init                       0x00000ad9   Thumb Code   136  cancom.o(i.CANCom_Master_Init)
    CANEnable                                0x00000b89   Thumb Code    10  can.o(i.CANEnable)
    CANInit                                  0x00000b93   Thumb Code    60  can.o(i.CANInit)
    CANIntClear                              0x00000bcf   Thumb Code    34  can.o(i.CANIntClear)
    CANIntEnable                             0x00000bf1   Thumb Code     8  can.o(i.CANIntEnable)
    CANIntHandler                            0x00000bf9   Thumb Code   100  tank_monitor_ecu.o(i.CANIntHandler)
    CANIntRegister                           0x00000c69   Thumb Code    26  can.o(i.CANIntRegister)
    CANIntStatus                             0x00000c83   Thumb Code    30  can.o(i.CANIntStatus)
    CANMessageGet                            0x00000ca1   Thumb Code   318  can.o(i.CANMessageGet)
    CANMessageSet                            0x00000ddf   Thumb Code   340  can.o(i.CANMessageSet)
    CANStatusGet                             0x00000f33   Thumb Code    64  can.o(i.CANStatusGet)
    ConfigureUART                            0x00000f75   Thumb Code    76  tank_monitor_ecu.o(i.ConfigureUART)
    GPIODirModeSet                           0x000012c1   Thumb Code    40  gpio.o(i.GPIODirModeSet)
    GPIOPadConfigSet                         0x000012e9   Thumb Code   312  gpio.o(i.GPIOPadConfigSet)
    GPIOPinConfigure                         0x00001421   Thumb Code    60  gpio.o(i.GPIOPinConfigure)
    GPIOPinRead                              0x00001465   Thumb Code     6  gpio.o(i.GPIOPinRead)
    GPIOPinTypeCAN                           0x0000146b   Thumb Code    28  gpio.o(i.GPIOPinTypeCAN)
    GPIOPinTypeGPIOOutput                    0x00001487   Thumb Code    28  gpio.o(i.GPIOPinTypeGPIOOutput)
    GPIOPinWrite                             0x000014a3   Thumb Code     6  gpio.o(i.GPIOPinWrite)
    HibernateClockConfig                     0x000014a9   Thumb Code    64  hibernate.o(i.HibernateClockConfig)
    HibernateEnableExpClk                    0x000014f9   Thumb Code    20  hibernate.o(i.HibernateEnableExpClk)
    HibernateRTCEnable                       0x00001511   Thumb Code    20  hibernate.o(i.HibernateRTCEnable)
    HibernateRTCGet                          0x00001529   Thumb Code     6  hibernate.o(i.HibernateRTCGet)
    HibernateRTCSet                          0x00001535   Thumb Code    42  hibernate.o(i.HibernateRTCSet)
    IntEnable                                0x00001569   Thumb Code    92  interrupt.o(i.IntEnable)
    IntRegister                              0x000015cd   Thumb Code    44  interrupt.o(i.IntRegister)
    LCD_Clear                                0x00001601   Thumb Code    18  lcd20x04.o(i.LCD_Clear)
    LCD_DispChar                             0x00001613   Thumb Code     4  lcd20x04.o(i.LCD_DispChar)
    LCD_DispCursor                           0x00001617   Thumb Code     6  lcd20x04.o(i.LCD_DispCursor)
    LCD_DispString                           0x0000161d   Thumb Code    20  lcd20x04.o(i.LCD_DispString)
    LCD_GoToXy                               0x00001631   Thumb Code    42  lcd20x04.o(i.LCD_GoToXy)
    LCD_HideCursor                           0x0000165b   Thumb Code     6  lcd20x04.o(i.LCD_HideCursor)
    LCD_Init                                 0x00001661   Thumb Code   110  lcd20x04.o(i.LCD_Init)
    LcdDay                                   0x000016d9   Thumb Code    22  lcdmr.o(i.LcdDay)
    LcdHr                                    0x000016ef   Thumb Code    22  lcdmr.o(i.LcdHr)
    LcdLength                                0x00001705   Thumb Code    22  lcdmr.o(i.LcdLength)
    LcdMin                                   0x0000171b   Thumb Code    22  lcdmr.o(i.LcdMin)
    LcdMonth                                 0x00001731   Thumb Code    22  lcdmr.o(i.LcdMonth)
    LcdMr_Init                               0x00001747   Thumb Code     4  lcdmr.o(i.LcdMr_Init)
    LcdNormalScreenBase                      0x0000174d   Thumb Code   146  lcdmr.o(i.LcdNormalScreenBase)
    LcdRadius                                0x00001811   Thumb Code    22  lcdmr.o(i.LcdRadius)
    LcdSec                                   0x00001827   Thumb Code    22  lcdmr.o(i.LcdSec)
    LcdSetupScreenBase                       0x0000183d   Thumb Code   104  lcdmr.o(i.LcdSetupScreenBase)
    LcdT1                                    0x000018d9   Thumb Code    28  lcdmr.o(i.LcdT1)
    LcdT2                                    0x000018fd   Thumb Code    28  lcdmr.o(i.LcdT2)
    LcdT3                                    0x00001921   Thumb Code    28  lcdmr.o(i.LcdT3)
    LcdT4                                    0x00001945   Thumb Code    28  lcdmr.o(i.LcdT4)
    LcdT5                                    0x00001969   Thumb Code    28  lcdmr.o(i.LcdT5)
    LcdT6                                    0x0000198d   Thumb Code    28  lcdmr.o(i.LcdT6)
    LcdYr                                    0x000019b1   Thumb Code    22  lcdmr.o(i.LcdYr)
    Port1ReadBits                            0x000019c9   Thumb Code    14  btn.o(i.Port1ReadBits)
    ReceiveData                              0x000019dd   Thumb Code    50  cancom.o(i.ReceiveData)
    Rtc_GetDate                              0x00001a81   Thumb Code    44  rtc.o(i.Rtc_GetDate)
    Rtc_Init                                 0x00001ab1   Thumb Code    28  rtc.o(i.Rtc_Init)
    Rtc_SetDate                              0x00001ad1   Thumb Code    44  rtc.o(i.Rtc_SetDate)
    SysCtlClockGet                           0x00001e45   Thumb Code   304  sysctl.o(i.SysCtlClockGet)
    SysCtlClockSet                           0x00001f99   Thumb Code   270  sysctl.o(i.SysCtlClockSet)
    SysCtlPeripheralEnable                   0x000020b9   Thumb Code    36  sysctl.o(i.SysCtlPeripheralEnable)
    Timer1_Init                              0x000020e1   Thumb Code    86  delay.o(i.Timer1_Init)
    TimerClockSourceSet                      0x00002149   Thumb Code     6  timer.o(i.TimerClockSourceSet)
    TransmitSync                             0x00002151   Thumb Code    12  cancom.o(i.TransmitSync)
    UARTClockSourceSet                       0x0000219d   Thumb Code     6  uart.o(i.UARTClockSourceSet)
    UARTStdioConfig                          0x000021a5   Thumb Code    82  uartstdio.o(i.UARTStdioConfig)
    UARTprintf                               0x00002201   Thumb Code    18  uartstdio.o(i.UARTprintf)
    UARTvprintf                              0x00002215   Thumb Code   420  uartstdio.o(i.UARTvprintf)
    UARTwrite                                0x000023c9   Thumb Code    56  uartstdio.o(i.UARTwrite)
    __scatterload_copy                       0x0000245d   Thumb Code    14  handlers.o(i.__scatterload_copy)
    __scatterload_null                       0x0000246b   Thumb Code     2  handlers.o(i.__scatterload_null)
    __scatterload_zeroinit                   0x0000246d   Thumb Code    14  handlers.o(i.__scatterload_zeroinit)
    delay_ms                                 0x0000247d   Thumb Code    56  delay.o(i.delay_ms)
    delay_us                                 0x000024b9   Thumb Code    50  delay.o(i.delay_us)
    itoa_new                                 0x000024f1   Thumb Code    86  tank_monitor_ecu.o(i.itoa_new)
    main                                     0x00002549   Thumb Code   394  tank_monitor_ecu.o(i.main)
    pvPortMalloc                             0x000029b1   Thumb Code   172  heap_2.o(i.pvPortMalloc)
    pvTaskIncrementMutexHeldCount            0x00002a65   Thumb Code    18  tasks.o(i.pvTaskIncrementMutexHeldCount)
    pxPortInitialiseStack                    0x00002a7d   Thumb Code    36  port.o(i.pxPortInitialiseStack)
    ulTaskNotifyTake                         0x00002af9   Thumb Code   142  tasks.o(i.ulTaskNotifyTake)
    ulocaltime                               0x00002b95   Thumb Code   154  ustdlib.o(i.ulocaltime)
    umktime                                  0x00002c39   Thumb Code    58  ustdlib.o(i.umktime)
    uxListRemove                             0x00002c73   Thumb Code    36  list.o(i.uxListRemove)
    vApplicationStackOverflowHook            0x00002c97   Thumb Code     2  tank_monitor_ecu.o(i.vApplicationStackOverflowHook)
    vApplicationTickHook                     0x00002c99   Thumb Code    10  tank_monitor_ecu.o(i.vApplicationTickHook)
    vListInitialise                          0x00002ca9   Thumb Code    22  list.o(i.vListInitialise)
    vListInitialiseItem                      0x00002cbf   Thumb Code     6  list.o(i.vListInitialiseItem)
    vListInsert                              0x00002cc5   Thumb Code    48  list.o(i.vListInsert)
    vListInsertEnd                           0x00002cf5   Thumb Code    24  list.o(i.vListInsertEnd)
    vPortEnterCritical                       0x00002d0d   Thumb Code    24  port.o(i.vPortEnterCritical)
    vPortExitCritical                        0x00002d29   Thumb Code    16  port.o(i.vPortExitCritical)
    vPortFree                                0x00002d3d   Thumb Code    56  heap_2.o(i.vPortFree)
    vPortSetupTimerInterrupt                 0x00002d79   Thumb Code    14  port.o(i.vPortSetupTimerInterrupt)
    vTaskDelayUntil                          0x00002d8d   Thumb Code   102  tasks.o(i.vTaskDelayUntil)
    vTaskMissedYield                         0x00002dfd   Thumb Code     8  tasks.o(i.vTaskMissedYield)
    vTaskNotifyGiveFromISR                   0x00002e09   Thumb Code   120  tasks.o(i.vTaskNotifyGiveFromISR)
    vTaskPlaceOnEventList                    0x00002e8d   Thumb Code    70  tasks.o(i.vTaskPlaceOnEventList)
    vTaskPriorityInherit                     0x00002edd   Thumb Code   124  tasks.o(i.vTaskPriorityInherit)
    vTaskResume                              0x00002f61   Thumb Code    98  tasks.o(i.vTaskResume)
    vTaskSetTimeOutState                     0x00002fd1   Thumb Code    12  tasks.o(i.vTaskSetTimeOutState)
    vTaskStartScheduler                      0x00002fe1   Thumb Code    66  tasks.o(i.vTaskStartScheduler)
    vTaskSuspend                             0x00003035   Thumb Code   142  tasks.o(i.vTaskSuspend)
    vTaskSuspendAll                          0x000030d5   Thumb Code    10  tasks.o(i.vTaskSuspendAll)
    vTaskSwitchContext                       0x000030e5   Thumb Code   104  tasks.o(i.vTaskSwitchContext)
    xPortStartScheduler                      0x00003155   Thumb Code    52  port.o(i.xPortStartScheduler)
    xPortSysTickHandler                      0x00003195   Thumb Code    38  port.o(i.xPortSysTickHandler)
    xQueueCreateMutex                        0x000031c1   Thumb Code    74  queue.o(i.xQueueCreateMutex)
    xQueueGenericCreate                      0x0000320b   Thumb Code    72  queue.o(i.xQueueGenericCreate)
    xQueueGenericReceive                     0x00003255   Thumb Code   296  queue.o(i.xQueueGenericReceive)
    xQueueGenericReset                       0x00003381   Thumb Code   106  queue.o(i.xQueueGenericReset)
    xQueueGenericSend                        0x000033f1   Thumb Code   252  queue.o(i.xQueueGenericSend)
    xTaskCheckForTimeOut                     0x000034f1   Thumb Code    66  tasks.o(i.xTaskCheckForTimeOut)
    xTaskGenericCreate                       0x00003539   Thumb Code   376  tasks.o(i.xTaskGenericCreate)
    xTaskGetTickCount                        0x000036c1   Thumb Code     6  tasks.o(i.xTaskGetTickCount)
    xTaskIncrementTick                       0x000036cd   Thumb Code   182  tasks.o(i.xTaskIncrementTick)
    xTaskPriorityDisinherit                  0x0000378d   Thumb Code   102  tasks.o(i.xTaskPriorityDisinherit)
    xTaskRemoveFromEventList                 0x000037fd   Thumb Code    88  tasks.o(i.xTaskRemoveFromEventList)
    xTaskResumeAll                           0x00003861   Thumb Code   164  tasks.o(i.xTaskResumeAll)
    Region$$Table$$Base                      0x00003f74   Number         0  anon$$obj.o(Region$$Table)
    Region$$Table$$Limit                     0x00003f94   Number         0  anon$$obj.o(Region$$Table)
    g_bErrFlag                               0x20000000   Data           1  tank_monitor_ecu.o(.data)
    g_bRXFlag                                0x20000001   Data           1  tank_monitor_ecu.o(.data)
    Rx_Task_Handle                           0x20000004   Data           4  tank_monitor_ecu.o(.data)
    Tx_Task_Handle                           0x20000008   Data           4  tank_monitor_ecu.o(.data)
    DispCal_Task_Handle                      0x2000000c   Data           4  tank_monitor_ecu.o(.data)
    DisplayT1_Task_Handle                    0x20000010   Data           4  tank_monitor_ecu.o(.data)
    DisplayT2_Task_Handle                    0x20000014   Data           4  tank_monitor_ecu.o(.data)
    DisplayT3_Task_Handle                    0x20000018   Data           4  tank_monitor_ecu.o(.data)
    DisplayT4_Task_Handle                    0x2000001c   Data           4  tank_monitor_ecu.o(.data)
    DisplayT5_Task_Handle                    0x20000020   Data           4  tank_monitor_ecu.o(.data)
    DisplayT6_Task_Handle                    0x20000024   Data           4  tank_monitor_ecu.o(.data)
    SetupScreen_Task_Handle                  0x20000028   Data           4  tank_monitor_ecu.o(.data)
    g_xSensorTimeOut                         0x2000002c   Data           4  tank_monitor_ecu.o(.data)
    ui32TickCounter                          0x20000030   Data           4  tank_monitor_ecu.o(.data)
    xQueueData1                              0x20000034   Data           4  tank_monitor_ecu.o(.data)
    xQueueData2                              0x20000038   Data           4  tank_monitor_ecu.o(.data)
    xQueueData3                              0x2000003c   Data           4  tank_monitor_ecu.o(.data)
    xQueueData4                              0x20000040   Data           4  tank_monitor_ecu.o(.data)
    xQueueData5                              0x20000044   Data           4  tank_monitor_ecu.o(.data)
    xQueueData6                              0x20000048   Data           4  tank_monitor_ecu.o(.data)
    g_pLCDSemaphore                          0x2000004c   Data           4  tank_monitor_ecu.o(.data)
    g_pRTCSemaphore                          0x20000050   Data           4  tank_monitor_ecu.o(.data)
    pxCurrentTCB                             0x20000060   Data           4  tasks.o(.data)
    ButtonsPoll_Task_Handle                  0x200000bc   Data           4  buttonspoll_task.o(.data)
    xQueuebtns                               0x200000c0   Data           4  buttonspoll_task.o(.data)
    __initial_sp                             0x20007f78   Data           0  startup_rvmdk.o(STACK)



==============================================================================

Memory Map of the image

  Image Entry point : 0x0000026d

  Load Region LR_IROM (Base: 0x00000000, Size: 0x00004600, Max: 0x00040000, ABSOLUTE, COMPRESSED[0x00003fb8])

    Execution Region ER_IROM (Base: 0x00000000, Size: 0x00003f94, Max: 0x00040000, ABSOLUTE)

    Base Addr    Size         Type   Attr      Idx    E Section Name        Object

    0x00000000   0x00000288   Code   RO         1360  * RESET               startup_rvmdk.o
    0x00000288   0x00000000   Code   RO         3179  * .ARM.Collect$$$$00000000  mc_w.l(entry.o)
    0x00000288   0x00000004   Code   RO         3196    .ARM.Collect$$$$00000001  mc_w.l(entry2.o)
    0x0000028c   0x00000004   Code   RO         3199    .ARM.Collect$$$$00000004  mc_w.l(entry5.o)
    0x00000290   0x00000000   Code   RO         3201    .ARM.Collect$$$$00000008  mc_w.l(entry7b.o)
    0x00000290   0x00000000   Code   RO         3203    .ARM.Collect$$$$0000000A  mc_w.l(entry8b.o)
    0x00000290   0x00000008   Code   RO         3204    .ARM.Collect$$$$0000000B  mc_w.l(entry9a.o)
    0x00000298   0x00000000   Code   RO         3206    .ARM.Collect$$$$0000000D  mc_w.l(entry10a.o)
    0x00000298   0x00000000   Code   RO         3208    .ARM.Collect$$$$0000000F  mc_w.l(entry11a.o)
    0x00000298   0x00000004   Code   RO         3197    .ARM.Collect$$$$00002712  mc_w.l(entry2.o)
    0x0000029c   0x000000b6   Code   RO         1106    .emb_text           port.o
    0x00000352   0x00000002   PAD
    0x00000354   0x00000006   Code   RO         2287    .emb_text           driverlib.lib(sysctl.o)
    0x0000035a   0x00000002   PAD
    0x0000035c   0x00000394   Code   RO         3182    .text               mc_w.l(strftime.o)
    0x000006f0   0x00000024   Code   RO         3188    .text               mc_w.l(memcpya.o)
    0x00000714   0x00000024   Code   RO         3190    .text               mc_w.l(memseta.o)
    0x00000738   0x00000018   Code   RO         3192    .text               mc_w.l(strncpy.o)
    0x00000750   0x00000024   Code   RO         3210    .text               mc_w.l(init.o)
    0x00000774   0x0000003a   Code   RO         3220    .text               mc_w.l(__dczerorl.o)
    0x000007ae   0x00000002   PAD
    0x000007b0   0x00000108   Code   RO          261    i.BtnMr             btnmr.o
    0x000008b8   0x0000000c   Code   RO          262    i.BtnMr_Init        btnmr.o
    0x000008c4   0x00000006   Code   RO          210    i.ButtonCurrent     btn.o
    0x000008ca   0x00000002   PAD
    0x000008cc   0x00000054   Code   RO          211    i.ButtonDebounceInit  btn.o
    0x00000920   0x0000003a   Code   RO          213    i.ButtonProcess     btn.o
    0x0000095a   0x0000000c   Code   RO          214    i.ButtonReleased    btn.o
    0x00000966   0x00000002   PAD
    0x00000968   0x000000b4   Code   RO         1497    i.ButtonsPoll_Task  buttonspoll_task.o
    0x00000a1c   0x00000054   Code   RO         1498    i.ButtonsPoll_Task_Init  buttonspoll_task.o
    0x00000a70   0x00000068   Code   RO         1364    i.CANBitRateSet     can.o
    0x00000ad8   0x000000b0   Code   RO          301    i.CANCom_Master_Init  cancom.o
    0x00000b88   0x0000000a   Code   RO         1368    i.CANEnable         can.o
    0x00000b92   0x0000003c   Code   RO         1370    i.CANInit           can.o
    0x00000bce   0x00000022   Code   RO         1371    i.CANIntClear       can.o
    0x00000bf0   0x00000008   Code   RO         1373    i.CANIntEnable      can.o
    0x00000bf8   0x00000070   Code   RO            1    i.CANIntHandler     tank_monitor_ecu.o
    0x00000c68   0x0000001a   Code   RO         1374    i.CANIntRegister    can.o
    0x00000c82   0x0000001e   Code   RO         1375    i.CANIntStatus      can.o
    0x00000ca0   0x0000013e   Code   RO         1378    i.CANMessageGet     can.o
    0x00000dde   0x00000154   Code   RO         1379    i.CANMessageSet     can.o
    0x00000f32   0x00000040   Code   RO         1382    i.CANStatusGet      can.o
    0x00000f72   0x00000002   PAD
    0x00000f74   0x0000005c   Code   RO            2    i.ConfigureUART     tank_monitor_ecu.o
    0x00000fd0   0x000000c8   Code   RO            3    i.DispCal_Task      tank_monitor_ecu.o
    0x00001098   0x0000005c   Code   RO            4    i.DisplayT1_Task    tank_monitor_ecu.o
    0x000010f4   0x0000005c   Code   RO            5    i.DisplayT2_Task    tank_monitor_ecu.o
    0x00001150   0x0000005c   Code   RO            6    i.DisplayT3_Task    tank_monitor_ecu.o
    0x000011ac   0x0000005c   Code   RO            7    i.DisplayT4_Task    tank_monitor_ecu.o
    0x00001208   0x0000005c   Code   RO            8    i.DisplayT5_Task    tank_monitor_ecu.o
    0x00001264   0x0000005c   Code   RO            9    i.DisplayT6_Task    tank_monitor_ecu.o
    0x000012c0   0x00000028   Code   RO         1533    i.GPIODirModeSet    driverlib.lib(gpio.o)
    0x000012e8   0x00000138   Code   RO         1543    i.GPIOPadConfigSet  driverlib.lib(gpio.o)
    0x00001420   0x00000044   Code   RO         1544    i.GPIOPinConfigure  driverlib.lib(gpio.o)
    0x00001464   0x00000006   Code   RO         1545    i.GPIOPinRead       driverlib.lib(gpio.o)
    0x0000146a   0x0000001c   Code   RO         1547    i.GPIOPinTypeCAN    driverlib.lib(gpio.o)
    0x00001486   0x0000001c   Code   RO         1555    i.GPIOPinTypeGPIOOutput  driverlib.lib(gpio.o)
    0x000014a2   0x00000006   Code   RO         1573    i.GPIOPinWrite      driverlib.lib(gpio.o)
    0x000014a8   0x00000050   Code   RO         1848    i.HibernateClockConfig  driverlib.lib(hibernate.o)
    0x000014f8   0x00000018   Code   RO         1853    i.HibernateEnableExpClk  driverlib.lib(hibernate.o)
    0x00001510   0x00000018   Code   RO         1867    i.HibernateRTCEnable  driverlib.lib(hibernate.o)
    0x00001528   0x0000000c   Code   RO         1868    i.HibernateRTCGet   driverlib.lib(hibernate.o)
    0x00001534   0x00000034   Code   RO         1874    i.HibernateRTCSet   driverlib.lib(hibernate.o)
    0x00001568   0x00000064   Code   RO         2172    i.IntEnable         driverlib.lib(interrupt.o)
    0x000015cc   0x00000034   Code   RO         2184    i.IntRegister       driverlib.lib(interrupt.o)
    0x00001600   0x00000012   Code   RO          367    i.LCD_Clear         lcd20x04.o
    0x00001612   0x00000004   Code   RO          368    i.LCD_DispChar      lcd20x04.o
    0x00001616   0x00000006   Code   RO          369    i.LCD_DispCursor    lcd20x04.o
    0x0000161c   0x00000014   Code   RO          370    i.LCD_DispString    lcd20x04.o
    0x00001630   0x0000002a   Code   RO          371    i.LCD_GoToXy        lcd20x04.o
    0x0000165a   0x00000006   Code   RO          372    i.LCD_HideCursor    lcd20x04.o
    0x00001660   0x00000078   Code   RO          373    i.LCD_Init          lcd20x04.o
    0x000016d8   0x00000016   Code   RO          429    i.LcdDay            lcdmr.o
    0x000016ee   0x00000016   Code   RO          430    i.LcdHr             lcdmr.o
    0x00001704   0x00000016   Code   RO          431    i.LcdLength         lcdmr.o
    0x0000171a   0x00000016   Code   RO          432    i.LcdMin            lcdmr.o
    0x00001730   0x00000016   Code   RO          433    i.LcdMonth          lcdmr.o
    0x00001746   0x00000004   Code   RO          435    i.LcdMr_Init        lcdmr.o
    0x0000174a   0x00000002   PAD
    0x0000174c   0x000000c4   Code   RO          437    i.LcdNormalScreenBase  lcdmr.o
    0x00001810   0x00000016   Code   RO          438    i.LcdRadius         lcdmr.o
    0x00001826   0x00000016   Code   RO          439    i.LcdSec            lcdmr.o
    0x0000183c   0x0000009c   Code   RO          440    i.LcdSetupScreenBase  lcdmr.o
    0x000018d8   0x00000024   Code   RO          441    i.LcdT1             lcdmr.o
    0x000018fc   0x00000024   Code   RO          442    i.LcdT2             lcdmr.o
    0x00001920   0x00000024   Code   RO          443    i.LcdT3             lcdmr.o
    0x00001944   0x00000024   Code   RO          444    i.LcdT4             lcdmr.o
    0x00001968   0x00000024   Code   RO          445    i.LcdT5             lcdmr.o
    0x0000198c   0x00000024   Code   RO          446    i.LcdT6             lcdmr.o
    0x000019b0   0x00000016   Code   RO          447    i.LcdYr             lcdmr.o
    0x000019c6   0x00000002   PAD
    0x000019c8   0x00000014   Code   RO          215    i.Port1ReadBits     btn.o
    0x000019dc   0x0000003c   Code   RO          302    i.ReceiveData       cancom.o
    0x00001a18   0x00000068   Code   RO         1499    i.RollOverAdjust    buttonspoll_task.o
    0x00001a80   0x00000030   Code   RO          557    i.Rtc_GetDate       rtc.o
    0x00001ab0   0x00000020   Code   RO          558    i.Rtc_Init          rtc.o
    0x00001ad0   0x00000030   Code   RO          559    i.Rtc_SetDate       rtc.o
    0x00001b00   0x00000094   Code   RO           10    i.Rx_Task           tank_monitor_ecu.o
    0x00001b94   0x0000007c   Code   RO          374    i.SendCommand       lcd20x04.o
    0x00001c10   0x0000007c   Code   RO          375    i.SendData          lcd20x04.o
    0x00001c8c   0x000001b8   Code   RO           11    i.SetupScreen_Task  tank_monitor_ecu.o
    0x00001e44   0x00000154   Code   RO         2290    i.SysCtlClockGet    driverlib.lib(sysctl.o)
    0x00001f98   0x00000120   Code   RO         2292    i.SysCtlClockSet    driverlib.lib(sysctl.o)
    0x000020b8   0x00000028   Code   RO         2321    i.SysCtlPeripheralEnable  driverlib.lib(sysctl.o)
    0x000020e0   0x00000068   Code   RO          334    i.Timer1_Init       delay.o
    0x00002148   0x00000006   Code   RO         2635    i.TimerClockSourceSet  driverlib.lib(timer.o)
    0x0000214e   0x00000002   PAD
    0x00002150   0x00000014   Code   RO          303    i.TransmitSync      cancom.o
    0x00002164   0x00000038   Code   RO           12    i.Tx_Task           tank_monitor_ecu.o
    0x0000219c   0x00000006   Code   RO         2886    i.UARTClockSourceSet  driverlib.lib(uart.o)
    0x000021a2   0x00000002   PAD
    0x000021a4   0x0000005c   Code   RO         1199    i.UARTStdioConfig   uartstdio.o
    0x00002200   0x00000012   Code   RO         1202    i.UARTprintf        uartstdio.o
    0x00002212   0x00000002   PAD
    0x00002214   0x000001b4   Code   RO         1203    i.UARTvprintf       uartstdio.o
    0x000023c8   0x0000003c   Code   RO         1204    i.UARTwrite         uartstdio.o
    0x00002404   0x00000058   Code   RO         1383    i._CANIntNumberGet  can.o
    0x0000245c   0x0000000e   Code   RO         3214    i.__scatterload_copy  mc_w.l(handlers.o)
    0x0000246a   0x00000002   Code   RO         3215    i.__scatterload_null  mc_w.l(handlers.o)
    0x0000246c   0x0000000e   Code   RO         3216    i.__scatterload_zeroinit  mc_w.l(handlers.o)
    0x0000247a   0x00000002   PAD
    0x0000247c   0x0000003c   Code   RO          335    i.delay_ms          delay.o
    0x000024b8   0x00000038   Code   RO          336    i.delay_us          delay.o
    0x000024f0   0x00000056   Code   RO           13    i.itoa_new          tank_monitor_ecu.o
    0x00002546   0x00000002   PAD
    0x00002548   0x0000028c   Code   RO           14    i.main              tank_monitor_ecu.o
    0x000027d4   0x00000034   Code   RO          801    i.prvAddCurrentTaskToDelayedList  tasks.o
    0x00002808   0x00000058   Code   RO          802    i.prvCheckTasksWaitingTermination  tasks.o
    0x00002860   0x00000026   Code   RO          636    i.prvCopyDataFromQueue  queue.o
    0x00002886   0x0000006e   Code   RO          637    i.prvCopyDataToQueue  queue.o
    0x000028f4   0x00000006   Code   RO          803    i.prvIdleTask       tasks.o
    0x000028fa   0x00000002   PAD
    0x000028fc   0x00000020   Code   RO          805    i.prvResetNextTaskUnblockTime  tasks.o
    0x0000291c   0x00000010   Code   RO         1107    i.prvTaskExitError  port.o
    0x0000292c   0x00000020   Code   RO          807    i.prvTaskIsTaskSuspended  tasks.o
    0x0000294c   0x00000064   Code   RO          638    i.prvUnlockQueue    queue.o
    0x000029b0   0x000000b4   Code   RO         1166    i.pvPortMalloc      heap_2.o
    0x00002a64   0x00000018   Code   RO          808    i.pvTaskIncrementMutexHeldCount  tasks.o
    0x00002a7c   0x00000028   Code   RO         1108    i.pxPortInitialiseStack  port.o
    0x00002aa4   0x00000052   Code   RO         1248    i.ucmptime          ustdlib.o
    0x00002af6   0x00000002   PAD
    0x00002af8   0x0000009c   Code   RO          809    i.ulTaskNotifyTake  tasks.o
    0x00002b94   0x000000a4   Code   RO         1249    i.ulocaltime        ustdlib.o
    0x00002c38   0x0000003a   Code   RO         1250    i.umktime           ustdlib.o
    0x00002c72   0x00000024   Code   RO          594    i.uxListRemove      list.o
    0x00002c96   0x00000002   Code   RO           15    i.vApplicationStackOverflowHook  tank_monitor_ecu.o
    0x00002c98   0x00000010   Code   RO           16    i.vApplicationTickHook  tank_monitor_ecu.o
    0x00002ca8   0x00000016   Code   RO          595    i.vListInitialise   list.o
    0x00002cbe   0x00000006   Code   RO          596    i.vListInitialiseItem  list.o
    0x00002cc4   0x00000030   Code   RO          597    i.vListInsert       list.o
    0x00002cf4   0x00000018   Code   RO          598    i.vListInsertEnd    list.o
    0x00002d0c   0x0000001c   Code   RO         1110    i.vPortEnterCritical  port.o
    0x00002d28   0x00000014   Code   RO         1111    i.vPortExitCritical  port.o
    0x00002d3c   0x0000003c   Code   RO         1167    i.vPortFree         heap_2.o
    0x00002d78   0x00000014   Code   RO         1112    i.vPortSetupTimerInterrupt  port.o
    0x00002d8c   0x00000070   Code   RO          818    i.vTaskDelayUntil   tasks.o
    0x00002dfc   0x0000000c   Code   RO          821    i.vTaskMissedYield  tasks.o
    0x00002e08   0x00000084   Code   RO          822    i.vTaskNotifyGiveFromISR  tasks.o
    0x00002e8c   0x00000050   Code   RO          823    i.vTaskPlaceOnEventList  tasks.o
    0x00002edc   0x00000084   Code   RO          825    i.vTaskPriorityInherit  tasks.o
    0x00002f60   0x00000070   Code   RO          827    i.vTaskResume       tasks.o
    0x00002fd0   0x00000010   Code   RO          829    i.vTaskSetTimeOutState  tasks.o
    0x00002fe0   0x00000054   Code   RO          830    i.vTaskStartScheduler  tasks.o
    0x00003034   0x000000a0   Code   RO          831    i.vTaskSuspend      tasks.o
    0x000030d4   0x00000010   Code   RO          832    i.vTaskSuspendAll   tasks.o
    0x000030e4   0x00000070   Code   RO          833    i.vTaskSwitchContext  tasks.o
    0x00003154   0x00000040   Code   RO         1113    i.xPortStartScheduler  port.o
    0x00003194   0x0000002c   Code   RO         1114    i.xPortSysTickHandler  port.o
    0x000031c0   0x0000004a   Code   RO          648    i.xQueueCreateMutex  queue.o
    0x0000320a   0x00000048   Code   RO          649    i.xQueueGenericCreate  queue.o
    0x00003252   0x00000002   PAD
    0x00003254   0x0000012c   Code   RO          650    i.xQueueGenericReceive  queue.o
    0x00003380   0x00000070   Code   RO          651    i.xQueueGenericReset  queue.o
    0x000033f0   0x00000100   Code   RO          652    i.xQueueGenericSend  queue.o
    0x000034f0   0x00000048   Code   RO          834    i.xTaskCheckForTimeOut  tasks.o
    0x00003538   0x00000188   Code   RO          835    i.xTaskGenericCreate  tasks.o
    0x000036c0   0x0000000c   Code   RO          839    i.xTaskGetTickCount  tasks.o
    0x000036cc   0x000000c0   Code   RO          841    i.xTaskIncrementTick  tasks.o
    0x0000378c   0x00000070   Code   RO          844    i.xTaskPriorityDisinherit  tasks.o
    0x000037fc   0x00000064   Code   RO          845    i.xTaskRemoveFromEventList  tasks.o
    0x00003860   0x000000b0   Code   RO          847    i.xTaskResumeAll    tasks.o
    0x00003910   0x0000001c   Data   RO         1205    .constdata          uartstdio.o
    0x0000392c   0x0000004c   Data   RO         1265    .constdata          ustdlib.o
    0x00003978   0x00000020   Data   RO         1384    .constdata          can.o
    0x00003998   0x00000210   Data   RO         1574    .constdata          driverlib.lib(gpio.o)
    0x00003ba8   0x0000010c   Data   RO         2188    .constdata          driverlib.lib(interrupt.o)
    0x00003cb4   0x00000254   Data   RO         2343    .constdata          driverlib.lib(sysctl.o)
    0x00003f08   0x00000056   Data   RO         3183    .constdata          mc_w.l(strftime.o)
    0x00003f5e   0x00000002   PAD
    0x00003f60   0x00000011   Data   RO         1206    .conststring        uartstdio.o
    0x00003f71   0x00000003   PAD
    0x00003f74   0x00000020   Data   RO         3212    Region$$Table       anon$$obj.o


    Execution Region RW_IRAM (Base: 0x20000000, Size: 0x00007f78, Max: 0x00008000, ABSOLUTE, COMPRESSED[0x00000024])

    Base Addr    Size         Type   Attr      Idx    E Section Name        Object

    0x20000000   0x00000054   Data   RW           18    .data               tank_monitor_ecu.o
    0x20000054   0x00000008   Data   RW          264    .data               btnmr.o
    0x2000005c   0x00000004   Data   RW          305    .data               cancom.o
    0x20000060   0x00000038   Data   RW          850    .data               tasks.o
    0x20000098   0x00000004   Data   RW         1115    .data               port.o
    0x2000009c   0x00000018   Data   RW         1171    .data               heap_2.o
    0x200000b4   0x00000008   Data   RW         1207    .data               uartstdio.o
    0x200000bc   0x00000008   Data   RW         1500    .data               buttonspoll_task.o
    0x200000c4   0x0000033c   PAD
    0x20000400   0x0000026c   Data   RW         2189    vtable              driverlib.lib(interrupt.o)
    0x2000066c   0x0000000c   Zero   RW          263    .bss                btnmr.o
    0x20000678   0x00000028   Zero   RW          304    .bss                cancom.o
    0x200006a0   0x000001a4   Zero   RW          849    .bss                tasks.o
    0x20000844   0x00007530   Zero   RW         1170    .bss                heap_2.o
    0x20007d74   0x00000004   PAD
    0x20007d78   0x00000200   Zero   RW         1358    STACK               startup_rvmdk.o


==============================================================================

Image component sizes


      Code (inc. data)   RO Data    RW Data    ZI Data      Debug   Object Name

       180         16          0          0          0       4106   btn.o
       276         18          0          8         12       3659   btnmr.o
       368         44          0          8          0       4089   buttonspoll_task.o
      1082         36         32          0          0      10350   can.o
       256         58          0          4         40       2370   cancom.o
       220         28          0          0          0       1584   delay.o
       240         12          0         24      30000       3459   heap_2.o
       464         18          0          0          0       4274   lcd20x04.o
       748        150          0          0          0       8466   lcdmr.o
       136          0          0          0          0       3514   list.o
       414         52          0          4          0       7728   port.o
      1062         14          0          0          0      17726   queue.o
       128         12          0          0          0       2201   rtc.o
       648        622          0          0        512        224   startup_rvmdk.o
      2356        490          0         84          0      37314   tank_monitor_ecu.o
      2414        226          0         56        420      31533   tasks.o
       606         30         45          8          0       5224   uartstdio.o
       304         10         76          0          0       3170   ustdlib.o

    ----------------------------------------------------------------------
     11924       1836        188       1024      30988     150991   Object Totals
         0          0         32          0          0          0   (incl. Generated)
        22          0          3        828          4          0   (incl. Padding)

    ----------------------------------------------------------------------

      Code (inc. data)   RO Data    RW Data    ZI Data      Debug   Library Member Name

       488          8        528          0          0       8165   gpio.o
       192         40          0          0          0       4515   hibernate.o
       152         16        268        620          0       2150   interrupt.o
       674         58        596          0          0       4395   sysctl.o
         6          0          0          0          0        502   timer.o
         6          0          0          0          0        497   uart.o
        58          0          0          0          0          0   __dczerorl.o
         0          0          0          0          0          0   entry.o
         0          0          0          0          0          0   entry10a.o
         0          0          0          0          0          0   entry11a.o
         8          4          0          0          0          0   entry2.o
         4          0          0          0          0          0   entry5.o
         0          0          0          0          0          0   entry7b.o
         0          0          0          0          0          0   entry8b.o
         8          4          0          0          0          0   entry9a.o
        30          0          0          0          0          0   handlers.o
        36          8          0          0          0         68   init.o
        36          0          0          0          0         68   memcpya.o
        36          0          0          0          0        108   memseta.o
       916        264         86          0          0        144   strftime.o
        24          0          0          0          0         76   strncpy.o

    ----------------------------------------------------------------------
      2684        402       1480        620          0      20688   Library Totals
        10          0          2          0          0          0   (incl. Padding)

    ----------------------------------------------------------------------

      Code (inc. data)   RO Data    RW Data    ZI Data      Debug   Library Name

      1518        122       1392        620          0      20224   driverlib.lib
      1156        280         86          0          0        464   mc_w.l

    ----------------------------------------------------------------------
      2684        402       1480        620          0      20688   Library Totals

    ----------------------------------------------------------------------

==============================================================================


      Code (inc. data)   RO Data    RW Data    ZI Data      Debug   

     14608       2238       1668       1644      30988     157859   Grand Totals
     14608       2238       1668         36      30988     157859   ELF Image Totals (compressed)
     14608       2238       1668         36          0          0   ROM Totals

==============================================================================

    Total RO  Size (Code + RO Data)                16276 (  15.89kB)
    Total RW  Size (RW Data + ZI Data)             32632 (  31.87kB)
    Total ROM Size (Code + RO Data + RW Data)      16312 (  15.93kB)

==============================================================================

